=== GENERATING: build.linux64-release/make/pkg.in.defs
=== GENERATING: build.linux64-release/make/pak.in.defs
mkdir -p build.linux64-release/base/base64/
mkdir -p build.linux64-release/base/lua/
mkdir -p build.linux64-release/base/public.h.gch/
mkdir -p build.linux64-release/base/str/
mkdir -p build.linux64-release/base/text/
mkdir -p build.linux64-release/cgame/
mkdir -p build.linux64-release/cgame/bgame/
mkdir -p build.linux64-release/cgame/bgame/cvar/
mkdir -p build.linux64-release/cgame/bgame/impl.h.gch/
mkdir -p build.linux64-release/cgame/bgame/linux/
mkdir -p build.linux64-release/cgame/bgame/str/
mkdir -p build.linux64-release/cgame/cgame/
mkdir -p build.linux64-release/cgame/cgame/cvar/
mkdir -p build.linux64-release/cgame/cgame/jxac/
mkdir -p build.linux64-release/cgame/cgame/linux/
mkdir -p build.linux64-release/cgame/ui/
mkdir -p build.linux64-release/doc/en/
mkdir -p build.linux64-release/doc/en/figures/
mkdir -p build.linux64-release/doc/en/html/
mkdir -p build.linux64-release/doc/en/images/
mkdir -p build.linux64-release/doc/en/styles/
mkdir -p build.linux64-release/final/pak/
mkdir -p build.linux64-release/final/xmod-2.0.2/
mkdir -p build.linux64-release/final/xmod-2.0.2/doc/
mkdir -p build.linux64-release/game/
mkdir -p build.linux64-release/game/bgame/
mkdir -p build.linux64-release/game/bgame/cvar/
mkdir -p build.linux64-release/game/bgame/impl.h.gch/
mkdir -p build.linux64-release/game/bgame/linux/
mkdir -p build.linux64-release/game/bgame/str/
mkdir -p build.linux64-release/game/game/
mkdir -p build.linux64-release/game/game/cmd/
mkdir -p build.linux64-release/game/game/cvar/
mkdir -p build.linux64-release/game/game/jxac/
mkdir -p build.linux64-release/game/game/str/
mkdir -p build.linux64-release/game/omnibot/common/
mkdir -p build.linux64-release/game/omnibot/et/
mkdir -p build.linux64-release/lua/
mkdir -p build.linux64-release/m4/
mkdir -p build.linux64-release/pak/
mkdir -p build.linux64-release/pak/animations/
mkdir -p build.linux64-release/pak/animations/human/base/
mkdir -p build.linux64-release/pak/animations/scripts/
mkdir -p build.linux64-release/pak/characters/temperate/allied/
mkdir -p build.linux64-release/pak/characters/temperate/axis/
mkdir -p build.linux64-release/pak/fonts/
mkdir -p build.linux64-release/pak/gfx/flags/
mkdir -p build.linux64-release/pak/gfx/hud/fireteam/
mkdir -p build.linux64-release/pak/gfx/hud/gamestate/
mkdir -p build.linux64-release/pak/gfx/limbo/
mkdir -p build.linux64-release/pak/icons/
mkdir -p build.linux64-release/pak/maps/
mkdir -p build.linux64-release/pak/models/gibs/
mkdir -p build.linux64-release/pak/models/multiplayer/adrenaline_share/
mkdir -p build.linux64-release/pak/models/multiplayer/bomb/
mkdir -p build.linux64-release/pak/models/multiplayer/knife/
mkdir -p build.linux64-release/pak/models/multiplayer/landmine/
mkdir -p build.linux64-release/pak/models/multiplayer/landmine_bbetty/
mkdir -p build.linux64-release/pak/models/multiplayer/landmine_pgas/
mkdir -p build.linux64-release/pak/models/multiplayer/molotov/
mkdir -p build.linux64-release/pak/models/multiplayer/poison/
mkdir -p build.linux64-release/pak/models/multiplayer/poison_gas/
mkdir -p build.linux64-release/pak/models/multiplayer/tripmine/
mkdir -p build.linux64-release/pak/models/players/temperate/common/
mkdir -p build.linux64-release/pak/models/polygons/
mkdir -p build.linux64-release/pak/models/weapons2/m97/
mkdir -p build.linux64-release/pak/models/weapons2/ppsh/
mkdir -p build.linux64-release/pak/models/weapons2/shells/
mkdir -p build.linux64-release/pak/models/weapons2/sten/
mkdir -p build.linux64-release/pak/models/weapons2/tripmine/
mkdir -p build.linux64-release/pak/scripts/
mkdir -p build.linux64-release/pak/sound/hitsounds/
mkdir -p build.linux64-release/pak/sound/killingspree/
mkdir -p build.linux64-release/pak/sound/multikill/
mkdir -p build.linux64-release/pak/sound/multirevive/
mkdir -p build.linux64-release/pak/sound/osp/
mkdir -p build.linux64-release/pak/sound/poison_gas/
mkdir -p build.linux64-release/pak/sound/weapons/landmine/
mkdir -p build.linux64-release/pak/sound/weapons/m97/
mkdir -p build.linux64-release/pak/sound/weapons/misc/
mkdir -p build.linux64-release/pak/sound/weapons/molotov/
mkdir -p build.linux64-release/pak/sound/weapons/ppsh/
mkdir -p build.linux64-release/pak/sound/xmod/
mkdir -p build.linux64-release/pak/sprites/
mkdir -p build.linux64-release/pak/ui/
mkdir -p build.linux64-release/pak/ui/assets/
mkdir -p build.linux64-release/pak/watermark/
mkdir -p build.linux64-release/pak/weapons/
mkdir -p build.linux64-release/sqlite3/
mkdir -p build.linux64-release/ui/
mkdir -p build.linux64-release/ui/bgame/
mkdir -p build.linux64-release/ui/bgame/cvar/
mkdir -p build.linux64-release/ui/bgame/impl.h.gch/
mkdir -p build.linux64-release/ui/bgame/linux/
mkdir -p build.linux64-release/ui/ui/
mkdir -p build.linux64-release/ui/ui/cvar/
mkdir -p build.linux64-release/xmod-2.0.2/
mkdir -p build.linux64-release/xmod-2.0.2/jxac/
mkdir -p build.linux64-release/xmod-2.0.2/linux/
mkdir -p build.linux64-release/xmod-2.0.2/mapscripts/
=== GENERATING: build.linux64-release/m4/project.m4
/usr/bin/g++ -pipe -Wall -Winvalid-pch -Wno-write-strings -fmessage-length=0 -m64 -fno-exceptions -fno-rtti -fno-strict-aliasing -fPIC -O3 -march=x86-64 -ffast-math -DXMOD_LINUX64 -DLUA_USE_LINUX -I./build.linux64-release/ -I./src -I./pak -c src/lua/lapi.c -o build.linux64-release/lua/lapi.o
/usr/bin/g++ -pipe -Wall -Winvalid-pch -Wno-write-strings -fmessage-length=0 -m64 -fno-exceptions -fno-rtti -fno-strict-aliasing -fPIC -O3 -march=x86-64 -ffast-math -DXMOD_LINUX64 -DLUA_USE_LINUX -I./build.linux64-release/ -I./src -I./pak -c src/lua/lcode.c -o build.linux64-release/lua/lcode.o
/usr/bin/g++ -pipe -Wall -Winvalid-pch -Wno-write-strings -fmessage-length=0 -m64 -fno-exceptions -fno-rtti -fno-strict-aliasing -fPIC -O3 -march=x86-64 -ffast-math -DXMOD_LINUX64 -DLUA_USE_LINUX -I./build.linux64-release/ -I./src -I./pak -c src/lua/lctype.c -o build.linux64-release/lua/lctype.o
/usr/bin/g++ -pipe -Wall -Winvalid-pch -Wno-write-strings -fmessage-length=0 -m64 -fno-exceptions -fno-rtti -fno-strict-aliasing -fPIC -O3 -march=x86-64 -ffast-math -DXMOD_LINUX64 -DLUA_USE_LINUX -I./build.linux64-release/ -I./src -I./pak -c src/lua/ldebug.c -o build.linux64-release/lua/ldebug.o
/usr/bin/g++ -pipe -Wall -Winvalid-pch -Wno-write-strings -fmessage-length=0 -m64 -fno-exceptions -fno-rtti -fno-strict-aliasing -fPIC -O3 -march=x86-64 -ffast-math -DXMOD_LINUX64 -DLUA_USE_LINUX -I./build.linux64-release/ -I./src -I./pak -c src/lua/ldo.c -o build.linux64-release/lua/ldo.o
/usr/bin/g++ -pipe -Wall -Winvalid-pch -Wno-write-strings -fmessage-length=0 -m64 -fno-exceptions -fno-rtti -fno-strict-aliasing -fPIC -O3 -march=x86-64 -ffast-math -DXMOD_LINUX64 -DLUA_USE_LINUX -I./build.linux64-release/ -I./src -I./pak -c src/lua/ldump.c -o build.linux64-release/lua/ldump.o
/usr/bin/g++ -pipe -Wall -Winvalid-pch -Wno-write-strings -fmessage-length=0 -m64 -fno-exceptions -fno-rtti -fno-strict-aliasing -fPIC -O3 -march=x86-64 -ffast-math -DXMOD_LINUX64 -DLUA_USE_LINUX -I./build.linux64-release/ -I./src -I./pak -c src/lua/lfunc.c -o build.linux64-release/lua/lfunc.o
/usr/bin/g++ -pipe -Wall -Winvalid-pch -Wno-write-strings -fmessage-length=0 -m64 -fno-exceptions -fno-rtti -fno-strict-aliasing -fPIC -O3 -march=x86-64 -ffast-math -DXMOD_LINUX64 -DLUA_USE_LINUX -I./build.linux64-release/ -I./src -I./pak -c src/lua/lgc.c -o build.linux64-release/lua/lgc.o
/usr/bin/g++ -pipe -Wall -Winvalid-pch -Wno-write-strings -fmessage-length=0 -m64 -fno-exceptions -fno-rtti -fno-strict-aliasing -fPIC -O3 -march=x86-64 -ffast-math -DXMOD_LINUX64 -DLUA_USE_LINUX -I./build.linux64-release/ -I./src -I./pak -c src/lua/llex.c -o build.linux64-release/lua/llex.o
/usr/bin/g++ -pipe -Wall -Winvalid-pch -Wno-write-strings -fmessage-length=0 -m64 -fno-exceptions -fno-rtti -fno-strict-aliasing -fPIC -O3 -march=x86-64 -ffast-math -DXMOD_LINUX64 -DLUA_USE_LINUX -I./build.linux64-release/ -I./src -I./pak -c src/lua/lmem.c -o build.linux64-release/lua/lmem.o
/usr/bin/g++ -pipe -Wall -Winvalid-pch -Wno-write-strings -fmessage-length=0 -m64 -fno-exceptions -fno-rtti -fno-strict-aliasing -fPIC -O3 -march=x86-64 -ffast-math -DXMOD_LINUX64 -DLUA_USE_LINUX -I./build.linux64-release/ -I./src -I./pak -c src/lua/lobject.c -o build.linux64-release/lua/lobject.o
/usr/bin/g++ -pipe -Wall -Winvalid-pch -Wno-write-strings -fmessage-length=0 -m64 -fno-exceptions -fno-rtti -fno-strict-aliasing -fPIC -O3 -march=x86-64 -ffast-math -DXMOD_LINUX64 -DLUA_USE_LINUX -I./build.linux64-release/ -I./src -I./pak -c src/lua/lopcodes.c -o build.linux64-release/lua/lopcodes.o
/usr/bin/g++ -pipe -Wall -Winvalid-pch -Wno-write-strings -fmessage-length=0 -m64 -fno-exceptions -fno-rtti -fno-strict-aliasing -fPIC -O3 -march=x86-64 -ffast-math -DXMOD_LINUX64 -DLUA_USE_LINUX -I./build.linux64-release/ -I./src -I./pak -c src/lua/lparser.c -o build.linux64-release/lua/lparser.o
/usr/bin/g++ -pipe -Wall -Winvalid-pch -Wno-write-strings -fmessage-length=0 -m64 -fno-exceptions -fno-rtti -fno-strict-aliasing -fPIC -O3 -march=x86-64 -ffast-math -DXMOD_LINUX64 -DLUA_USE_LINUX -I./build.linux64-release/ -I./src -I./pak -c src/lua/lstate.c -o build.linux64-release/lua/lstate.o
/usr/bin/g++ -pipe -Wall -Winvalid-pch -Wno-write-strings -fmessage-length=0 -m64 -fno-exceptions -fno-rtti -fno-strict-aliasing -fPIC -O3 -march=x86-64 -ffast-math -DXMOD_LINUX64 -DLUA_USE_LINUX -I./build.linux64-release/ -I./src -I./pak -c src/lua/lstring.c -o build.linux64-release/lua/lstring.o
/usr/bin/g++ -pipe -Wall -Winvalid-pch -Wno-write-strings -fmessage-length=0 -m64 -fno-exceptions -fno-rtti -fno-strict-aliasing -fPIC -O3 -march=x86-64 -ffast-math -DXMOD_LINUX64 -DLUA_USE_LINUX -I./build.linux64-release/ -I./src -I./pak -c src/lua/ltable.c -o build.linux64-release/lua/ltable.o
/usr/bin/g++ -pipe -Wall -Winvalid-pch -Wno-write-strings -fmessage-length=0 -m64 -fno-exceptions -fno-rtti -fno-strict-aliasing -fPIC -O3 -march=x86-64 -ffast-math -DXMOD_LINUX64 -DLUA_USE_LINUX -I./build.linux64-release/ -I./src -I./pak -c src/lua/ltm.c -o build.linux64-release/lua/ltm.o
/usr/bin/g++ -pipe -Wall -Winvalid-pch -Wno-write-strings -fmessage-length=0 -m64 -fno-exceptions -fno-rtti -fno-strict-aliasing -fPIC -O3 -march=x86-64 -ffast-math -DXMOD_LINUX64 -DLUA_USE_LINUX -I./build.linux64-release/ -I./src -I./pak -c src/lua/lundump.c -o build.linux64-release/lua/lundump.o
/usr/bin/g++ -pipe -Wall -Winvalid-pch -Wno-write-strings -fmessage-length=0 -m64 -fno-exceptions -fno-rtti -fno-strict-aliasing -fPIC -O3 -march=x86-64 -ffast-math -DXMOD_LINUX64 -DLUA_USE_LINUX -I./build.linux64-release/ -I./src -I./pak -c src/lua/lvm.c -o build.linux64-release/lua/lvm.o
/usr/bin/g++ -pipe -Wall -Winvalid-pch -Wno-write-strings -fmessage-length=0 -m64 -fno-exceptions -fno-rtti -fno-strict-aliasing -fPIC -O3 -march=x86-64 -ffast-math -DXMOD_LINUX64 -DLUA_USE_LINUX -I./build.linux64-release/ -I./src -I./pak -c src/lua/lzio.c -o build.linux64-release/lua/lzio.o
/usr/bin/g++ -pipe -Wall -Winvalid-pch -Wno-write-strings -fmessage-length=0 -m64 -fno-exceptions -fno-rtti -fno-strict-aliasing -fPIC -O3 -march=x86-64 -ffast-math -DXMOD_LINUX64 -DLUA_USE_LINUX -I./build.linux64-release/ -I./src -I./pak -c src/lua/lauxlib.c -o build.linux64-release/lua/lauxlib.o
/usr/bin/g++ -pipe -Wall -Winvalid-pch -Wno-write-strings -fmessage-length=0 -m64 -fno-exceptions -fno-rtti -fno-strict-aliasing -fPIC -O3 -march=x86-64 -ffast-math -DXMOD_LINUX64 -DLUA_USE_LINUX -I./build.linux64-release/ -I./src -I./pak -c src/lua/lbaselib.c -o build.linux64-release/lua/lbaselib.o
/usr/bin/g++ -pipe -Wall -Winvalid-pch -Wno-write-strings -fmessage-length=0 -m64 -fno-exceptions -fno-rtti -fno-strict-aliasing -fPIC -O3 -march=x86-64 -ffast-math -DXMOD_LINUX64 -DLUA_USE_LINUX -I./build.linux64-release/ -I./src -I./pak -c src/lua/lcorolib.c -o build.linux64-release/lua/lcorolib.o
/usr/bin/g++ -pipe -Wall -Winvalid-pch -Wno-write-strings -fmessage-length=0 -m64 -fno-exceptions -fno-rtti -fno-strict-aliasing -fPIC -O3 -march=x86-64 -ffast-math -DXMOD_LINUX64 -DLUA_USE_LINUX -I./build.linux64-release/ -I./src -I./pak -c src/lua/ldblib.c -o build.linux64-release/lua/ldblib.o
/usr/bin/g++ -pipe -Wall -Winvalid-pch -Wno-write-strings -fmessage-length=0 -m64 -fno-exceptions -fno-rtti -fno-strict-aliasing -fPIC -O3 -march=x86-64 -ffast-math -DXMOD_LINUX64 -DLUA_USE_LINUX -I./build.linux64-release/ -I./src -I./pak -c src/lua/liolib.c -o build.linux64-release/lua/liolib.o
/usr/bin/g++ -pipe -Wall -Winvalid-pch -Wno-write-strings -fmessage-length=0 -m64 -fno-exceptions -fno-rtti -fno-strict-aliasing -fPIC -O3 -march=x86-64 -ffast-math -DXMOD_LINUX64 -DLUA_USE_LINUX -I./build.linux64-release/ -I./src -I./pak -c src/lua/lmathlib.c -o build.linux64-release/lua/lmathlib.o
/usr/bin/g++ -pipe -Wall -Winvalid-pch -Wno-write-strings -fmessage-length=0 -m64 -fno-exceptions -fno-rtti -fno-strict-aliasing -fPIC -O3 -march=x86-64 -ffast-math -DXMOD_LINUX64 -DLUA_USE_LINUX -I./build.linux64-release/ -I./src -I./pak -c src/lua/loslib.c -o build.linux64-release/lua/loslib.o
/usr/bin/g++ -pipe -Wall -Winvalid-pch -Wno-write-strings -fmessage-length=0 -m64 -fno-exceptions -fno-rtti -fno-strict-aliasing -fPIC -O3 -march=x86-64 -ffast-math -DXMOD_LINUX64 -DLUA_USE_LINUX -I./build.linux64-release/ -I./src -I./pak -c src/lua/ltablib.c -o build.linux64-release/lua/ltablib.o
/usr/bin/g++ -pipe -Wall -Winvalid-pch -Wno-write-strings -fmessage-length=0 -m64 -fno-exceptions -fno-rtti -fno-strict-aliasing -fPIC -O3 -march=x86-64 -ffast-math -DXMOD_LINUX64 -DLUA_USE_LINUX -I./build.linux64-release/ -I./src -I./pak -c src/lua/lstrlib.c -o build.linux64-release/lua/lstrlib.o
/usr/bin/g++ -pipe -Wall -Winvalid-pch -Wno-write-strings -fmessage-length=0 -m64 -fno-exceptions -fno-rtti -fno-strict-aliasing -fPIC -O3 -march=x86-64 -ffast-math -DXMOD_LINUX64 -DLUA_USE_LINUX -I./build.linux64-release/ -I./src -I./pak -c src/lua/lutf8lib.c -o build.linux64-release/lua/lutf8lib.o
/usr/bin/g++ -pipe -Wall -Winvalid-pch -Wno-write-strings -fmessage-length=0 -m64 -fno-exceptions -fno-rtti -fno-strict-aliasing -fPIC -O3 -march=x86-64 -ffast-math -DXMOD_LINUX64 -DLUA_USE_LINUX -I./build.linux64-release/ -I./src -I./pak -c src/lua/loadlib.c -o build.linux64-release/lua/loadlib.o
/usr/bin/g++ -pipe -Wall -Winvalid-pch -Wno-write-strings -fmessage-length=0 -m64 -fno-exceptions -fno-rtti -fno-strict-aliasing -fPIC -O3 -march=x86-64 -ffast-math -DXMOD_LINUX64 -DLUA_USE_LINUX -I./build.linux64-release/ -I./src -I./pak -c src/lua/linit.c -o build.linux64-release/lua/linit.o
/usr/bin/ar cq build.linux64-release/lua/liblua.a build.linux64-release/lua/lapi.o build.linux64-release/lua/lcode.o build.linux64-release/lua/lctype.o build.linux64-release/lua/ldebug.o build.linux64-release/lua/ldo.o build.linux64-release/lua/ldump.o build.linux64-release/lua/lfunc.o build.linux64-release/lua/lgc.o build.linux64-release/lua/llex.o build.linux64-release/lua/lmem.o build.linux64-release/lua/lobject.o build.linux64-release/lua/lopcodes.o build.linux64-release/lua/lparser.o build.linux64-release/lua/lstate.o build.linux64-release/lua/lstring.o build.linux64-release/lua/ltable.o build.linux64-release/lua/ltm.o build.linux64-release/lua/lundump.o build.linux64-release/lua/lvm.o build.linux64-release/lua/lzio.o build.linux64-release/lua/lauxlib.o build.linux64-release/lua/lbaselib.o build.linux64-release/lua/lcorolib.o build.linux64-release/lua/ldblib.o build.linux64-release/lua/liolib.o build.linux64-release/lua/lmathlib.o build.linux64-release/lua/loslib.o build.linux64-release/lua/ltablib.o build.linux64-release/lua/lstrlib.o build.linux64-release/lua/lutf8lib.o build.linux64-release/lua/loadlib.o build.linux64-release/lua/linit.o
/usr/bin/g++ -pipe -m64 -fPIC -O3 -march=x86-64 -ffast-math -DSQLITE_THREADSAFE=0 -DSQLITE_OMIT_LOAD_EXTENSION -x c -c src/sqlite3/sqlite3.c -o build.linux64-release/sqlite3/sqlite3.o
/usr/bin/ar cq build.linux64-release/sqlite3/libsqlite3.a build.linux64-release/sqlite3/sqlite3.o
/usr/bin/g++ -pipe -Wall -Winvalid-pch -Wno-write-strings -fmessage-length=0 -m64 -fno-exceptions -fno-rtti -fno-strict-aliasing -fPIC -O3 -march=x86-64 -ffast-math -DXMOD_LINUX64 -I./build.linux64-release/ -I./src -I./pak -c src/base/public.h -o build.linux64-release/base/public.h.gch/default
/usr/bin/g++ -pipe -Wall -Winvalid-pch -Wno-write-strings -fmessage-length=0 -m64 -fno-exceptions -fno-rtti -fno-strict-aliasing -fPIC -O3 -march=x86-64 -ffast-math -DXMOD_LINUX64 -I./build.linux64-release/ -I./src -I./pak -c src/base/base64/cksum.cpp -o build.linux64-release/base/base64/cksum.o
/usr/bin/g++ -pipe -Wall -Winvalid-pch -Wno-write-strings -fmessage-length=0 -m64 -fno-exceptions -fno-rtti -fno-strict-aliasing -fPIC -O3 -march=x86-64 -ffast-math -DXMOD_LINUX64 -I./build.linux64-release/ -I./src -I./pak -c src/base/base64/util.cpp -o build.linux64-release/base/base64/util.o
/usr/bin/g++ -pipe -Wall -Winvalid-pch -Wno-write-strings -fmessage-length=0 -m64 -fno-exceptions -fno-rtti -fno-strict-aliasing -fPIC -O3 -march=x86-64 -ffast-math -DXMOD_LINUX64 -I./build.linux64-release/ -I./src -I./pak -c src/base/lua/LuaContext.cpp -o build.linux64-release/base/lua/LuaContext.o
/usr/bin/g++ -pipe -Wall -Winvalid-pch -Wno-write-strings -fmessage-length=0 -m64 -fno-exceptions -fno-rtti -fno-strict-aliasing -fPIC -O3 -march=x86-64 -ffast-math -DXMOD_LINUX64 -I./build.linux64-release/ -I./src -I./pak -c src/base/str/util.cpp -o build.linux64-release/base/str/util.o
/usr/bin/g++ -pipe -Wall -Winvalid-pch -Wno-write-strings -fmessage-length=0 -m64 -fno-exceptions -fno-rtti -fno-strict-aliasing -fPIC -O3 -march=x86-64 -ffast-math -DXMOD_LINUX64 -I./build.linux64-release/ -I./src -I./pak -c src/base/text/AbstractDevice.cpp -o build.linux64-release/base/text/AbstractDevice.o
/usr/bin/g++ -pipe -Wall -Winvalid-pch -Wno-write-strings -fmessage-length=0 -m64 -fno-exceptions -fno-rtti -fno-strict-aliasing -fPIC -O3 -march=x86-64 -ffast-math -DXMOD_LINUX64 -I./build.linux64-release/ -I./src -I./pak -c src/base/text/Buffer.cpp -o build.linux64-release/base/text/Buffer.o
/usr/bin/g++ -pipe -Wall -Winvalid-pch -Wno-write-strings -fmessage-length=0 -m64 -fno-exceptions -fno-rtti -fno-strict-aliasing -fPIC -O3 -march=x86-64 -ffast-math -DXMOD_LINUX64 -I./build.linux64-release/ -I./src -I./pak -c src/base/text/ETDevice.cpp -o build.linux64-release/base/text/ETDevice.o
/usr/bin/g++ -pipe -Wall -Winvalid-pch -Wno-write-strings -fmessage-length=0 -m64 -fno-exceptions -fno-rtti -fno-strict-aliasing -fPIC -O3 -march=x86-64 -ffast-math -DXMOD_LINUX64 -I./build.linux64-release/ -I./src -I./pak -c src/base/text/InlineText.cpp -o build.linux64-release/base/text/InlineText.o
/usr/bin/g++ -pipe -Wall -Winvalid-pch -Wno-write-strings -fmessage-length=0 -m64 -fno-exceptions -fno-rtti -fno-strict-aliasing -fPIC -O3 -march=x86-64 -ffast-math -DXMOD_LINUX64 -I./build.linux64-release/ -I./src -I./pak -c src/base/text/Manipulator.cpp -o build.linux64-release/base/text/Manipulator.o
/usr/bin/g++ -pipe -Wall -Winvalid-pch -Wno-write-strings -fmessage-length=0 -m64 -fno-exceptions -fno-rtti -fno-strict-aliasing -fPIC -O3 -march=x86-64 -ffast-math -DXMOD_LINUX64 -I./build.linux64-release/ -I./src -I./pak -c src/base/text/TerminalDevice.cpp -o build.linux64-release/base/text/TerminalDevice.o
/usr/bin/ar cq build.linux64-release/base/libbase.a build.linux64-release/base/base64/cksum.o build.linux64-release/base/base64/util.o build.linux64-release/base/lua/LuaContext.o build.linux64-release/base/str/util.o build.linux64-release/base/text/AbstractDevice.o build.linux64-release/base/text/Buffer.o build.linux64-release/base/text/ETDevice.o build.linux64-release/base/text/InlineText.o build.linux64-release/base/text/Manipulator.o build.linux64-release/base/text/TerminalDevice.o
/usr/bin/g++ -pipe -Wall -Winvalid-pch -Wno-write-strings -fmessage-length=0 -m64 -fno-exceptions -fno-rtti -fno-strict-aliasing -fPIC -O3 -march=x86-64 -ffast-math -DXMOD_LINUX64 -DCGAMEDLL -I./build.linux64-release/cgame -I./build.linux64-release/ -I./src -I./pak -c src/bgame/impl.h -o build.linux64-release/cgame/bgame/impl.h.gch/default
/usr/bin/g++ -pipe -Wall -Winvalid-pch -Wno-write-strings -fmessage-length=0 -m64 -fno-exceptions -fno-rtti -fno-strict-aliasing -fPIC -O3 -march=x86-64 -ffast-math -DXMOD_LINUX64 -DCGAMEDLL -I./build.linux64-release/cgame -I./build.linux64-release/ -I./src -I./pak -c src/bgame/Engine.cpp -o build.linux64-release/cgame/bgame/Engine.o
/usr/bin/g++ -pipe -Wall -Winvalid-pch -Wno-write-strings -fmessage-length=0 -m64 -fno-exceptions -fno-rtti -fno-strict-aliasing -fPIC -O3 -march=x86-64 -ffast-math -DXMOD_LINUX64 -DCGAMEDLL -I./build.linux64-release/cgame -I./build.linux64-release/ -I./src -I./pak -c src/bgame/Process.cpp -o build.linux64-release/cgame/bgame/Process.o
/usr/bin/g++ -pipe -Wall -Winvalid-pch -Wno-write-strings -fmessage-length=0 -m64 -fno-exceptions -fno-rtti -fno-strict-aliasing -fPIC -O3 -march=x86-64 -ffast-math -DXMOD_LINUX64 -DCGAMEDLL -I./build.linux64-release/cgame -I./build.linux64-release/ -I./src -I./pak -c src/bgame/SampledStat.cpp -o build.linux64-release/cgame/bgame/SampledStat.o
/usr/bin/g++ -pipe -Wall -Winvalid-pch -Wno-write-strings -fmessage-length=0 -m64 -fno-exceptions -fno-rtti -fno-strict-aliasing -fPIC -O3 -march=x86-64 -ffast-math -DXMOD_LINUX64 -DCGAMEDLL -I./build.linux64-release/cgame -I./build.linux64-release/ -I./src -I./pak -c src/bgame/bg_animation.cpp -o build.linux64-release/cgame/bgame/bg_animation.o
src/bgame/bg_animation.cpp: In function ‘void BG_ParseConditionBits(char**, animStringItem_t*, int, int*)’:
src/bgame/bg_animation.cpp:581:35: warning: ‘sizeof’ on array function parameter ‘result’ will return size of ‘int*’ [-Wsizeof-array-argument]
  581 |         memset( result, 0, sizeof(result) );
      |                                  ~^~~~~~~
src/bgame/bg_animation.cpp:570:95: note: declared here
  570 | void BG_ParseConditionBits( char **text_pp, animStringItem_t *stringTable, int condIndex, int result[2] )
      |                                                                                           ~~~~^~~~~~~~~
src/bgame/bg_animation.cpp:581:28: warning: argument to ‘sizeof’ in ‘void* memset(void*, int, size_t)’ call is the same expression as the destination; did you mean to dereference it? [-Wsizeof-pointer-memaccess]
  581 |         memset( result, 0, sizeof(result) );
      |                            ^~~~~~~~~~~~~~
src/bgame/bg_animation.cpp: In function ‘void BG_ParseCommands(char**, animScriptItem_t*, animModelInfo_t*, animScriptData_t*)’:
src/bgame/bg_animation.cpp:774:45: warning: argument to ‘sizeof’ in ‘void* memset(void*, int, size_t)’ call is the same expression as the destination; did you mean to dereference it? [-Wsizeof-pointer-memaccess]
  774 |                         memset( command, 0, sizeof(command) );
      |                                             ^~~~~~~~~~~~~~~
/usr/bin/g++ -pipe -Wall -Winvalid-pch -Wno-write-strings -fmessage-length=0 -m64 -fno-exceptions -fno-rtti -fno-strict-aliasing -fPIC -O3 -march=x86-64 -ffast-math -DXMOD_LINUX64 -DCGAMEDLL -I./build.linux64-release/cgame -I./build.linux64-release/ -I./src -I./pak -c src/bgame/bg_animgroup.cpp -o build.linux64-release/cgame/bgame/bg_animgroup.o
/usr/bin/g++ -pipe -Wall -Winvalid-pch -Wno-write-strings -fmessage-length=0 -m64 -fno-exceptions -fno-rtti -fno-strict-aliasing -fPIC -O3 -march=x86-64 -ffast-math -DXMOD_LINUX64 -DCGAMEDLL -I./build.linux64-release/cgame -I./build.linux64-release/ -I./src -I./pak -c src/bgame/bg_attack2.cpp -o build.linux64-release/cgame/bgame/bg_attack2.o
/usr/bin/g++ -pipe -Wall -Winvalid-pch -Wno-write-strings -fmessage-length=0 -m64 -fno-exceptions -fno-rtti -fno-strict-aliasing -fPIC -O3 -march=x86-64 -ffast-math -DXMOD_LINUX64 -DCGAMEDLL -I./build.linux64-release/cgame -I./build.linux64-release/ -I./src -I./pak -c src/bgame/bg_character.cpp -o build.linux64-release/cgame/bgame/bg_character.o
/usr/bin/g++ -pipe -Wall -Winvalid-pch -Wno-write-strings -fmessage-length=0 -m64 -fno-exceptions -fno-rtti -fno-strict-aliasing -fPIC -O3 -march=x86-64 -ffast-math -DXMOD_LINUX64 -DCGAMEDLL -I./build.linux64-release/cgame -I./build.linux64-release/ -I./src -I./pak -c src/bgame/bg_classes.cpp -o build.linux64-release/cgame/bgame/bg_classes.o
/usr/bin/g++ -pipe -Wall -Winvalid-pch -Wno-write-strings -fmessage-length=0 -m64 -fno-exceptions -fno-rtti -fno-strict-aliasing -fPIC -O3 -march=x86-64 -ffast-math -DXMOD_LINUX64 -DCGAMEDLL -I./build.linux64-release/cgame -I./build.linux64-release/ -I./src -I./pak -c src/bgame/bg_misc.cpp -o build.linux64-release/cgame/bgame/bg_misc.o
/usr/bin/g++ -pipe -Wall -Winvalid-pch -Wno-write-strings -fmessage-length=0 -m64 -fno-exceptions -fno-rtti -fno-strict-aliasing -fPIC -O3 -march=x86-64 -ffast-math -DXMOD_LINUX64 -DCGAMEDLL -I./build.linux64-release/cgame -I./build.linux64-release/ -I./src -I./pak -c src/bgame/bg_molotov.cpp -o build.linux64-release/cgame/bgame/bg_molotov.o
/usr/bin/g++ -pipe -Wall -Winvalid-pch -Wno-write-strings -fmessage-length=0 -m64 -fno-exceptions -fno-rtti -fno-strict-aliasing -fPIC -O3 -march=x86-64 -ffast-math -DXMOD_LINUX64 -DCGAMEDLL -I./build.linux64-release/cgame -I./build.linux64-release/ -I./src -I./pak -c src/bgame/bg_pmove.cpp -o build.linux64-release/cgame/bgame/bg_pmove.o
src/bgame/bg_pmove.cpp: In function ‘void PM_Weapon()’:
src/bgame/bg_pmove.cpp:4831:23: warning: variable ‘bckmove_knockback’ set but not used [-Wunused-but-set-variable]
 4831 |                 float bckmove_knockback = 0.f;
      |                       ^~~~~~~~~~~~~~~~~
/usr/bin/g++ -pipe -Wall -Winvalid-pch -Wno-write-strings -fmessage-length=0 -m64 -fno-exceptions -fno-rtti -fno-strict-aliasing -fPIC -O3 -march=x86-64 -ffast-math -DXMOD_LINUX64 -DCGAMEDLL -I./build.linux64-release/cgame -I./build.linux64-release/ -I./src -I./pak -c src/bgame/bg_slidemove.cpp -o build.linux64-release/cgame/bgame/bg_slidemove.o
/usr/bin/g++ -pipe -Wall -Winvalid-pch -Wno-write-strings -fmessage-length=0 -m64 -fno-exceptions -fno-rtti -fno-strict-aliasing -fPIC -O3 -march=x86-64 -ffast-math -DXMOD_LINUX64 -DCGAMEDLL -I./build.linux64-release/cgame -I./build.linux64-release/ -I./src -I./pak -c src/bgame/bg_sscript.cpp -o build.linux64-release/cgame/bgame/bg_sscript.o
/usr/bin/g++ -pipe -Wall -Winvalid-pch -Wno-write-strings -fmessage-length=0 -m64 -fno-exceptions -fno-rtti -fno-strict-aliasing -fPIC -O3 -march=x86-64 -ffast-math -DXMOD_LINUX64 -DCGAMEDLL -I./build.linux64-release/cgame -I./build.linux64-release/ -I./src -I./pak -c src/bgame/bg_stats.cpp -o build.linux64-release/cgame/bgame/bg_stats.o
/usr/bin/g++ -pipe -Wall -Winvalid-pch -Wno-write-strings -fmessage-length=0 -m64 -fno-exceptions -fno-rtti -fno-strict-aliasing -fPIC -O3 -march=x86-64 -ffast-math -DXMOD_LINUX64 -DCGAMEDLL -I./build.linux64-release/cgame -I./build.linux64-release/ -I./src -I./pak -c src/bgame/bg_tracemap.cpp -o build.linux64-release/cgame/bgame/bg_tracemap.o
/usr/bin/g++ -pipe -Wall -Winvalid-pch -Wno-write-strings -fmessage-length=0 -m64 -fno-exceptions -fno-rtti -fno-strict-aliasing -fPIC -O3 -march=x86-64 -ffast-math -DXMOD_LINUX64 -DCGAMEDLL -I./build.linux64-release/cgame -I./build.linux64-release/ -I./src -I./pak -c src/bgame/bg_xmod.cpp -o build.linux64-release/cgame/bgame/bg_xmod.o
/usr/bin/g++ -pipe -Wall -Winvalid-pch -Wno-write-strings -fmessage-length=0 -m64 -fno-exceptions -fno-rtti -fno-strict-aliasing -fPIC -O3 -march=x86-64 -ffast-math -DXMOD_LINUX64 -DCGAMEDLL -I./build.linux64-release/cgame -I./build.linux64-release/ -I./src -I./pak -c src/bgame/cvar/Cvar.cpp -o build.linux64-release/cgame/bgame/cvar/Cvar.o
/usr/bin/g++ -pipe -Wall -Winvalid-pch -Wno-write-strings -fmessage-length=0 -m64 -fno-exceptions -fno-rtti -fno-strict-aliasing -fPIC -O3 -march=x86-64 -ffast-math -DXMOD_LINUX64 -DCGAMEDLL -I./build.linux64-release/cgame -I./build.linux64-release/ -I./src -I./pak -c src/bgame/linux/Process.cpp -o build.linux64-release/cgame/bgame/linux/Process.o
/usr/bin/g++ -pipe -Wall -Winvalid-pch -Wno-write-strings -fmessage-length=0 -m64 -fno-exceptions -fno-rtti -fno-strict-aliasing -fPIC -O3 -march=x86-64 -ffast-math -DXMOD_LINUX64 -DCGAMEDLL -I./build.linux64-release/cgame -I./build.linux64-release/ -I./src -I./pak -c src/bgame/linux/bg_cpu.cpp -o build.linux64-release/cgame/bgame/linux/bg_cpu.o
src/bgame/linux/bg_cpu.cpp: In function ‘void BG_cpuUpdate()’:
src/bgame/linux/bg_cpu.cpp:85:36: warning: ‘char* __builtin_strncpy(char*, const char*, long unsigned int)’ output may be truncated copying 31 bytes from a string of length 63 [-Wstringop-truncation]
   85 |                             strncpy( cpuModel, tokenValue, cpuModelSize-1 );
      |                                    ^
/usr/bin/g++ -pipe -Wall -Winvalid-pch -Wno-write-strings -fmessage-length=0 -m64 -fno-exceptions -fno-rtti -fno-strict-aliasing -fPIC -O3 -march=x86-64 -ffast-math -DXMOD_LINUX64 -DCGAMEDLL -I./build.linux64-release/cgame -I./build.linux64-release/ -I./src -I./pak -c src/bgame/q_math.cpp -o build.linux64-release/cgame/bgame/q_math.o
/usr/bin/g++ -pipe -Wall -Winvalid-pch -Wno-write-strings -fmessage-length=0 -m64 -fno-exceptions -fno-rtti -fno-strict-aliasing -fPIC -O3 -march=x86-64 -ffast-math -DXMOD_LINUX64 -DCGAMEDLL -I./build.linux64-release/cgame -I./build.linux64-release/ -I./src -I./pak -c src/bgame/q_shared.cpp -o build.linux64-release/cgame/bgame/q_shared.o
src/bgame/q_shared.cpp: In function ‘qboolean COM_BitCheck(const int*, int)’:
src/bgame/q_shared.cpp:133:25: warning: ‘sizeof’ on array function parameter ‘array’ will return size of ‘const int*’ [-Wsizeof-array-argument]
  133 |         if (i >= sizeof(array)) return qfalse;
      |                        ~^~~~~~
src/bgame/q_shared.cpp:120:34: note: declared here
  120 | qboolean COM_BitCheck( const int array[], int bitNum ) {
      |                        ~~~~~~~~~~^~~~~~~
src/bgame/q_shared.cpp: In function ‘void COM_BitSet(int*, int)’:
src/bgame/q_shared.cpp:158:24: warning: ‘sizeof’ on array function parameter ‘array’ will return size of ‘int*’ [-Wsizeof-array-argument]
  158 |         if(i >= sizeof(array)) return;
      |                       ~^~~~~~
src/bgame/q_shared.cpp:145:22: note: declared here
  145 | void COM_BitSet( int array[], int bitNum ) {
      |                  ~~~~^~~~~~~
src/bgame/q_shared.cpp: In function ‘void COM_BitClear(int*, int)’:
src/bgame/q_shared.cpp:183:24: warning: ‘sizeof’ on array function parameter ‘array’ will return size of ‘int*’ [-Wsizeof-array-argument]
  183 |         if(i >= sizeof(array)) return;
      |                       ~^~~~~~
src/bgame/q_shared.cpp:170:24: note: declared here
  170 | void COM_BitClear( int array[], int bitNum ) {
      |                    ~~~~^~~~~~~
src/bgame/q_shared.cpp: In function ‘int COM_Compress(char*)’:
src/bgame/q_shared.cpp:432:16: warning: variable ‘pc’ set but not used [-Wunused-but-set-variable]
  432 |         int c, pc, size;
      |                ^~
/usr/bin/g++ -pipe -Wall -Winvalid-pch -Wno-write-strings -fmessage-length=0 -m64 -fno-exceptions -fno-rtti -fno-strict-aliasing -fPIC -O3 -march=x86-64 -ffast-math -DXMOD_LINUX64 -DCGAMEDLL -I./build.linux64-release/cgame -I./build.linux64-release/ -I./src -I./pak -c src/bgame/str/PairDump.cpp -o build.linux64-release/cgame/bgame/str/PairDump.o
/usr/bin/g++ -pipe -Wall -Winvalid-pch -Wno-write-strings -fmessage-length=0 -m64 -fno-exceptions -fno-rtti -fno-strict-aliasing -fPIC -O3 -march=x86-64 -ffast-math -DXMOD_LINUX64 -DCGAMEDLL -I./build.linux64-release/cgame -I./build.linux64-release/ -I./src -I./pak -c src/bgame/str/util.cpp -o build.linux64-release/cgame/bgame/str/util.o
/usr/bin/g++ -pipe -Wall -Winvalid-pch -Wno-write-strings -fmessage-length=0 -m64 -fno-exceptions -fno-rtti -fno-strict-aliasing -fPIC -O3 -march=x86-64 -ffast-math -DXMOD_LINUX64 -DCGAMEDLL -I./build.linux64-release/cgame -I./build.linux64-release/ -I./src -I./pak -c src/cgame/CBulletVolume.cpp -o build.linux64-release/cgame/cgame/CBulletVolume.o
/usr/bin/g++ -pipe -Wall -Winvalid-pch -Wno-write-strings -fmessage-length=0 -m64 -fno-exceptions -fno-rtti -fno-strict-aliasing -fPIC -O3 -march=x86-64 -ffast-math -DXMOD_LINUX64 -DCGAMEDLL -I./build.linux64-release/cgame -I./build.linux64-release/ -I./src -I./pak -c src/cgame/CHitVolume.cpp -o build.linux64-release/cgame/cgame/CHitVolume.o
/usr/bin/g++ -pipe -Wall -Winvalid-pch -Wno-write-strings -fmessage-length=0 -m64 -fno-exceptions -fno-rtti -fno-strict-aliasing -fPIC -O3 -march=x86-64 -ffast-math -DXMOD_LINUX64 -DCGAMEDLL -I./build.linux64-release/cgame -I./build.linux64-release/ -I./src -I./pak -c src/cgame/Console.cpp -o build.linux64-release/cgame/cgame/Console.o
/usr/bin/g++ -pipe -Wall -Winvalid-pch -Wno-write-strings -fmessage-length=0 -m64 -fno-exceptions -fno-rtti -fno-strict-aliasing -fPIC -O3 -march=x86-64 -ffast-math -DXMOD_LINUX64 -DCGAMEDLL -I./build.linux64-release/cgame -I./build.linux64-release/ -I./src -I./pak -c src/cgame/Engine.cpp -o build.linux64-release/cgame/cgame/Engine.o
/usr/bin/g++ -pipe -Wall -Winvalid-pch -Wno-write-strings -fmessage-length=0 -m64 -fno-exceptions -fno-rtti -fno-strict-aliasing -fPIC -O3 -march=x86-64 -ffast-math -DXMOD_LINUX64 -DCGAMEDLL -I./build.linux64-release/cgame -I./build.linux64-release/ -I./src -I./pak -c src/cgame/Font.cpp -o build.linux64-release/cgame/cgame/Font.o
/usr/bin/g++ -pipe -Wall -Winvalid-pch -Wno-write-strings -fmessage-length=0 -m64 -fno-exceptions -fno-rtti -fno-strict-aliasing -fPIC -O3 -march=x86-64 -ffast-math -DXMOD_LINUX64 -DCGAMEDLL -I./build.linux64-release/cgame -I./build.linux64-release/ -I./src -I./pak -c src/cgame/Location.cpp -o build.linux64-release/cgame/cgame/Location.o
/usr/bin/g++ -pipe -Wall -Winvalid-pch -Wno-write-strings -fmessage-length=0 -m64 -fno-exceptions -fno-rtti -fno-strict-aliasing -fPIC -O3 -march=x86-64 -ffast-math -DXMOD_LINUX64 -DCGAMEDLL -I./build.linux64-release/cgame -I./build.linux64-release/ -I./src -I./pak -c src/cgame/LocationDB.cpp -o build.linux64-release/cgame/cgame/LocationDB.o
/usr/bin/g++ -pipe -Wall -Winvalid-pch -Wno-write-strings -fmessage-length=0 -m64 -fno-exceptions -fno-rtti -fno-strict-aliasing -fPIC -O3 -march=x86-64 -ffast-math -DXMOD_LINUX64 -DCGAMEDLL -I./build.linux64-release/cgame -I./build.linux64-release/ -I./src -I./pak -c src/cgame/cg_atmospheric.cpp -o build.linux64-release/cgame/cgame/cg_atmospheric.o
src/cgame/cg_atmospheric.cpp: In function ‘void CG_RainParticleRender(cg_atmosphericParticle_t*)’:
src/cgame/cg_atmospheric.cpp:334:30: warning: variable ‘frac’ set but not used [-Wunused-but-set-variable]
  334 |         float           len, frac, dist;
      |                              ^~~~
src/cgame/cg_atmospheric.cpp: In function ‘void CG_SnowParticleRender(cg_atmosphericParticle_t*)’:
src/cgame/cg_atmospheric.cpp:528:30: warning: variable ‘frac’ set but not used [-Wunused-but-set-variable]
  528 |         float           len, frac, sinTumbling, cosTumbling, particleWidth, dist;
      |                              ^~~~
/usr/bin/g++ -pipe -Wall -Winvalid-pch -Wno-write-strings -fmessage-length=0 -m64 -fno-exceptions -fno-rtti -fno-strict-aliasing -fPIC -O3 -march=x86-64 -ffast-math -DXMOD_LINUX64 -DCGAMEDLL -I./build.linux64-release/cgame -I./build.linux64-release/ -I./src -I./pak -c src/cgame/cg_character.cpp -o build.linux64-release/cgame/cgame/cg_character.o
src/cgame/cg_character.cpp: In function ‘void CG_CalcMoveSpeeds(bg_character_t*)’:
src/cgame/cg_character.cpp:147:41: warning: variable ‘lastLow’ set but not used [-Wunused-but-set-variable]
  147 |         int                             lastLow, low;
      |                                         ^~~~~~~
src/cgame/cg_character.cpp: In function ‘qboolean CG_CheckForExistingAnimModelInfo(const char*, const char*, animModelInfo_t**)’:
src/cgame/cg_character.cpp:281:44: warning: argument to ‘sizeof’ in ‘void* memset(void*, int, size_t)’ call is the same expression as the destination; did you mean to dereference it? [-Wsizeof-pointer-memaccess]
  281 |                 memset( *animModelInfo, 0, sizeof(*animModelInfo) );
      |                                            ^~~~~~~~~~~~~~~~~~~~~~
/usr/bin/g++ -pipe -Wall -Winvalid-pch -Wno-write-strings -fmessage-length=0 -m64 -fno-exceptions -fno-rtti -fno-strict-aliasing -fPIC -O3 -march=x86-64 -ffast-math -DXMOD_LINUX64 -DCGAMEDLL -I./build.linux64-release/cgame -I./build.linux64-release/ -I./src -I./pak -c src/cgame/cg_commandmap.cpp -o build.linux64-release/cgame/cgame/cg_commandmap.o
/usr/bin/g++ -pipe -Wall -Winvalid-pch -Wno-write-strings -fmessage-length=0 -m64 -fno-exceptions -fno-rtti -fno-strict-aliasing -fPIC -O3 -march=x86-64 -ffast-math -DXMOD_LINUX64 -DCGAMEDLL -I./build.linux64-release/cgame -I./build.linux64-release/ -I./src -I./pak -c src/cgame/cg_consolecmds.cpp -o build.linux64-release/cgame/cgame/cg_consolecmds.o
/usr/bin/g++ -pipe -Wall -Winvalid-pch -Wno-write-strings -fmessage-length=0 -m64 -fno-exceptions -fno-rtti -fno-strict-aliasing -fPIC -O3 -march=x86-64 -ffast-math -DXMOD_LINUX64 -DCGAMEDLL -I./build.linux64-release/cgame -I./build.linux64-release/ -I./src -I./pak -c src/cgame/cg_debriefing.cpp -o build.linux64-release/cgame/cgame/cg_debriefing.o
src/cgame/cg_debriefing.cpp: In function ‘void CG_Debriefing_ChatBox_Draw(panel_button_t*)’:
src/cgame/cg_debriefing.cpp:1151:16: warning: variable ‘h’ set but not used [-Wunused-but-set-variable]
 1151 |         int w, h;
      |                ^
/usr/bin/g++ -pipe -Wall -Winvalid-pch -Wno-write-strings -fmessage-length=0 -m64 -fno-exceptions -fno-rtti -fno-strict-aliasing -fPIC -O3 -march=x86-64 -ffast-math -DXMOD_LINUX64 -DCGAMEDLL -I./build.linux64-release/cgame -I./build.linux64-release/ -I./src -I./pak -c src/cgame/cg_draw.cpp -o build.linux64-release/cgame/cgame/cg_draw.o
src/cgame/cg_draw.cpp: In function ‘int CG_DrawFieldWidth(int, int, int, int, int, int)’:
src/cgame/cg_draw.cpp:223:25: warning: variable ‘frame’ set but not used [-Wunused-but-set-variable]
  223 |         int             frame;
      |                         ^~~~~
src/cgame/cg_draw.cpp: In function ‘void CG_DrawTeamInfo()’:
src/cgame/cg_draw.cpp:940:16: warning: variable ‘h’ set but not used [-Wunused-but-set-variable]
  940 |         int w, h;
      |                ^
src/cgame/cg_draw.cpp: In function ‘void CG_DrawNotify()’:
src/cgame/cg_draw.cpp:1047:16: warning: variable ‘h’ set but not used [-Wunused-but-set-variable]
 1047 |         int w, h;
      |                ^
src/cgame/cg_draw.cpp: In function ‘void CG_DrawKillSpreeMessages()’:
src/cgame/cg_draw.cpp:1484:53: warning: the address of ‘cg_t::ksPlayer’ will never be NULL [-Waddress]
 1484 |         if ( !cg.ksPrintTime || !cg.ksNumber || !cg.ksPlayer || !cg.ksMessage ) {
      |                                                  ~~~^~~~~~~~
In file included from src/bgame/impl.h:7:
./src/cgame/cg_local.h:919:25: note: ‘cg_t::ksPlayer’ declared here
  919 |         char            ksPlayer[MAX_NAME_LENGTH];
      |                         ^~~~~~~~
src/cgame/cg_draw.cpp:1484:69: warning: the address of ‘cg_t::ksMessage’ will never be NULL [-Waddress]
 1484 |         if ( !cg.ksPrintTime || !cg.ksNumber || !cg.ksPlayer || !cg.ksMessage ) {
      |                                                                  ~~~^~~~~~~~~
./src/cgame/cg_local.h:921:25: note: ‘cg_t::ksMessage’ declared here
  921 |         char            ksMessage[150];
      |                         ^~~~~~~~~
src/cgame/cg_draw.cpp: In function ‘void CG_DrawSpectatorMessage()’:
src/cgame/cg_draw.cpp:3541:15: warning: variable ‘x’ set but not used [-Wunused-but-set-variable]
 3541 |         float x, y;
      |               ^
src/cgame/cg_draw.cpp: In function ‘void CG_DrawObjectiveInfo()’:
src/cgame/cg_draw.cpp:4141:33: warning: variable ‘h’ set but not used [-Wunused-but-set-variable]
 4141 |         int             x, y, w,h;
      |                                 ^
src/cgame/cg_draw.cpp: In function ‘void CG_DrawWeapRecharge(rectDef_t*)’:
src/cgame/cg_draw.cpp:4822:33: warning: variable ‘weap’ set but not used [-Wunused-but-set-variable]
 4822 |         int                     weap, flags;
      |                                 ^~~~
src/cgame/cg_draw.cpp: In function ‘void CG_DrawPlayerStatus()’:
src/cgame/cg_draw.cpp:4910:41: warning: variable ‘weap’ set but not used [-Wunused-but-set-variable]
 4910 |         int                             weap;
      |                                         ^~~~
src/cgame/cg_draw.cpp:4911:26: warning: variable ‘ps’ set but not used [-Wunused-but-set-variable]
 4911 |         playerState_t   *ps;
      |                          ^~
/usr/bin/g++ -pipe -Wall -Winvalid-pch -Wno-write-strings -fmessage-length=0 -m64 -fno-exceptions -fno-rtti -fno-strict-aliasing -fPIC -O3 -march=x86-64 -ffast-math -DXMOD_LINUX64 -DCGAMEDLL -I./build.linux64-release/cgame -I./build.linux64-release/ -I./src -I./pak -c src/cgame/cg_drawtools.cpp -o build.linux64-release/cgame/cgame/cg_drawtools.o
/usr/bin/g++ -pipe -Wall -Winvalid-pch -Wno-write-strings -fmessage-length=0 -m64 -fno-exceptions -fno-rtti -fno-strict-aliasing -fPIC -O3 -march=x86-64 -ffast-math -DXMOD_LINUX64 -DCGAMEDLL -I./build.linux64-release/cgame -I./build.linux64-release/ -I./src -I./pak -c src/cgame/cg_effects.cpp -o build.linux64-release/cgame/cgame/cg_effects.o
src/cgame/cg_effects.cpp: In function ‘void CG_Bleed(vec_t*, int)’:
src/cgame/cg_effects.cpp:311:20: warning: variable ‘cent’ set but not used [-Wunused-but-set-variable]
  311 |         centity_t *cent;
      |                    ^~~~
src/cgame/cg_effects.cpp: In function ‘void CG_LoseHat(centity_t*, vec_t*)’:
src/cgame/cg_effects.cpp:455:41: warning: variable ‘tagIndex’ set but not used [-Wunused-but-set-variable]
  455 |         int                             tagIndex;
      |                                         ^~~~~~~~
src/cgame/cg_effects.cpp: In function ‘void CG_GibPlayer(centity_t*, vec_t*, vec_t*)’:
src/cgame/cg_effects.cpp:576:26: warning: variable ‘character’ set but not used [-Wunused-but-set-variable]
  576 |         bg_character_t  *character;
      |                          ^~~~~~~~~
src/cgame/cg_effects.cpp: In function ‘void CG_Spotlight(centity_t*, float*, vec_t*, vec_t*, int, float, int, float, int)’:
src/cgame/cg_effects.cpp:915:15: warning: variable ‘alpha’ set but not used [-Wunused-but-set-variable]
  915 |         float alpha;
      |               ^~~~~
/usr/bin/g++ -pipe -Wall -Winvalid-pch -Wno-write-strings -fmessage-length=0 -m64 -fno-exceptions -fno-rtti -fno-strict-aliasing -fPIC -O3 -march=x86-64 -ffast-math -DXMOD_LINUX64 -DCGAMEDLL -I./build.linux64-release/cgame -I./build.linux64-release/ -I./src -I./pak -c src/cgame/cg_ents.cpp -o build.linux64-release/cgame/cgame/cg_ents.o
src/cgame/cg_ents.cpp: In function ‘void CG_AddLightstyle(centity_t*)’:
src/cgame/cg_ents.cpp:121:19: warning: the address of ‘centity_s::dl_stylestring’ will never be NULL [-Waddress]
  121 |         if(!cent->dl_stylestring)
      |             ~~~~~~^~~~~~~~~~~~~~
In file included from src/bgame/impl.h:7:
./src/cgame/cg_local.h:341:33: note: ‘centity_s::dl_stylestring’ declared here
  341 |         char                    dl_stylestring[64];
      |                                 ^~~~~~~~~~~~~~
src/cgame/cg_ents.cpp:117:25: warning: variable ‘offsetwhole’ set but not used [-Wunused-but-set-variable]
  117 |         int             offsetwhole;
      |                         ^~~~~~~~~~~
src/cgame/cg_ents.cpp: In function ‘qboolean CG_AddEntityToTag(centity_t*)’:
src/cgame/cg_ents.cpp:2755:34: warning: variable ‘sParent’ set but not used [-Wunused-but-set-variable]
 2755 |         entityState_t           *sParent;
      |                                  ^~~~~~~
/usr/bin/g++ -pipe -Wall -Winvalid-pch -Wno-write-strings -fmessage-length=0 -m64 -fno-exceptions -fno-rtti -fno-strict-aliasing -fPIC -O3 -march=x86-64 -ffast-math -DXMOD_LINUX64 -DCGAMEDLL -I./build.linux64-release/cgame -I./build.linux64-release/ -I./src -I./pak -c src/cgame/cg_event.cpp -o build.linux64-release/cgame/cgame/cg_event.o
src/cgame/cg_event.cpp: In function ‘void CG_Effect(centity_t*, vec_t*, vec_t*)’:
src/cgame/cg_event.cpp:1495:41: warning: variable ‘mass’ set but not used [-Wunused-but-set-variable]
 1495 |         int                             mass;
      |                                         ^~~~
src/cgame/cg_event.cpp: In function ‘void CG_ShardJunk(centity_t*, vec_t*, vec_t*)’:
src/cgame/cg_event.cpp:1776:41: warning: variable ‘type’ set but not used [-Wunused-but-set-variable]
 1776 |         int                             type;
      |                                         ^~~~
src/cgame/cg_event.cpp: In function ‘void CG_Debris(centity_t*, vec_t*, vec_t*)’:
src/cgame/cg_event.cpp:1828:41: warning: variable ‘type’ set but not used [-Wunused-but-set-variable]
 1828 |         int                             type;
      |                                         ^~~~
/usr/bin/g++ -pipe -Wall -Winvalid-pch -Wno-write-strings -fmessage-length=0 -m64 -fno-exceptions -fno-rtti -fno-strict-aliasing -fPIC -O3 -march=x86-64 -ffast-math -DXMOD_LINUX64 -DCGAMEDLL -I./build.linux64-release/cgame -I./build.linux64-release/ -I./src -I./pak -c src/cgame/cg_fireteamoverlay.cpp -o build.linux64-release/cgame/cgame/cg_fireteamoverlay.o
src/cgame/cg_fireteamoverlay.cpp: In function ‘void CG_ParseFireteams()’:
src/cgame/cg_fireteamoverlay.cpp:86:18: warning: variable ‘onFireteam2’ set but not used [-Wunused-but-set-variable]
   86 |         qboolean onFireteam2;
      |                  ^~~~~~~~~~~
src/cgame/cg_fireteamoverlay.cpp:87:18: warning: variable ‘isLeader2’ set but not used [-Wunused-but-set-variable]
   87 |         qboolean isLeader2;
      |                  ^~~~~~~~~
/usr/bin/g++ -pipe -Wall -Winvalid-pch -Wno-write-strings -fmessage-length=0 -m64 -fno-exceptions -fno-rtti -fno-strict-aliasing -fPIC -O3 -march=x86-64 -ffast-math -DXMOD_LINUX64 -DCGAMEDLL -I./build.linux64-release/cgame -I./build.linux64-release/ -I./src -I./pak -c src/cgame/cg_fireteams.cpp -o build.linux64-release/cgame/cgame/cg_fireteams.o
/usr/bin/g++ -pipe -Wall -Winvalid-pch -Wno-write-strings -fmessage-length=0 -m64 -fno-exceptions -fno-rtti -fno-strict-aliasing -fPIC -O3 -march=x86-64 -ffast-math -DXMOD_LINUX64 -DCGAMEDLL -I./build.linux64-release/cgame -I./build.linux64-release/ -I./src -I./pak -c src/cgame/cg_flamethrower.cpp -o build.linux64-release/cgame/cgame/cg_flamethrower.o
src/cgame/cg_flamethrower.cpp: In function ‘void CG_MoveFlameChunk(flameChunk_t*)’:
src/cgame/cg_flamethrower.cpp:555:25: warning: variable ‘jiggleCount’ set but not used [-Wunused-but-set-variable]
  555 |         int             jiggleCount;
      |                         ^~~~~~~~~~~
src/cgame/cg_flamethrower.cpp: In function ‘void CG_AddFlameToScene(flameChunk_t*)’:
src/cgame/cg_flamethrower.cpp:785:33: warning: variable ‘firing’ set but not used [-Wunused-but-set-variable]
  785 |         qboolean isClientFlame, firing;
      |                                 ^~~~~~
/usr/bin/g++ -pipe -Wall -Winvalid-pch -Wno-write-strings -fmessage-length=0 -m64 -fno-exceptions -fno-rtti -fno-strict-aliasing -fPIC -O3 -march=x86-64 -ffast-math -DXMOD_LINUX64 -DCGAMEDLL -I./build.linux64-release/cgame -I./build.linux64-release/ -I./src -I./pak -c src/cgame/cg_info.cpp -o build.linux64-release/cgame/cgame/cg_info.o
/usr/bin/g++ -pipe -Wall -Winvalid-pch -Wno-write-strings -fmessage-length=0 -m64 -fno-exceptions -fno-rtti -fno-strict-aliasing -fPIC -O3 -march=x86-64 -ffast-math -DXMOD_LINUX64 -DCGAMEDLL -I./build.linux64-release/cgame -I./build.linux64-release/ -I./src -I./pak -c src/cgame/cg_limbopanel.cpp -o build.linux64-release/cgame/cgame/cg_limbopanel.o
src/cgame/cg_limbopanel.cpp: In function ‘void CG_LimboPanel_Setup()’:
src/cgame/cg_limbopanel.cpp:2471:27: warning: variable ‘classinfo’ set but not used [-Wunused-but-set-variable]
 2471 |         bg_playerclass_t *classinfo;
      |                           ^~~~~~~~~
/usr/bin/g++ -pipe -Wall -Winvalid-pch -Wno-write-strings -fmessage-length=0 -m64 -fno-exceptions -fno-rtti -fno-strict-aliasing -fPIC -O3 -march=x86-64 -ffast-math -DXMOD_LINUX64 -DCGAMEDLL -I./build.linux64-release/cgame -I./build.linux64-release/ -I./src -I./pak -c src/cgame/cg_loadpanel.cpp -o build.linux64-release/cgame/cgame/cg_loadpanel.o
/usr/bin/g++ -pipe -Wall -Winvalid-pch -Wno-write-strings -fmessage-length=0 -m64 -fno-exceptions -fno-rtti -fno-strict-aliasing -fPIC -O3 -march=x86-64 -ffast-math -DXMOD_LINUX64 -DCGAMEDLL -I./build.linux64-release/cgame -I./build.linux64-release/ -I./src -I./pak -c src/cgame/cg_localents.cpp -o build.linux64-release/cgame/cgame/cg_localents.o
src/cgame/cg_localents.cpp: In function ‘void CG_BloodTrail(localEntity_t*)’:
src/cgame/cg_localents.cpp:132:18: warning: variable ‘cent’ set but not used [-Wunused-but-set-variable]
  132 | centity_t       *cent;
      |                  ^~~~
src/cgame/cg_localents.cpp: In function ‘void CG_AddFragment(localEntity_t*)’:
src/cgame/cg_localents.cpp:391:33: warning: variable ‘t’ set but not used [-Wunused-but-set-variable]
  391 |                 int             t;
      |                                 ^
src/cgame/cg_localents.cpp:418:33: warning: variable ‘t’ set but not used [-Wunused-but-set-variable]
  418 |                 int             t;
      |                                 ^
/usr/bin/g++ -pipe -Wall -Winvalid-pch -Wno-write-strings -fmessage-length=0 -m64 -fno-exceptions -fno-rtti -fno-strict-aliasing -fPIC -O3 -march=x86-64 -ffast-math -DXMOD_LINUX64 -DCGAMEDLL -I./build.linux64-release/cgame -I./build.linux64-release/ -I./src -I./pak -c src/cgame/cg_main.cpp -o build.linux64-release/cgame/cgame/cg_main.o
/usr/bin/g++ -pipe -Wall -Winvalid-pch -Wno-write-strings -fmessage-length=0 -m64 -fno-exceptions -fno-rtti -fno-strict-aliasing -fPIC -O3 -march=x86-64 -ffast-math -DXMOD_LINUX64 -DCGAMEDLL -I./build.linux64-release/cgame -I./build.linux64-release/ -I./src -I./pak -c src/cgame/cg_marks.cpp -o build.linux64-release/cgame/cgame/cg_marks.o
/usr/bin/g++ -pipe -Wall -Winvalid-pch -Wno-write-strings -fmessage-length=0 -m64 -fno-exceptions -fno-rtti -fno-strict-aliasing -fPIC -O3 -march=x86-64 -ffast-math -DXMOD_LINUX64 -DCGAMEDLL -I./build.linux64-release/cgame -I./build.linux64-release/ -I./src -I./pak -c src/cgame/cg_missionbriefing.cpp -o build.linux64-release/cgame/cgame/cg_missionbriefing.o
src/cgame/cg_main.cpp: In function ‘intptr_t vmMain(int, int, int, int, int, int, int, int, int, int, int, int, int)’:
src/cgame/cg_main.cpp:76:41: warning: cast to pointer from integer of different size [-Wint-to-pointer-cast]
   76 |                 return CG_GetTag( arg0, (char *)arg1, (orientation_t *)arg2 );
      |                                         ^~~~~~~~~~~~
src/cgame/cg_main.cpp:76:55: warning: cast to pointer from integer of different size [-Wint-to-pointer-cast]
   76 |                 return CG_GetTag( arg0, (char *)arg1, (orientation_t *)arg2 );
      |                                                       ^~~~~~~~~~~~~~~~~~~~~
src/cgame/cg_main.cpp:83:52: warning: cast to pointer from integer of different size [-Wint-to-pointer-cast]
   83 |                 jxac::Client::handleBinaryMessage( (const char*)arg0, arg1 );
      |                                                    ^~~~~~~~~~~~~~~~~
src/cgame/cg_main.cpp: In function ‘void CG_RegisterGraphics()’:
src/cgame/cg_main.cpp:1464:21: warning: unused variable ‘info’ [-Wunused-variable]
 1464 |         const char *info;
      |                     ^~~~
/usr/bin/g++ -pipe -Wall -Winvalid-pch -Wno-write-strings -fmessage-length=0 -m64 -fno-exceptions -fno-rtti -fno-strict-aliasing -fPIC -O3 -march=x86-64 -ffast-math -DXMOD_LINUX64 -DCGAMEDLL -I./build.linux64-release/cgame -I./build.linux64-release/ -I./src -I./pak -c src/cgame/cg_molotov.cpp -o build.linux64-release/cgame/cgame/cg_molotov.o
/usr/bin/g++ -pipe -Wall -Winvalid-pch -Wno-write-strings -fmessage-length=0 -m64 -fno-exceptions -fno-rtti -fno-strict-aliasing -fPIC -O3 -march=x86-64 -ffast-math -DXMOD_LINUX64 -DCGAMEDLL -I./build.linux64-release/cgame -I./build.linux64-release/ -I./src -I./pak -c src/cgame/cg_multiview.cpp -o build.linux64-release/cgame/cgame/cg_multiview.o
/usr/bin/g++ -pipe -Wall -Winvalid-pch -Wno-write-strings -fmessage-length=0 -m64 -fno-exceptions -fno-rtti -fno-strict-aliasing -fPIC -O3 -march=x86-64 -ffast-math -DXMOD_LINUX64 -DCGAMEDLL -I./build.linux64-release/cgame -I./build.linux64-release/ -I./src -I./pak -c src/cgame/cg_newDraw.cpp -o build.linux64-release/cgame/cgame/cg_newDraw.o
src/cgame/cg_newDraw.cpp: In function ‘void CG_OwnerDraw(float, float, float, float, float, float, int, int, int, float, float, vec_t*, qhandle_t, int)’:
src/cgame/cg_newDraw.cpp:712:19: warning: variable ‘rect’ set but not used [-Wunused-but-set-variable]
  712 |         rectDef_t rect;
      |                   ^~~~
src/cgame/cg_newDraw.cpp: In function ‘void CG_MouseEvent(int, int)’:
src/cgame/cg_newDraw.cpp:729:17: warning: case value ‘2’ not in enumerated type ‘qboolean’ [-Wswitch]
  729 |                 case CGAME_EVENT_SPEAKEREDITOR:
      |                 ^~~~
src/cgame/cg_newDraw.cpp:731:17: warning: case value ‘3’ not in enumerated type ‘qboolean’ [-Wswitch]
  731 |                 case CGAME_EVENT_CAMPAIGNBREIFING:
      |                 ^~~~
src/cgame/cg_newDraw.cpp:752:17: warning: case value ‘4’ not in enumerated type ‘qboolean’ [-Wswitch]
  752 |                 case CGAME_EVENT_DEMO:
      |                 ^~~~
src/cgame/cg_newDraw.cpp:732:17: warning: case value ‘5’ not in enumerated type ‘qboolean’ [-Wswitch]
  732 |                 case CGAME_EVENT_FIRETEAMMSG:
      |                 ^~~~
src/cgame/cg_newDraw.cpp: In function ‘void CG_KeyEvent(int, qboolean)’:
src/cgame/cg_newDraw.cpp:900:17: warning: case value ‘2’ not in enumerated type ‘qboolean’ [-Wswitch]
  900 |                 case CGAME_EVENT_SPEAKEREDITOR:
      |                 ^~~~
src/cgame/cg_newDraw.cpp:888:17: warning: case value ‘3’ not in enumerated type ‘qboolean’ [-Wswitch]
  888 |                 case CGAME_EVENT_CAMPAIGNBREIFING:
      |                 ^~~~
src/cgame/cg_newDraw.cpp:884:17: warning: case value ‘4’ not in enumerated type ‘qboolean’ [-Wswitch]
  884 |                 case CGAME_EVENT_DEMO:
      |                 ^~~~
src/cgame/cg_newDraw.cpp:892:17: warning: case value ‘5’ not in enumerated type ‘qboolean’ [-Wswitch]
  892 |                 case CGAME_EVENT_FIRETEAMMSG:
      |                 ^~~~
/usr/bin/g++ -pipe -Wall -Winvalid-pch -Wno-write-strings -fmessage-length=0 -m64 -fno-exceptions -fno-rtti -fno-strict-aliasing -fPIC -O3 -march=x86-64 -ffast-math -DXMOD_LINUX64 -DCGAMEDLL -I./build.linux64-release/cgame -I./build.linux64-release/ -I./src -I./pak -c src/cgame/cg_particles.cpp -o build.linux64-release/cgame/cgame/cg_particles.o
src/cgame/cg_particles.cpp: In function ‘void CG_AddParticles()’:
src/cgame/cg_particles.cpp:849:41: warning: variable ‘color’ set but not used [-Wunused-but-set-variable]
  849 |         int                             color;
      |                                         ^~~~~
src/cgame/cg_particles.cpp:851:41: warning: variable ‘type’ set but not used [-Wunused-but-set-variable]
  851 |         int                             type;
      |                                         ^~~~
/usr/bin/g++ -pipe -Wall -Winvalid-pch -Wno-write-strings -fmessage-length=0 -m64 -fno-exceptions -fno-rtti -fno-strict-aliasing -fPIC -O3 -march=x86-64 -ffast-math -DXMOD_LINUX64 -DCGAMEDLL -I./build.linux64-release/cgame -I./build.linux64-release/ -I./src -I./pak -c src/cgame/cg_players.cpp -o build.linux64-release/cgame/cgame/cg_players.o
src/cgame/cg_players.cpp: In function ‘void CG_SetLerpFrameAnimationRate(centity_t*, clientInfo_t*, lerpFrame_t*, int)’:
src/cgame/cg_players.cpp:521:61: warning: variable ‘oldAnimTime’ set but not used [-Wunused-but-set-variable]
  521 |         int                             transitionMin = -1, oldAnimTime, oldAnimNum;
      |                                                             ^~~~~~~~~~~
src/cgame/cg_players.cpp: In function ‘void CG_RunLerpFrameRate(clientInfo_t*, lerpFrame_t*, int, centity_t*, int)’:
src/cgame/cg_players.cpp:604:13: warning: variable ‘snapTime’ set but not used [-Wunused-but-set-variable]
  604 |         int snapTime, snapPosTime;
      |             ^~~~~~~~
src/cgame/cg_players.cpp: In function ‘void CG_SwingAngles(float, float, float, float, float*, qboolean*)’:
src/cgame/cg_players.cpp:921:23: warning: variable ‘centerAngle’ set but not used [-Wunused-but-set-variable]
  921 |                 float centerAngle;
      |                       ^~~~~~~~~~~
src/cgame/cg_players.cpp: In function ‘void CG_PlayerAngles(centity_t*, vec_t (*)[3], vec_t (*)[3], vec_t (*)[3])’:
src/cgame/cg_players.cpp:1044:50: warning: variable ‘torsoSet’ set but not used [-Wunused-but-set-variable]
 1044 |         int                             legsSet, torsoSet;
      |                                                  ^~~~~~~~
/usr/bin/g++ -pipe -Wall -Winvalid-pch -Wno-write-strings -fmessage-length=0 -m64 -fno-exceptions -fno-rtti -fno-strict-aliasing -fPIC -O3 -march=x86-64 -ffast-math -DXMOD_LINUX64 -DCGAMEDLL -I./build.linux64-release/cgame -I./build.linux64-release/ -I./src -I./pak -c src/cgame/cg_playerstate.cpp -o build.linux64-release/cgame/cgame/cg_playerstate.o
/usr/bin/g++ -pipe -Wall -Winvalid-pch -Wno-write-strings -fmessage-length=0 -m64 -fno-exceptions -fno-rtti -fno-strict-aliasing -fPIC -O3 -march=x86-64 -ffast-math -DXMOD_LINUX64 -DCGAMEDLL -I./build.linux64-release/cgame -I./build.linux64-release/ -I./src -I./pak -c src/cgame/cg_polybus.cpp -o build.linux64-release/cgame/cgame/cg_polybus.o
/usr/bin/g++ -pipe -Wall -Winvalid-pch -Wno-write-strings -fmessage-length=0 -m64 -fno-exceptions -fno-rtti -fno-strict-aliasing -fPIC -O3 -march=x86-64 -ffast-math -DXMOD_LINUX64 -DCGAMEDLL -I./build.linux64-release/cgame -I./build.linux64-release/ -I./src -I./pak -c src/cgame/cg_popupmessages.cpp -o build.linux64-release/cgame/cgame/cg_popupmessages.o
/usr/bin/g++ -pipe -Wall -Winvalid-pch -Wno-write-strings -fmessage-length=0 -m64 -fno-exceptions -fno-rtti -fno-strict-aliasing -fPIC -O3 -march=x86-64 -ffast-math -DXMOD_LINUX64 -DCGAMEDLL -I./build.linux64-release/cgame -I./build.linux64-release/ -I./src -I./pak -c src/cgame/cg_predict.cpp -o build.linux64-release/cgame/cgame/cg_predict.o
/usr/bin/g++ -pipe -Wall -Winvalid-pch -Wno-write-strings -fmessage-length=0 -m64 -fno-exceptions -fno-rtti -fno-strict-aliasing -fPIC -O3 -march=x86-64 -ffast-math -DXMOD_LINUX64 -DCGAMEDLL -I./build.linux64-release/cgame -I./build.linux64-release/ -I./src -I./pak -c src/cgame/cg_scoreboard.cpp -o build.linux64-release/cgame/cgame/cg_scoreboard.o
src/cgame/cg_scoreboard.cpp: In function ‘int WM_DrawObjectives(int, int, int, float)’:
src/cgame/cg_scoreboard.cpp:111:25: warning: variable ‘str’ set but not used [-Wunused-but-set-variable]
  111 |         const char *s, *str;
      |                         ^~~
src/cgame/cg_scoreboard.cpp:112:13: warning: variable ‘tempy’ set but not used [-Wunused-but-set-variable]
  112 |         int tempy, rows;
      |             ^~~~~
/usr/bin/g++ -pipe -Wall -Winvalid-pch -Wno-write-strings -fmessage-length=0 -m64 -fno-exceptions -fno-rtti -fno-strict-aliasing -fPIC -O3 -march=x86-64 -ffast-math -DXMOD_LINUX64 -DCGAMEDLL -I./build.linux64-release/cgame -I./build.linux64-release/ -I./src -I./pak -c src/cgame/cg_servercmds.cpp -o build.linux64-release/cgame/cgame/cg_servercmds.o
/usr/bin/g++ -pipe -Wall -Winvalid-pch -Wno-write-strings -fmessage-length=0 -m64 -fno-exceptions -fno-rtti -fno-strict-aliasing -fPIC -O3 -march=x86-64 -ffast-math -DXMOD_LINUX64 -DCGAMEDLL -I./build.linux64-release/cgame -I./build.linux64-release/ -I./src -I./pak -c src/cgame/cg_snapshot.cpp -o build.linux64-release/cgame/cgame/cg_snapshot.o
src/cgame/cg_servercmds.cpp: In function ‘void CG_ParseReinforcementTimes(const char*)’:
src/cgame/cg_servercmds.cpp:648:28: warning: variable ‘dwDummy’ set but not used [-Wunused-but-set-variable]
  648 |         unsigned int i, j, dwDummy, dwOffset[TEAM_NUM_TEAMS];
      |                            ^~~~~~~
/usr/bin/g++ -pipe -Wall -Winvalid-pch -Wno-write-strings -fmessage-length=0 -m64 -fno-exceptions -fno-rtti -fno-strict-aliasing -fPIC -O3 -march=x86-64 -ffast-math -DXMOD_LINUX64 -DCGAMEDLL -I./build.linux64-release/cgame -I./build.linux64-release/ -I./src -I./pak -c src/cgame/cg_sound.cpp -o build.linux64-release/cgame/cgame/cg_sound.o
src/cgame/cg_sound.cpp: In function ‘void CG_SoundParseSounds(char*, char*)’:
src/cgame/cg_sound.cpp:231:13: warning: variable ‘s’ set but not used [-Wunused-but-set-variable]
  231 |         int s;
      |             ^
/usr/bin/g++ -pipe -Wall -Winvalid-pch -Wno-write-strings -fmessage-length=0 -m64 -fno-exceptions -fno-rtti -fno-strict-aliasing -fPIC -O3 -march=x86-64 -ffast-math -DXMOD_LINUX64 -DCGAMEDLL -I./build.linux64-release/cgame -I./build.linux64-release/ -I./src -I./pak -c src/cgame/cg_spawn.cpp -o build.linux64-release/cgame/cgame/cg_spawn.o
/usr/bin/g++ -pipe -Wall -Winvalid-pch -Wno-write-strings -fmessage-length=0 -m64 -fno-exceptions -fno-rtti -fno-strict-aliasing -fPIC -O3 -march=x86-64 -ffast-math -DXMOD_LINUX64 -DCGAMEDLL -I./build.linux64-release/cgame -I./build.linux64-release/ -I./src -I./pak -c src/cgame/cg_statsranksmedals.cpp -o build.linux64-release/cgame/cgame/cg_statsranksmedals.o
/usr/bin/g++ -pipe -Wall -Winvalid-pch -Wno-write-strings -fmessage-length=0 -m64 -fno-exceptions -fno-rtti -fno-strict-aliasing -fPIC -O3 -march=x86-64 -ffast-math -DXMOD_LINUX64 -DCGAMEDLL -I./build.linux64-release/cgame -I./build.linux64-release/ -I./src -I./pak -c src/cgame/cg_syscalls.cpp -o build.linux64-release/cgame/cgame/cg_syscalls.o
/usr/bin/g++ -pipe -Wall -Winvalid-pch -Wno-write-strings -fmessage-length=0 -m64 -fno-exceptions -fno-rtti -fno-strict-aliasing -fPIC -O3 -march=x86-64 -ffast-math -DXMOD_LINUX64 -DCGAMEDLL -I./build.linux64-release/cgame -I./build.linux64-release/ -I./src -I./pak -c src/cgame/cg_text.cpp -o build.linux64-release/cgame/cgame/cg_text.o
/usr/bin/g++ -pipe -Wall -Winvalid-pch -Wno-write-strings -fmessage-length=0 -m64 -fno-exceptions -fno-rtti -fno-strict-aliasing -fPIC -O3 -march=x86-64 -ffast-math -DXMOD_LINUX64 -DCGAMEDLL -I./build.linux64-release/cgame -I./build.linux64-release/ -I./src -I./pak -c src/cgame/cg_trails.cpp -o build.linux64-release/cgame/cgame/cg_trails.o
/usr/bin/g++ -pipe -Wall -Winvalid-pch -Wno-write-strings -fmessage-length=0 -m64 -fno-exceptions -fno-rtti -fno-strict-aliasing -fPIC -O3 -march=x86-64 -ffast-math -DXMOD_LINUX64 -DCGAMEDLL -I./build.linux64-release/cgame -I./build.linux64-release/ -I./src -I./pak -c src/cgame/cg_view.cpp -o build.linux64-release/cgame/cgame/cg_view.o
/usr/bin/g++ -pipe -Wall -Winvalid-pch -Wno-write-strings -fmessage-length=0 -m64 -fno-exceptions -fno-rtti -fno-strict-aliasing -fPIC -O3 -march=x86-64 -ffast-math -DXMOD_LINUX64 -DCGAMEDLL -I./build.linux64-release/cgame -I./build.linux64-release/ -I./src -I./pak -c src/cgame/cg_weapons.cpp -o build.linux64-release/cgame/cgame/cg_weapons.o
src/cgame/cg_weapons.cpp: In function ‘void CG_PyroSmokeTrail(centity_t*, const weaponInfo_t*)’:
src/cgame/cg_weapons.cpp:439:25: warning: variable ‘contents’ set but not used [-Wunused-but-set-variable]
  439 |         int             contents;
      |                         ^~~~~~~~
src/cgame/cg_weapons.cpp:440:25: warning: variable ‘lastContents’ set but not used [-Wunused-but-set-variable]
  440 |         int             lastContents, startTime;
      |                         ^~~~~~~~~~~~
src/cgame/cg_weapons.cpp:444:26: warning: variable ‘le’ set but not used [-Wunused-but-set-variable]
  444 |         localEntity_t   *le;
      |                          ^~
src/cgame/cg_weapons.cpp: In function ‘void CG_AddPlayerWeapon(refEntity_t*, playerState_t*, centity_t*)’:
src/cgame/cg_weapons.cpp:2193:27: warning: variable ‘classInfo’ set but not used [-Wunused-but-set-variable]
 2193 |         bg_playerclass_t* classInfo;
      |                           ^~~~~~~~~
src/cgame/cg_weapons.cpp: In function ‘void CG_LastWeaponUsed_f()’:
src/cgame/cg_weapons.cpp:4023:13: warning: variable ‘lastweap’ set but not used [-Wunused-but-set-variable]
 4023 |         int lastweap;
      |             ^~~~~~~~
src/cgame/cg_weapons.cpp: In function ‘void CG_MissileHitWall(int, int, vec_t*, vec_t*, int)’:
src/cgame/cg_weapons.cpp:5227:43: warning: variable ‘alphaFade’ set but not used [-Wunused-but-set-variable]
 5227 |         qboolean                isSprite, alphaFade = qfalse;
      |                                           ^~~~~~~~~
src/cgame/cg_weapons.cpp:5228:41: warning: variable ‘r’ set but not used [-Wunused-but-set-variable]
 5228 |         int                             r, duration, lightOverdraw, i, j, markDuration, volume;
      |                                         ^
src/cgame/cg_weapons.cpp: In function ‘void CG_Tracer(vec_t*, vec_t*, int)’:
src/cgame/cg_weapons.cpp:5963:25: warning: variable ‘midpoint’ set but not used [-Wunused-but-set-variable]
 5963 |         vec3_t          midpoint;
      |                         ^~~~~~~~
src/cgame/cg_weapons.cpp: In function ‘void CG_Bullet(vec_t*, int, vec_t*, qboolean, int, int, float, int)’:
src/cgame/cg_weapons.cpp:6238:32: warning: variable ‘le’ set but not used [-Wunused-but-set-variable]
 6238 |                 localEntity_t *le; // JPW NERVE
      |                                ^~
/usr/bin/g++ -pipe -Wall -Winvalid-pch -Wno-write-strings -fmessage-length=0 -m64 -fno-exceptions -fno-rtti -fno-strict-aliasing -fPIC -O3 -march=x86-64 -ffast-math -DXMOD_LINUX64 -DCGAMEDLL -I./build.linux64-release/cgame -I./build.linux64-release/ -I./src -I./pak -c src/cgame/cg_window.cpp -o build.linux64-release/cgame/cgame/cg_window.o
/usr/bin/g++ -pipe -Wall -Winvalid-pch -Wno-write-strings -fmessage-length=0 -m64 -fno-exceptions -fno-rtti -fno-strict-aliasing -fPIC -O3 -march=x86-64 -ffast-math -DXMOD_LINUX64 -DCGAMEDLL -I./build.linux64-release/cgame -I./build.linux64-release/ -I./src -I./pak -c src/cgame/cvar/Cvar.cpp -o build.linux64-release/cgame/cgame/cvar/Cvar.o
/usr/bin/g++ -pipe -Wall -Winvalid-pch -Wno-write-strings -fmessage-length=0 -m64 -fno-exceptions -fno-rtti -fno-strict-aliasing -fPIC -O3 -march=x86-64 -ffast-math -DXMOD_LINUX64 -DCGAMEDLL -I./build.linux64-release/cgame -I./build.linux64-release/ -I./src -I./pak -c src/cgame/cvar/util.cpp -o build.linux64-release/cgame/cgame/cvar/util.o
/usr/bin/g++ -pipe -Wall -Winvalid-pch -Wno-write-strings -fmessage-length=0 -m64 -fno-exceptions -fno-rtti -fno-strict-aliasing -fPIC -O3 -march=x86-64 -ffast-math -DXMOD_LINUX64 -DCGAMEDLL -I./build.linux64-release/cgame -I./build.linux64-release/ -I./src -I./pak -c src/cgame/jxac/jxac_antitamper.cpp -o build.linux64-release/cgame/cgame/jxac/jxac_antitamper.o
src/cgame/jxac/jxac_antitamper.cpp:52:20: warning: ‘jxac::tamperTools’ defined but not used [-Wunused-variable]
   52 | static const char* tamperTools[] = {
      |                    ^~~~~~~~~~~
src/cgame/jxac/jxac_antitamper.cpp:8:20: warning: ‘const char* Q_stristr(const char*, const char*)’ defined but not used [-Wunused-function]
    8 | static const char* Q_stristr(const char* haystack, const char* needle) {
      |                    ^~~~~~~~~
/usr/bin/g++ -pipe -Wall -Winvalid-pch -Wno-write-strings -fmessage-length=0 -m64 -fno-exceptions -fno-rtti -fno-strict-aliasing -fPIC -O3 -march=x86-64 -ffast-math -DXMOD_LINUX64 -DCGAMEDLL -I./build.linux64-release/cgame -I./build.linux64-release/ -I./src -I./pak -c src/cgame/jxac/jxac_client.cpp -o build.linux64-release/cgame/cgame/jxac/jxac_client.o
src/cgame/jxac/jxac_client.cpp: In static member function ‘static void jxac::Client::frame()’:
src/cgame/jxac/jxac_client.cpp:93:16: warning: ‘char* __builtin___strncpy_chk(char*, const char*, long unsigned int, long unsigned int)’ output may be truncated copying between 0 and 63 bytes from a string of length 255 [-Wstringop-truncation]
   93 |         strncpy(ip, serverAddr, ipLen);
      |                ^
/usr/bin/g++ -pipe -Wall -Winvalid-pch -Wno-write-strings -fmessage-length=0 -m64 -fno-exceptions -fno-rtti -fno-strict-aliasing -fPIC -O3 -march=x86-64 -ffast-math -DXMOD_LINUX64 -DCGAMEDLL -I./build.linux64-release/cgame -I./build.linux64-release/ -I./src -I./pak -c src/cgame/jxac/jxac_modules.cpp -o build.linux64-release/cgame/cgame/jxac/jxac_modules.o
src/cgame/jxac/jxac_modules.cpp: In function ‘bool jxac::calculateSHA1(const char*, char*)’:
src/cgame/jxac/jxac_modules.cpp:65:10: warning: ignoring return value of ‘size_t fread(void*, size_t, size_t, FILE*)’ declared with attribute ‘warn_unused_result’ [-Wunused-result]
   65 |     fread(buffer, 1, size, f);
      |     ~~~~~^~~~~~~~~~~~~~~~~~~~
/usr/bin/g++ -pipe -Wall -Winvalid-pch -Wno-write-strings -fmessage-length=0 -m64 -fno-exceptions -fno-rtti -fno-strict-aliasing -fPIC -O3 -march=x86-64 -ffast-math -DXMOD_LINUX64 -DCGAMEDLL -I./build.linux64-release/cgame -I./build.linux64-release/ -I./src -I./pak -c src/cgame/jxac/jxac_opengl.cpp -o build.linux64-release/cgame/cgame/jxac/jxac_opengl.o
/usr/bin/g++ -pipe -Wall -Winvalid-pch -Wno-write-strings -fmessage-length=0 -m64 -fno-exceptions -fno-rtti -fno-strict-aliasing -fPIC -O3 -march=x86-64 -ffast-math -DXMOD_LINUX64 -DCGAMEDLL -I./build.linux64-release/cgame -I./build.linux64-release/ -I./src -I./pak -c src/cgame/jxac/jxac_screenshot.cpp -o build.linux64-release/cgame/cgame/jxac/jxac_screenshot.o
/usr/bin/g++ -pipe -Wall -Winvalid-pch -Wno-write-strings -fmessage-length=0 -m64 -fno-exceptions -fno-rtti -fno-strict-aliasing -fPIC -O3 -march=x86-64 -ffast-math -DXMOD_LINUX64 -DCGAMEDLL -I./build.linux64-release/cgame -I./build.linux64-release/ -I./src -I./pak -c src/cgame/jxac/jxac_tcp_client.cpp -o build.linux64-release/cgame/cgame/jxac/jxac_tcp_client.o
/usr/bin/g++ -pipe -Wall -Winvalid-pch -Wno-write-strings -fmessage-length=0 -m64 -fno-exceptions -fno-rtti -fno-strict-aliasing -fPIC -O3 -march=x86-64 -ffast-math -DXMOD_LINUX64 -DCGAMEDLL -I./build.linux64-release/cgame -I./build.linux64-release/ -I./src -I./pak -c src/cgame/linux/cg_hardware.cpp -o build.linux64-release/cgame/cgame/linux/cg_hardware.o
/usr/bin/g++ -pipe -Wall -Winvalid-pch -Wno-write-strings -fmessage-length=0 -m64 -fno-exceptions -fno-rtti -fno-strict-aliasing -fPIC -O3 -march=x86-64 -ffast-math -DXMOD_LINUX64 -DCGAMEDLL -I./build.linux64-release/cgame -I./build.linux64-release/ -I./src -I./pak -c src/cgame/linux/cg_minimize.cpp -o build.linux64-release/cgame/cgame/linux/cg_minimize.o
/usr/bin/g++ -pipe -Wall -Winvalid-pch -Wno-write-strings -fmessage-length=0 -m64 -fno-exceptions -fno-rtti -fno-strict-aliasing -fPIC -O3 -march=x86-64 -ffast-math -DXMOD_LINUX64 -DCGAMEDLL -I./build.linux64-release/cgame -I./build.linux64-release/ -I./src -I./pak -c src/cgame/static.cpp -o build.linux64-release/cgame/cgame/static.o
/usr/bin/g++ -pipe -Wall -Winvalid-pch -Wno-write-strings -fmessage-length=0 -m64 -fno-exceptions -fno-rtti -fno-strict-aliasing -fPIC -O3 -march=x86-64 -ffast-math -DXMOD_LINUX64 -DCGAMEDLL -I./build.linux64-release/cgame -I./build.linux64-release/ -I./src -I./pak -c src/cgame/xm_client_auth.cpp -o build.linux64-release/cgame/cgame/xm_client_auth.o
/usr/bin/g++ -pipe -Wall -Winvalid-pch -Wno-write-strings -fmessage-length=0 -m64 -fno-exceptions -fno-rtti -fno-strict-aliasing -fPIC -O3 -march=x86-64 -ffast-math -DXMOD_LINUX64 -DCGAMEDLL -I./build.linux64-release/cgame -I./build.linux64-release/ -I./src -I./pak -c src/cgame/xm_server_commands_handler.cpp -o build.linux64-release/cgame/cgame/xm_server_commands_handler.o
/usr/bin/g++ -pipe -Wall -Winvalid-pch -Wno-write-strings -fmessage-length=0 -m64 -fno-exceptions -fno-rtti -fno-strict-aliasing -fPIC -O3 -march=x86-64 -ffast-math -DXMOD_LINUX64 -DCGAMEDLL -I./build.linux64-release/cgame -I./build.linux64-release/ -I./src -I./pak -c src/ui/ui_shared.cpp -o build.linux64-release/cgame/ui/ui_shared.o
src/ui/ui_shared.cpp: In function ‘int Item_ListBox_OverLB(itemDef_t*, float, float)’:
src/ui/ui_shared.cpp:2238:23: warning: variable ‘listPtr’ set but not used [-Wunused-but-set-variable]
 2238 |         listBoxDef_t *listPtr;
      |                       ^~~~~~~
src/ui/ui_shared.cpp:2240:13: warning: variable ‘count’ set but not used [-Wunused-but-set-variable]
 2240 |         int count;
      |             ^~~~~
src/ui/ui_shared.cpp: In function ‘void Item_Slider_Paint(itemDef_t*)’:
src/ui/ui_shared.cpp:4522:21: warning: variable ‘value’ set but not used [-Wunused-but-set-variable]
 4522 |         float x, y, value;
      |                     ^~~~~
src/ui/ui_shared.cpp: In function ‘void Item_OwnerDraw_Paint(itemDef_t*)’:
src/ui/ui_shared.cpp:5019:20: warning: variable ‘parent’ set but not used [-Wunused-but-set-variable]
 5019 |         menuDef_t *parent;
      |                    ^~~~~~
src/ui/ui_shared.cpp: In function ‘qboolean ItemParse_asset_model(itemDef_t*, int)’:
src/ui/ui_shared.cpp:5734:21: warning: variable ‘modelPtr’ set but not used [-Wunused-but-set-variable]
 5734 |         modelDef_t *modelPtr;
      |                     ^~~~~~~~
/usr/bin/g++ -pipe -Wall -Winvalid-pch -Wno-write-strings -fmessage-length=0 -m64 -fno-exceptions -fno-rtti -fno-strict-aliasing -fPIC -O3 -march=x86-64 -ffast-math -static-libgcc -DXMOD_LINUX64 -DCGAMEDLL -I./build.linux64-release/cgame -I./build.linux64-release/ -I./src -I./pak -o build.linux64-release/cgame/cgame.mp.x86_64.so build.linux64-release/cgame/bgame/Engine.o build.linux64-release/cgame/bgame/Process.o build.linux64-release/cgame/bgame/SampledStat.o build.linux64-release/cgame/bgame/bg_animation.o build.linux64-release/cgame/bgame/bg_animgroup.o build.linux64-release/cgame/bgame/bg_attack2.o build.linux64-release/cgame/bgame/bg_character.o build.linux64-release/cgame/bgame/bg_classes.o build.linux64-release/cgame/bgame/bg_misc.o build.linux64-release/cgame/bgame/bg_molotov.o build.linux64-release/cgame/bgame/bg_pmove.o build.linux64-release/cgame/bgame/bg_slidemove.o build.linux64-release/cgame/bgame/bg_sscript.o build.linux64-release/cgame/bgame/bg_stats.o build.linux64-release/cgame/bgame/bg_tracemap.o build.linux64-release/cgame/bgame/bg_xmod.o build.linux64-release/cgame/bgame/cvar/Cvar.o build.linux64-release/cgame/bgame/linux/Process.o build.linux64-release/cgame/bgame/linux/bg_cpu.o build.linux64-release/cgame/bgame/q_math.o build.linux64-release/cgame/bgame/q_shared.o build.linux64-release/cgame/bgame/str/PairDump.o build.linux64-release/cgame/bgame/str/util.o build.linux64-release/cgame/cgame/CBulletVolume.o build.linux64-release/cgame/cgame/CHitVolume.o build.linux64-release/cgame/cgame/Console.o build.linux64-release/cgame/cgame/Engine.o build.linux64-release/cgame/cgame/Font.o build.linux64-release/cgame/cgame/Location.o build.linux64-release/cgame/cgame/LocationDB.o build.linux64-release/cgame/cgame/cg_atmospheric.o build.linux64-release/cgame/cgame/cg_character.o build.linux64-release/cgame/cgame/cg_commandmap.o build.linux64-release/cgame/cgame/cg_consolecmds.o build.linux64-release/cgame/cgame/cg_debriefing.o build.linux64-release/cgame/cgame/cg_draw.o build.linux64-release/cgame/cgame/cg_drawtools.o build.linux64-release/cgame/cgame/cg_effects.o build.linux64-release/cgame/cgame/cg_ents.o build.linux64-release/cgame/cgame/cg_event.o build.linux64-release/cgame/cgame/cg_fireteamoverlay.o build.linux64-release/cgame/cgame/cg_fireteams.o build.linux64-release/cgame/cgame/cg_flamethrower.o build.linux64-release/cgame/cgame/cg_info.o build.linux64-release/cgame/cgame/cg_limbopanel.o build.linux64-release/cgame/cgame/cg_loadpanel.o build.linux64-release/cgame/cgame/cg_localents.o build.linux64-release/cgame/cgame/cg_main.o build.linux64-release/cgame/cgame/cg_marks.o build.linux64-release/cgame/cgame/cg_missionbriefing.o build.linux64-release/cgame/cgame/cg_molotov.o build.linux64-release/cgame/cgame/cg_multiview.o build.linux64-release/cgame/cgame/cg_newDraw.o build.linux64-release/cgame/cgame/cg_particles.o build.linux64-release/cgame/cgame/cg_players.o build.linux64-release/cgame/cgame/cg_playerstate.o build.linux64-release/cgame/cgame/cg_polybus.o build.linux64-release/cgame/cgame/cg_popupmessages.o build.linux64-release/cgame/cgame/cg_predict.o build.linux64-release/cgame/cgame/cg_scoreboard.o build.linux64-release/cgame/cgame/cg_servercmds.o build.linux64-release/cgame/cgame/cg_snapshot.o build.linux64-release/cgame/cgame/cg_sound.o build.linux64-release/cgame/cgame/cg_spawn.o build.linux64-release/cgame/cgame/cg_statsranksmedals.o build.linux64-release/cgame/cgame/cg_syscalls.o build.linux64-release/cgame/cgame/cg_text.o build.linux64-release/cgame/cgame/cg_trails.o build.linux64-release/cgame/cgame/cg_view.o build.linux64-release/cgame/cgame/cg_weapons.o build.linux64-release/cgame/cgame/cg_window.o build.linux64-release/cgame/cgame/cvar/Cvar.o build.linux64-release/cgame/cgame/cvar/util.o build.linux64-release/cgame/cgame/jxac/jxac_antitamper.o build.linux64-release/cgame/cgame/jxac/jxac_client.o build.linux64-release/cgame/cgame/jxac/jxac_modules.o build.linux64-release/cgame/cgame/jxac/jxac_opengl.o build.linux64-release/cgame/cgame/jxac/jxac_screenshot.o build.linux64-release/cgame/cgame/jxac/jxac_tcp_client.o build.linux64-release/cgame/cgame/linux/cg_hardware.o build.linux64-release/cgame/cgame/linux/cg_minimize.o build.linux64-release/cgame/cgame/static.o build.linux64-release/cgame/cgame/xm_client_auth.o build.linux64-release/cgame/cgame/xm_server_commands_handler.o build.linux64-release/cgame/ui/ui_shared.o build.linux64-release/lua/liblua.a build.linux64-release/base/libbase.a -shared -Wl,-z,defs -Wl,-z,relro -Wl,-z,now -Wl,-Bsymbolic -L./build.linux64-release/ -lm -ldl
strip build.linux64-release/cgame/cgame.mp.x86_64.so
/usr/bin/g++ -pipe -Wall -Winvalid-pch -Wno-write-strings -fmessage-length=0 -m64 -fno-exceptions -fno-rtti -fno-strict-aliasing -fPIC -O3 -march=x86-64 -ffast-math -DXMOD_LINUX64 -DGAMEDLL -I./build.linux64-release/game -I./src/sqlite3 -I./build.linux64-release/ -I./src -I./pak -c src/bgame/impl.h -o build.linux64-release/game/bgame/impl.h.gch/default
In file included from ./src/game/g_local.h:2747,
                 from src/bgame/impl.h:9:
./src/game/AbstractHitVolume.h:90:32: warning: ‘virtual AbstractHitVolume& AbstractHitVolume::operator=(const AbstractHitVolume&)’ was hidden [-Woverloaded-virtual=]
   90 |     virtual AbstractHitVolume& operator=( const AbstractHitVolume& );
      |                                ^~~~~~~~
In file included from ./src/game/AbstractHitVolume.h:116:
./src/game/AlignedCuboidHV.h:6:7: note:   by ‘AlignedCuboidHV& AlignedCuboidHV::operator=(const AlignedCuboidHV&)’
    6 | class AlignedCuboidHV : public AbstractHitVolume
      |       ^~~~~~~~~~~~~~~
./src/game/AbstractHitVolume.h:90:32: warning: ‘virtual AbstractHitVolume& AbstractHitVolume::operator=(const AbstractHitVolume&)’ was hidden [-Woverloaded-virtual=]
   90 |     virtual AbstractHitVolume& operator=( const AbstractHitVolume& );
      |                                ^~~~~~~~
In file included from ./src/game/AbstractHitVolume.h:117:
./src/game/OrientedCuboidHV.h:24:23: note:   by ‘OrientedCuboidHV& OrientedCuboidHV::operator=(const OrientedCuboidHV&)’
   24 |     OrientedCuboidHV& operator=( const OrientedCuboidHV& );
      |                       ^~~~~~~~
In file included from ./src/game/g_local.h:2748:
./src/game/AbstractHitModel.h:109:31: warning: ‘virtual AbstractHitModel& AbstractHitModel::operator=(const AbstractHitModel&)’ was hidden [-Woverloaded-virtual=]
  109 |     virtual AbstractHitModel& operator=( const AbstractHitModel& );
      |                               ^~~~~~~~
In file included from ./src/game/AbstractHitModel.h:126:
./src/game/AbstractStateHitModel.h:52:28: note:   by ‘AbstractStateHitModel& AbstractStateHitModel::operator=(const AbstractStateHitModel&)’
   52 |     AbstractStateHitModel& operator=( const AbstractStateHitModel& );
      |                            ^~~~~~~~
./src/game/AbstractHitModel.h:109:31: warning: ‘virtual AbstractHitModel& AbstractHitModel::operator=(const AbstractHitModel&)’ was hidden [-Woverloaded-virtual=]
  109 |     virtual AbstractHitModel& operator=( const AbstractHitModel& );
      |                               ^~~~~~~~
In file included from ./src/game/AbstractStateHitModel.h:59:
./src/game/BasicHitModel.h:29:20: note:   by ‘BasicHitModel& BasicHitModel::operator=(const BasicHitModel&)’
   29 |     BasicHitModel& operator=( const BasicHitModel& );
      |                    ^~~~~~~~
./src/game/AbstractHitModel.h:109:31: warning: ‘virtual AbstractHitModel& AbstractHitModel::operator=(const AbstractHitModel&)’ was hidden [-Woverloaded-virtual=]
  109 |     virtual AbstractHitModel& operator=( const AbstractHitModel& );
      |                               ^~~~~~~~
In file included from ./src/game/AbstractStateHitModel.h:60:
./src/game/EtmainHitModel.h:27:21: note:   by ‘EtmainHitModel& EtmainHitModel::operator=(const EtmainHitModel&)’
   27 |     EtmainHitModel& operator=( const EtmainHitModel& );
      |                     ^~~~~~~~
./src/game/AbstractHitModel.h:109:31: warning: ‘virtual AbstractHitModel& AbstractHitModel::operator=(const AbstractHitModel&)’ was hidden [-Woverloaded-virtual=]
  109 |     virtual AbstractHitModel& operator=( const AbstractHitModel& );
      |                               ^~~~~~~~
In file included from ./src/game/AbstractStateHitModel.h:61:
./src/game/StandardHitModel.h:30:23: note:   by ‘StandardHitModel& StandardHitModel::operator=(const StandardHitModel&)’
   30 |     StandardHitModel& operator=( const StandardHitModel& );
      |                       ^~~~~~~~
./src/game/AbstractHitModel.h:109:31: warning: ‘virtual AbstractHitModel& AbstractHitModel::operator=(const AbstractHitModel&)’ was hidden [-Woverloaded-virtual=]
  109 |     virtual AbstractHitModel& operator=( const AbstractHitModel& );
      |                               ^~~~~~~~
In file included from ./src/game/AbstractHitModel.h:127:
./src/game/AdvancedHitModel.h:34:23: note:   by ‘AdvancedHitModel& AdvancedHitModel::operator=(const AdvancedHitModel&)’
   34 |     AdvancedHitModel& operator=( const AdvancedHitModel& );
      |                       ^~~~~~~~
./src/game/AbstractHitModel.h:109:31: warning: ‘virtual AbstractHitModel& AbstractHitModel::operator=(const AbstractHitModel&)’ was hidden [-Woverloaded-virtual=]
  109 |     virtual AbstractHitModel& operator=( const AbstractHitModel& );
      |                               ^~~~~~~~
In file included from ./src/game/AbstractHitModel.h:128:
./src/game/EntityHitModel.h:31:21: note:   by ‘EntityHitModel& EntityHitModel::operator=(const EntityHitModel&)’
   31 |     EntityHitModel& operator=( const EntityHitModel& );
      |                     ^~~~~~~~
./src/game/AbstractHitModel.h:109:31: warning: ‘virtual AbstractHitModel& AbstractHitModel::operator=(const AbstractHitModel&)’ was hidden [-Woverloaded-virtual=]
  109 |     virtual AbstractHitModel& operator=( const AbstractHitModel& );
      |                               ^~~~~~~~
In file included from ./src/game/AbstractHitModel.h:129:
./src/game/OrientedHitModel.h:35:23: note:   by ‘OrientedHitModel& OrientedHitModel::operator=(const OrientedHitModel&)’
   35 |     OrientedHitModel& operator=( const OrientedHitModel& );
      |                       ^~~~~~~~
/usr/bin/g++ -pipe -Wall -Winvalid-pch -Wno-write-strings -fmessage-length=0 -m64 -fno-exceptions -fno-rtti -fno-strict-aliasing -fPIC -O3 -march=x86-64 -ffast-math -DXMOD_LINUX64 -DGAMEDLL -I./build.linux64-release/game -I./src/sqlite3 -I./build.linux64-release/ -I./src -I./pak -c src/bgame/Engine.cpp -o build.linux64-release/game/bgame/Engine.o
/usr/bin/g++ -pipe -Wall -Winvalid-pch -Wno-write-strings -fmessage-length=0 -m64 -fno-exceptions -fno-rtti -fno-strict-aliasing -fPIC -O3 -march=x86-64 -ffast-math -DXMOD_LINUX64 -DGAMEDLL -I./build.linux64-release/game -I./src/sqlite3 -I./build.linux64-release/ -I./src -I./pak -c src/bgame/Logger.cpp -o build.linux64-release/game/bgame/Logger.o
/usr/bin/g++ -pipe -Wall -Winvalid-pch -Wno-write-strings -fmessage-length=0 -m64 -fno-exceptions -fno-rtti -fno-strict-aliasing -fPIC -O3 -march=x86-64 -ffast-math -DXMOD_LINUX64 -DGAMEDLL -I./build.linux64-release/game -I./src/sqlite3 -I./build.linux64-release/ -I./src -I./pak -c src/bgame/Process.cpp -o build.linux64-release/game/bgame/Process.o
/usr/bin/g++ -pipe -Wall -Winvalid-pch -Wno-write-strings -fmessage-length=0 -m64 -fno-exceptions -fno-rtti -fno-strict-aliasing -fPIC -O3 -march=x86-64 -ffast-math -DXMOD_LINUX64 -DGAMEDLL -I./build.linux64-release/game -I./src/sqlite3 -I./build.linux64-release/ -I./src -I./pak -c src/bgame/SampledStat.cpp -o build.linux64-release/game/bgame/SampledStat.o
/usr/bin/g++ -pipe -Wall -Winvalid-pch -Wno-write-strings -fmessage-length=0 -m64 -fno-exceptions -fno-rtti -fno-strict-aliasing -fPIC -O3 -march=x86-64 -ffast-math -DXMOD_LINUX64 -DGAMEDLL -I./build.linux64-release/game -I./src/sqlite3 -I./build.linux64-release/ -I./src -I./pak -c src/bgame/bg_animation.cpp -o build.linux64-release/game/bgame/bg_animation.o
src/bgame/bg_animation.cpp: In function ‘void BG_ParseConditionBits(char**, animStringItem_t*, int, int*)’:
src/bgame/bg_animation.cpp:581:35: warning: ‘sizeof’ on array function parameter ‘result’ will return size of ‘int*’ [-Wsizeof-array-argument]
  581 |         memset( result, 0, sizeof(result) );
      |                                  ~^~~~~~~
src/bgame/bg_animation.cpp:570:95: note: declared here
  570 | void BG_ParseConditionBits( char **text_pp, animStringItem_t *stringTable, int condIndex, int result[2] )
      |                                                                                           ~~~~^~~~~~~~~
src/bgame/bg_animation.cpp:581:28: warning: argument to ‘sizeof’ in ‘void* memset(void*, int, size_t)’ call is the same expression as the destination; did you mean to dereference it? [-Wsizeof-pointer-memaccess]
  581 |         memset( result, 0, sizeof(result) );
      |                            ^~~~~~~~~~~~~~
src/bgame/bg_animation.cpp: In function ‘void BG_ParseCommands(char**, animScriptItem_t*, animModelInfo_t*, animScriptData_t*)’:
src/bgame/bg_animation.cpp:774:45: warning: argument to ‘sizeof’ in ‘void* memset(void*, int, size_t)’ call is the same expression as the destination; did you mean to dereference it? [-Wsizeof-pointer-memaccess]
  774 |                         memset( command, 0, sizeof(command) );
      |                                             ^~~~~~~~~~~~~~~
/usr/bin/g++ -pipe -Wall -Winvalid-pch -Wno-write-strings -fmessage-length=0 -m64 -fno-exceptions -fno-rtti -fno-strict-aliasing -fPIC -O3 -march=x86-64 -ffast-math -DXMOD_LINUX64 -DGAMEDLL -I./build.linux64-release/game -I./src/sqlite3 -I./build.linux64-release/ -I./src -I./pak -c src/bgame/bg_animgroup.cpp -o build.linux64-release/game/bgame/bg_animgroup.o
/usr/bin/g++ -pipe -Wall -Winvalid-pch -Wno-write-strings -fmessage-length=0 -m64 -fno-exceptions -fno-rtti -fno-strict-aliasing -fPIC -O3 -march=x86-64 -ffast-math -DXMOD_LINUX64 -DGAMEDLL -I./build.linux64-release/game -I./src/sqlite3 -I./build.linux64-release/ -I./src -I./pak -c src/bgame/bg_attack2.cpp -o build.linux64-release/game/bgame/bg_attack2.o
/usr/bin/g++ -pipe -Wall -Winvalid-pch -Wno-write-strings -fmessage-length=0 -m64 -fno-exceptions -fno-rtti -fno-strict-aliasing -fPIC -O3 -march=x86-64 -ffast-math -DXMOD_LINUX64 -DGAMEDLL -I./build.linux64-release/game -I./src/sqlite3 -I./build.linux64-release/ -I./src -I./pak -c src/bgame/bg_campaign.cpp -o build.linux64-release/game/bgame/bg_campaign.o
/usr/bin/g++ -pipe -Wall -Winvalid-pch -Wno-write-strings -fmessage-length=0 -m64 -fno-exceptions -fno-rtti -fno-strict-aliasing -fPIC -O3 -march=x86-64 -ffast-math -DXMOD_LINUX64 -DGAMEDLL -I./build.linux64-release/game -I./src/sqlite3 -I./build.linux64-release/ -I./src -I./pak -c src/bgame/bg_character.cpp -o build.linux64-release/game/bgame/bg_character.o
/usr/bin/g++ -pipe -Wall -Winvalid-pch -Wno-write-strings -fmessage-length=0 -m64 -fno-exceptions -fno-rtti -fno-strict-aliasing -fPIC -O3 -march=x86-64 -ffast-math -DXMOD_LINUX64 -DGAMEDLL -I./build.linux64-release/game -I./src/sqlite3 -I./build.linux64-release/ -I./src -I./pak -c src/bgame/bg_classes.cpp -o build.linux64-release/game/bgame/bg_classes.o
/usr/bin/g++ -pipe -Wall -Winvalid-pch -Wno-write-strings -fmessage-length=0 -m64 -fno-exceptions -fno-rtti -fno-strict-aliasing -fPIC -O3 -march=x86-64 -ffast-math -DXMOD_LINUX64 -DGAMEDLL -I./build.linux64-release/game -I./src/sqlite3 -I./build.linux64-release/ -I./src -I./pak -c src/bgame/bg_misc.cpp -o build.linux64-release/game/bgame/bg_misc.o
/usr/bin/g++ -pipe -Wall -Winvalid-pch -Wno-write-strings -fmessage-length=0 -m64 -fno-exceptions -fno-rtti -fno-strict-aliasing -fPIC -O3 -march=x86-64 -ffast-math -DXMOD_LINUX64 -DGAMEDLL -I./build.linux64-release/game -I./src/sqlite3 -I./build.linux64-release/ -I./src -I./pak -c src/bgame/bg_molotov.cpp -o build.linux64-release/game/bgame/bg_molotov.o
/usr/bin/g++ -pipe -Wall -Winvalid-pch -Wno-write-strings -fmessage-length=0 -m64 -fno-exceptions -fno-rtti -fno-strict-aliasing -fPIC -O3 -march=x86-64 -ffast-math -DXMOD_LINUX64 -DGAMEDLL -I./build.linux64-release/game -I./src/sqlite3 -I./build.linux64-release/ -I./src -I./pak -c src/bgame/bg_pmove.cpp -o build.linux64-release/game/bgame/bg_pmove.o
src/bgame/bg_pmove.cpp: In function ‘void PM_Weapon()’:
src/bgame/bg_pmove.cpp:4831:23: warning: variable ‘bckmove_knockback’ set but not used [-Wunused-but-set-variable]
 4831 |                 float bckmove_knockback = 0.f;
      |                       ^~~~~~~~~~~~~~~~~
/usr/bin/g++ -pipe -Wall -Winvalid-pch -Wno-write-strings -fmessage-length=0 -m64 -fno-exceptions -fno-rtti -fno-strict-aliasing -fPIC -O3 -march=x86-64 -ffast-math -DXMOD_LINUX64 -DGAMEDLL -I./build.linux64-release/game -I./src/sqlite3 -I./build.linux64-release/ -I./src -I./pak -c src/bgame/bg_slidemove.cpp -o build.linux64-release/game/bgame/bg_slidemove.o
/usr/bin/g++ -pipe -Wall -Winvalid-pch -Wno-write-strings -fmessage-length=0 -m64 -fno-exceptions -fno-rtti -fno-strict-aliasing -fPIC -O3 -march=x86-64 -ffast-math -DXMOD_LINUX64 -DGAMEDLL -I./build.linux64-release/game -I./src/sqlite3 -I./build.linux64-release/ -I./src -I./pak -c src/bgame/bg_sscript.cpp -o build.linux64-release/game/bgame/bg_sscript.o
/usr/bin/g++ -pipe -Wall -Winvalid-pch -Wno-write-strings -fmessage-length=0 -m64 -fno-exceptions -fno-rtti -fno-strict-aliasing -fPIC -O3 -march=x86-64 -ffast-math -DXMOD_LINUX64 -DGAMEDLL -I./build.linux64-release/game -I./src/sqlite3 -I./build.linux64-release/ -I./src -I./pak -c src/bgame/bg_stats.cpp -o build.linux64-release/game/bgame/bg_stats.o
/usr/bin/g++ -pipe -Wall -Winvalid-pch -Wno-write-strings -fmessage-length=0 -m64 -fno-exceptions -fno-rtti -fno-strict-aliasing -fPIC -O3 -march=x86-64 -ffast-math -DXMOD_LINUX64 -DGAMEDLL -I./build.linux64-release/game -I./src/sqlite3 -I./build.linux64-release/ -I./src -I./pak -c src/bgame/bg_tracemap.cpp -o build.linux64-release/game/bgame/bg_tracemap.o
/usr/bin/g++ -pipe -Wall -Winvalid-pch -Wno-write-strings -fmessage-length=0 -m64 -fno-exceptions -fno-rtti -fno-strict-aliasing -fPIC -O3 -march=x86-64 -ffast-math -DXMOD_LINUX64 -DGAMEDLL -I./build.linux64-release/game -I./src/sqlite3 -I./build.linux64-release/ -I./src -I./pak -c src/bgame/bg_xmod.cpp -o build.linux64-release/game/bgame/bg_xmod.o
/usr/bin/g++ -pipe -Wall -Winvalid-pch -Wno-write-strings -fmessage-length=0 -m64 -fno-exceptions -fno-rtti -fno-strict-aliasing -fPIC -O3 -march=x86-64 -ffast-math -DXMOD_LINUX64 -DGAMEDLL -I./build.linux64-release/game -I./src/sqlite3 -I./build.linux64-release/ -I./src -I./pak -c src/bgame/cvar/Cvar.cpp -o build.linux64-release/game/bgame/cvar/Cvar.o
/usr/bin/g++ -pipe -Wall -Winvalid-pch -Wno-write-strings -fmessage-length=0 -m64 -fno-exceptions -fno-rtti -fno-strict-aliasing -fPIC -O3 -march=x86-64 -ffast-math -DXMOD_LINUX64 -DGAMEDLL -I./build.linux64-release/game -I./src/sqlite3 -I./build.linux64-release/ -I./src -I./pak -c src/bgame/linux/Process.cpp -o build.linux64-release/game/bgame/linux/Process.o
/usr/bin/g++ -pipe -Wall -Winvalid-pch -Wno-write-strings -fmessage-length=0 -m64 -fno-exceptions -fno-rtti -fno-strict-aliasing -fPIC -O3 -march=x86-64 -ffast-math -DXMOD_LINUX64 -DGAMEDLL -I./build.linux64-release/game -I./src/sqlite3 -I./build.linux64-release/ -I./src -I./pak -c src/bgame/linux/bg_cpu.cpp -o build.linux64-release/game/bgame/linux/bg_cpu.o
In file included from ./src/game/g_local.h:2747,
                 from src/bgame/linux/Process.cpp:4:
./src/game/AbstractHitVolume.h:90:32: warning: ‘virtual AbstractHitVolume& AbstractHitVolume::operator=(const AbstractHitVolume&)’ was hidden [-Woverloaded-virtual=]
   90 |     virtual AbstractHitVolume& operator=( const AbstractHitVolume& );
      |                                ^~~~~~~~
In file included from ./src/game/AbstractHitVolume.h:116:
./src/game/AlignedCuboidHV.h:6:7: note:   by ‘AlignedCuboidHV& AlignedCuboidHV::operator=(const AlignedCuboidHV&)’
    6 | class AlignedCuboidHV : public AbstractHitVolume
      |       ^~~~~~~~~~~~~~~
./src/game/AbstractHitVolume.h:90:32: warning: ‘virtual AbstractHitVolume& AbstractHitVolume::operator=(const AbstractHitVolume&)’ was hidden [-Woverloaded-virtual=]
   90 |     virtual AbstractHitVolume& operator=( const AbstractHitVolume& );
      |                                ^~~~~~~~
In file included from ./src/game/AbstractHitVolume.h:117:
./src/game/OrientedCuboidHV.h:24:23: note:   by ‘OrientedCuboidHV& OrientedCuboidHV::operator=(const OrientedCuboidHV&)’
   24 |     OrientedCuboidHV& operator=( const OrientedCuboidHV& );
      |                       ^~~~~~~~
In file included from ./src/game/g_local.h:2748:
./src/game/AbstractHitModel.h:109:31: warning: ‘virtual AbstractHitModel& AbstractHitModel::operator=(const AbstractHitModel&)’ was hidden [-Woverloaded-virtual=]
  109 |     virtual AbstractHitModel& operator=( const AbstractHitModel& );
      |                               ^~~~~~~~
In file included from ./src/game/AbstractHitModel.h:126:
./src/game/AbstractStateHitModel.h:52:28: note:   by ‘AbstractStateHitModel& AbstractStateHitModel::operator=(const AbstractStateHitModel&)’
   52 |     AbstractStateHitModel& operator=( const AbstractStateHitModel& );
      |                            ^~~~~~~~
./src/game/AbstractHitModel.h:109:31: warning: ‘virtual AbstractHitModel& AbstractHitModel::operator=(const AbstractHitModel&)’ was hidden [-Woverloaded-virtual=]
  109 |     virtual AbstractHitModel& operator=( const AbstractHitModel& );
      |                               ^~~~~~~~
In file included from ./src/game/AbstractStateHitModel.h:59:
./src/game/BasicHitModel.h:29:20: note:   by ‘BasicHitModel& BasicHitModel::operator=(const BasicHitModel&)’
   29 |     BasicHitModel& operator=( const BasicHitModel& );
      |                    ^~~~~~~~
./src/game/AbstractHitModel.h:109:31: warning: ‘virtual AbstractHitModel& AbstractHitModel::operator=(const AbstractHitModel&)’ was hidden [-Woverloaded-virtual=]
  109 |     virtual AbstractHitModel& operator=( const AbstractHitModel& );
      |                               ^~~~~~~~
In file included from ./src/game/AbstractStateHitModel.h:60:
./src/game/EtmainHitModel.h:27:21: note:   by ‘EtmainHitModel& EtmainHitModel::operator=(const EtmainHitModel&)’
   27 |     EtmainHitModel& operator=( const EtmainHitModel& );
      |                     ^~~~~~~~
./src/game/AbstractHitModel.h:109:31: warning: ‘virtual AbstractHitModel& AbstractHitModel::operator=(const AbstractHitModel&)’ was hidden [-Woverloaded-virtual=]
  109 |     virtual AbstractHitModel& operator=( const AbstractHitModel& );
      |                               ^~~~~~~~
In file included from ./src/game/AbstractStateHitModel.h:61:
./src/game/StandardHitModel.h:30:23: note:   by ‘StandardHitModel& StandardHitModel::operator=(const StandardHitModel&)’
   30 |     StandardHitModel& operator=( const StandardHitModel& );
      |                       ^~~~~~~~
./src/game/AbstractHitModel.h:109:31: warning: ‘virtual AbstractHitModel& AbstractHitModel::operator=(const AbstractHitModel&)’ was hidden [-Woverloaded-virtual=]
  109 |     virtual AbstractHitModel& operator=( const AbstractHitModel& );
      |                               ^~~~~~~~
In file included from ./src/game/AbstractHitModel.h:127:
./src/game/AdvancedHitModel.h:34:23: note:   by ‘AdvancedHitModel& AdvancedHitModel::operator=(const AdvancedHitModel&)’
   34 |     AdvancedHitModel& operator=( const AdvancedHitModel& );
      |                       ^~~~~~~~
./src/game/AbstractHitModel.h:109:31: warning: ‘virtual AbstractHitModel& AbstractHitModel::operator=(const AbstractHitModel&)’ was hidden [-Woverloaded-virtual=]
  109 |     virtual AbstractHitModel& operator=( const AbstractHitModel& );
      |                               ^~~~~~~~
In file included from ./src/game/AbstractHitModel.h:128:
./src/game/EntityHitModel.h:31:21: note:   by ‘EntityHitModel& EntityHitModel::operator=(const EntityHitModel&)’
   31 |     EntityHitModel& operator=( const EntityHitModel& );
      |                     ^~~~~~~~
./src/game/AbstractHitModel.h:109:31: warning: ‘virtual AbstractHitModel& AbstractHitModel::operator=(const AbstractHitModel&)’ was hidden [-Woverloaded-virtual=]
  109 |     virtual AbstractHitModel& operator=( const AbstractHitModel& );
      |                               ^~~~~~~~
In file included from ./src/game/AbstractHitModel.h:129:
./src/game/OrientedHitModel.h:35:23: note:   by ‘OrientedHitModel& OrientedHitModel::operator=(const OrientedHitModel&)’
   35 |     OrientedHitModel& operator=( const OrientedHitModel& );
      |                       ^~~~~~~~
In file included from ./src/game/g_local.h:2747,
                 from src/bgame/linux/bg_cpu.cpp:6:
./src/game/AbstractHitVolume.h:90:32: warning: ‘virtual AbstractHitVolume& AbstractHitVolume::operator=(const AbstractHitVolume&)’ was hidden [-Woverloaded-virtual=]
   90 |     virtual AbstractHitVolume& operator=( const AbstractHitVolume& );
      |                                ^~~~~~~~
In file included from ./src/game/AbstractHitVolume.h:116:
./src/game/AlignedCuboidHV.h:6:7: note:   by ‘AlignedCuboidHV& AlignedCuboidHV::operator=(const AlignedCuboidHV&)’
    6 | class AlignedCuboidHV : public AbstractHitVolume
      |       ^~~~~~~~~~~~~~~
./src/game/AbstractHitVolume.h:90:32: warning: ‘virtual AbstractHitVolume& AbstractHitVolume::operator=(const AbstractHitVolume&)’ was hidden [-Woverloaded-virtual=]
   90 |     virtual AbstractHitVolume& operator=( const AbstractHitVolume& );
      |                                ^~~~~~~~
In file included from ./src/game/AbstractHitVolume.h:117:
./src/game/OrientedCuboidHV.h:24:23: note:   by ‘OrientedCuboidHV& OrientedCuboidHV::operator=(const OrientedCuboidHV&)’
   24 |     OrientedCuboidHV& operator=( const OrientedCuboidHV& );
      |                       ^~~~~~~~
In file included from ./src/game/g_local.h:2748:
./src/game/AbstractHitModel.h:109:31: warning: ‘virtual AbstractHitModel& AbstractHitModel::operator=(const AbstractHitModel&)’ was hidden [-Woverloaded-virtual=]
  109 |     virtual AbstractHitModel& operator=( const AbstractHitModel& );
      |                               ^~~~~~~~
In file included from ./src/game/AbstractHitModel.h:126:
./src/game/AbstractStateHitModel.h:52:28: note:   by ‘AbstractStateHitModel& AbstractStateHitModel::operator=(const AbstractStateHitModel&)’
   52 |     AbstractStateHitModel& operator=( const AbstractStateHitModel& );
      |                            ^~~~~~~~
./src/game/AbstractHitModel.h:109:31: warning: ‘virtual AbstractHitModel& AbstractHitModel::operator=(const AbstractHitModel&)’ was hidden [-Woverloaded-virtual=]
  109 |     virtual AbstractHitModel& operator=( const AbstractHitModel& );
      |                               ^~~~~~~~
In file included from ./src/game/AbstractStateHitModel.h:59:
./src/game/BasicHitModel.h:29:20: note:   by ‘BasicHitModel& BasicHitModel::operator=(const BasicHitModel&)’
   29 |     BasicHitModel& operator=( const BasicHitModel& );
      |                    ^~~~~~~~
./src/game/AbstractHitModel.h:109:31: warning: ‘virtual AbstractHitModel& AbstractHitModel::operator=(const AbstractHitModel&)’ was hidden [-Woverloaded-virtual=]
  109 |     virtual AbstractHitModel& operator=( const AbstractHitModel& );
      |                               ^~~~~~~~
In file included from ./src/game/AbstractStateHitModel.h:60:
./src/game/EtmainHitModel.h:27:21: note:   by ‘EtmainHitModel& EtmainHitModel::operator=(const EtmainHitModel&)’
   27 |     EtmainHitModel& operator=( const EtmainHitModel& );
      |                     ^~~~~~~~
./src/game/AbstractHitModel.h:109:31: warning: ‘virtual AbstractHitModel& AbstractHitModel::operator=(const AbstractHitModel&)’ was hidden [-Woverloaded-virtual=]
  109 |     virtual AbstractHitModel& operator=( const AbstractHitModel& );
      |                               ^~~~~~~~
In file included from ./src/game/AbstractStateHitModel.h:61:
./src/game/StandardHitModel.h:30:23: note:   by ‘StandardHitModel& StandardHitModel::operator=(const StandardHitModel&)’
   30 |     StandardHitModel& operator=( const StandardHitModel& );
      |                       ^~~~~~~~
./src/game/AbstractHitModel.h:109:31: warning: ‘virtual AbstractHitModel& AbstractHitModel::operator=(const AbstractHitModel&)’ was hidden [-Woverloaded-virtual=]
  109 |     virtual AbstractHitModel& operator=( const AbstractHitModel& );
      |                               ^~~~~~~~
In file included from ./src/game/AbstractHitModel.h:127:
./src/game/AdvancedHitModel.h:34:23: note:   by ‘AdvancedHitModel& AdvancedHitModel::operator=(const AdvancedHitModel&)’
   34 |     AdvancedHitModel& operator=( const AdvancedHitModel& );
      |                       ^~~~~~~~
./src/game/AbstractHitModel.h:109:31: warning: ‘virtual AbstractHitModel& AbstractHitModel::operator=(const AbstractHitModel&)’ was hidden [-Woverloaded-virtual=]
  109 |     virtual AbstractHitModel& operator=( const AbstractHitModel& );
      |                               ^~~~~~~~
In file included from ./src/game/AbstractHitModel.h:128:
./src/game/EntityHitModel.h:31:21: note:   by ‘EntityHitModel& EntityHitModel::operator=(const EntityHitModel&)’
   31 |     EntityHitModel& operator=( const EntityHitModel& );
      |                     ^~~~~~~~
./src/game/AbstractHitModel.h:109:31: warning: ‘virtual AbstractHitModel& AbstractHitModel::operator=(const AbstractHitModel&)’ was hidden [-Woverloaded-virtual=]
  109 |     virtual AbstractHitModel& operator=( const AbstractHitModel& );
      |                               ^~~~~~~~
In file included from ./src/game/AbstractHitModel.h:129:
./src/game/OrientedHitModel.h:35:23: note:   by ‘OrientedHitModel& OrientedHitModel::operator=(const OrientedHitModel&)’
   35 |     OrientedHitModel& operator=( const OrientedHitModel& );
      |                       ^~~~~~~~
/usr/bin/g++ -pipe -Wall -Winvalid-pch -Wno-write-strings -fmessage-length=0 -m64 -fno-exceptions -fno-rtti -fno-strict-aliasing -fPIC -O3 -march=x86-64 -ffast-math -DXMOD_LINUX64 -DGAMEDLL -I./build.linux64-release/game -I./src/sqlite3 -I./build.linux64-release/ -I./src -I./pak -c src/bgame/q_math.cpp -o build.linux64-release/game/bgame/q_math.o
src/bgame/linux/bg_cpu.cpp: In function ‘void BG_cpuUpdate()’:
src/bgame/linux/bg_cpu.cpp:85:36: warning: ‘char* __builtin_strncpy(char*, const char*, long unsigned int)’ output may be truncated copying 31 bytes from a string of length 63 [-Wstringop-truncation]
   85 |                             strncpy( cpuModel, tokenValue, cpuModelSize-1 );
      |                                    ^
/usr/bin/g++ -pipe -Wall -Winvalid-pch -Wno-write-strings -fmessage-length=0 -m64 -fno-exceptions -fno-rtti -fno-strict-aliasing -fPIC -O3 -march=x86-64 -ffast-math -DXMOD_LINUX64 -DGAMEDLL -I./build.linux64-release/game -I./src/sqlite3 -I./build.linux64-release/ -I./src -I./pak -c src/bgame/q_shared.cpp -o build.linux64-release/game/bgame/q_shared.o
src/bgame/q_shared.cpp: In function ‘qboolean COM_BitCheck(const int*, int)’:
src/bgame/q_shared.cpp:133:25: warning: ‘sizeof’ on array function parameter ‘array’ will return size of ‘const int*’ [-Wsizeof-array-argument]
  133 |         if (i >= sizeof(array)) return qfalse;
      |                        ~^~~~~~
src/bgame/q_shared.cpp:120:34: note: declared here
  120 | qboolean COM_BitCheck( const int array[], int bitNum ) {
      |                        ~~~~~~~~~~^~~~~~~
src/bgame/q_shared.cpp: In function ‘void COM_BitSet(int*, int)’:
src/bgame/q_shared.cpp:158:24: warning: ‘sizeof’ on array function parameter ‘array’ will return size of ‘int*’ [-Wsizeof-array-argument]
  158 |         if(i >= sizeof(array)) return;
      |                       ~^~~~~~
src/bgame/q_shared.cpp:145:22: note: declared here
  145 | void COM_BitSet( int array[], int bitNum ) {
      |                  ~~~~^~~~~~~
src/bgame/q_shared.cpp: In function ‘void COM_BitClear(int*, int)’:
src/bgame/q_shared.cpp:183:24: warning: ‘sizeof’ on array function parameter ‘array’ will return size of ‘int*’ [-Wsizeof-array-argument]
  183 |         if(i >= sizeof(array)) return;
      |                       ~^~~~~~
src/bgame/q_shared.cpp:170:24: note: declared here
  170 | void COM_BitClear( int array[], int bitNum ) {
      |                    ~~~~^~~~~~~
src/bgame/q_shared.cpp: In function ‘int COM_Compress(char*)’:
src/bgame/q_shared.cpp:432:16: warning: variable ‘pc’ set but not used [-Wunused-but-set-variable]
  432 |         int c, pc, size;
      |                ^~
/usr/bin/g++ -pipe -Wall -Winvalid-pch -Wno-write-strings -fmessage-length=0 -m64 -fno-exceptions -fno-rtti -fno-strict-aliasing -fPIC -O3 -march=x86-64 -ffast-math -DXMOD_LINUX64 -DGAMEDLL -I./build.linux64-release/game -I./src/sqlite3 -I./build.linux64-release/ -I./src -I./pak -c src/bgame/str/PairDump.cpp -o build.linux64-release/game/bgame/str/PairDump.o
/usr/bin/g++ -pipe -Wall -Winvalid-pch -Wno-write-strings -fmessage-length=0 -m64 -fno-exceptions -fno-rtti -fno-strict-aliasing -fPIC -O3 -march=x86-64 -ffast-math -DXMOD_LINUX64 -DGAMEDLL -I./build.linux64-release/game -I./src/sqlite3 -I./build.linux64-release/ -I./src -I./pak -c src/bgame/str/util.cpp -o build.linux64-release/game/bgame/str/util.o
/usr/bin/g++ -pipe -Wall -Winvalid-pch -Wno-write-strings -fmessage-length=0 -m64 -fno-exceptions -fno-rtti -fno-strict-aliasing -fPIC -O3 -march=x86-64 -ffast-math -DXMOD_LINUX64 -DGAMEDLL -I./build.linux64-release/game -I./src/sqlite3 -I./build.linux64-release/ -I./src -I./pak -c src/game/AbstractBulletModel.cpp -o build.linux64-release/game/game/AbstractBulletModel.o
/usr/bin/g++ -pipe -Wall -Winvalid-pch -Wno-write-strings -fmessage-length=0 -m64 -fno-exceptions -fno-rtti -fno-strict-aliasing -fPIC -O3 -march=x86-64 -ffast-math -DXMOD_LINUX64 -DGAMEDLL -I./build.linux64-release/game -I./src/sqlite3 -I./build.linux64-release/ -I./src -I./pak -c src/game/AbstractBulletVolume.cpp -o build.linux64-release/game/game/AbstractBulletVolume.o
/usr/bin/g++ -pipe -Wall -Winvalid-pch -Wno-write-strings -fmessage-length=0 -m64 -fno-exceptions -fno-rtti -fno-strict-aliasing -fPIC -O3 -march=x86-64 -ffast-math -DXMOD_LINUX64 -DGAMEDLL -I./build.linux64-release/game -I./src/sqlite3 -I./build.linux64-release/ -I./src -I./pak -c src/game/AbstractHitModel.cpp -o build.linux64-release/game/game/AbstractHitModel.o
/usr/bin/g++ -pipe -Wall -Winvalid-pch -Wno-write-strings -fmessage-length=0 -m64 -fno-exceptions -fno-rtti -fno-strict-aliasing -fPIC -O3 -march=x86-64 -ffast-math -DXMOD_LINUX64 -DGAMEDLL -I./build.linux64-release/game -I./src/sqlite3 -I./build.linux64-release/ -I./src -I./pak -c src/game/AbstractHitVolume.cpp -o build.linux64-release/game/game/AbstractHitVolume.o
/usr/bin/g++ -pipe -Wall -Winvalid-pch -Wno-write-strings -fmessage-length=0 -m64 -fno-exceptions -fno-rtti -fno-strict-aliasing -fPIC -O3 -march=x86-64 -ffast-math -DXMOD_LINUX64 -DGAMEDLL -I./build.linux64-release/game -I./src/sqlite3 -I./build.linux64-release/ -I./src -I./pak -c src/game/AbstractStateHitModel.cpp -o build.linux64-release/game/game/AbstractStateHitModel.o
/usr/bin/g++ -pipe -Wall -Winvalid-pch -Wno-write-strings -fmessage-length=0 -m64 -fno-exceptions -fno-rtti -fno-strict-aliasing -fPIC -O3 -march=x86-64 -ffast-math -DXMOD_LINUX64 -DGAMEDLL -I./build.linux64-release/game -I./src/sqlite3 -I./build.linux64-release/ -I./src -I./pak -c src/game/AdminLog.cpp -o build.linux64-release/game/game/AdminLog.o
/usr/bin/g++ -pipe -Wall -Winvalid-pch -Wno-write-strings -fmessage-length=0 -m64 -fno-exceptions -fno-rtti -fno-strict-aliasing -fPIC -O3 -march=x86-64 -ffast-math -DXMOD_LINUX64 -DGAMEDLL -I./build.linux64-release/game -I./src/sqlite3 -I./build.linux64-release/ -I./src -I./pak -c src/game/AdvancedHitModel.cpp -o build.linux64-release/game/game/AdvancedHitModel.o
/usr/bin/g++ -pipe -Wall -Winvalid-pch -Wno-write-strings -fmessage-length=0 -m64 -fno-exceptions -fno-rtti -fno-strict-aliasing -fPIC -O3 -march=x86-64 -ffast-math -DXMOD_LINUX64 -DGAMEDLL -I./build.linux64-release/game -I./src/sqlite3 -I./build.linux64-release/ -I./src -I./pak -c src/game/AlignedCuboidHV.cpp -o build.linux64-release/game/game/AlignedCuboidHV.o
/usr/bin/g++ -pipe -Wall -Winvalid-pch -Wno-write-strings -fmessage-length=0 -m64 -fno-exceptions -fno-rtti -fno-strict-aliasing -fPIC -O3 -march=x86-64 -ffast-math -DXMOD_LINUX64 -DGAMEDLL -I./build.linux64-release/game -I./src/sqlite3 -I./build.linux64-release/ -I./src -I./pak -c src/game/BasicHitModel.cpp -o build.linux64-release/game/game/BasicHitModel.o
/usr/bin/g++ -pipe -Wall -Winvalid-pch -Wno-write-strings -fmessage-length=0 -m64 -fno-exceptions -fno-rtti -fno-strict-aliasing -fPIC -O3 -march=x86-64 -ffast-math -DXMOD_LINUX64 -DGAMEDLL -I./build.linux64-release/game -I./src/sqlite3 -I./build.linux64-release/ -I./src -I./pak -c src/game/CensorDB.cpp -o build.linux64-release/game/game/CensorDB.o
/usr/bin/g++ -pipe -Wall -Winvalid-pch -Wno-write-strings -fmessage-length=0 -m64 -fno-exceptions -fno-rtti -fno-strict-aliasing -fPIC -O3 -march=x86-64 -ffast-math -DXMOD_LINUX64 -DGAMEDLL -I./build.linux64-release/game -I./src/sqlite3 -I./build.linux64-release/ -I./src -I./pak -c src/game/Client.cpp -o build.linux64-release/game/game/Client.o
/usr/bin/g++ -pipe -Wall -Winvalid-pch -Wno-write-strings -fmessage-length=0 -m64 -fno-exceptions -fno-rtti -fno-strict-aliasing -fPIC -O3 -march=x86-64 -ffast-math -DXMOD_LINUX64 -DGAMEDLL -I./build.linux64-release/game -I./src/sqlite3 -I./build.linux64-release/ -I./src -I./pak -c src/game/CustomCommandDB.cpp -o build.linux64-release/game/game/CustomCommandDB.o
src/game/Client.cpp: In member function ‘void Client::greeting()’:
src/game/Client.cpp:993:28: warning: ‘char* __builtin___strncat_chk(char*, const char*, long unsigned int, long unsigned int)’ specified bound 4096 equals destination size [-Wstringop-truncation]
  993 |                     strncat( token, lev.name.c_str(), sizeof(token) );
      |                            ^
In file included from /usr/include/string.h:548,
                 from /usr/include/c++/13/cstring:42,
                 from ./src/base/public.h:19,
                 from ./src/game/g_local.h:8,
                 from src/bgame/impl.h:9:
In function ‘char* strncat(char*, const char*, size_t)’,
    inlined from ‘void Client::greeting()’ at src/game/Client.cpp:987:28:
/usr/include/x86_64-linux-gnu/bits/string_fortified.h:138:34: warning: ‘char* __builtin___strncat_chk(char*, const char*, long unsigned int, long unsigned int)’ specified bound 4096 equals destination size [-Wstringop-overflow=]
  138 |   return __builtin___strncat_chk (__dest, __src, __len,
      |          ~~~~~~~~~~~~~~~~~~~~~~~~^~~~~~~~~~~~~~~~~~~~~~
  139 |                                   __glibc_objsize (__dest));
      |                                   ~~~~~~~~~~~~~~~~~~~~~~~~~
In function ‘char* strncat(char*, const char*, size_t)’,
    inlined from ‘void Client::greeting()’ at src/game/Client.cpp:993:28:
/usr/include/x86_64-linux-gnu/bits/string_fortified.h:138:34: warning: ‘char* __builtin___strncat_chk(char*, const char*, long unsigned int, long unsigned int)’ specified bound 4096 equals destination size [-Wstringop-overflow=]
  138 |   return __builtin___strncat_chk (__dest, __src, __len,
      |          ~~~~~~~~~~~~~~~~~~~~~~~~^~~~~~~~~~~~~~~~~~~~~~
  139 |                                   __glibc_objsize (__dest));
      |                                   ~~~~~~~~~~~~~~~~~~~~~~~~~
/usr/bin/g++ -pipe -Wall -Winvalid-pch -Wno-write-strings -fmessage-length=0 -m64 -fno-exceptions -fno-rtti -fno-strict-aliasing -fPIC -O3 -march=x86-64 -ffast-math -DXMOD_LINUX64 -DGAMEDLL -I./build.linux64-release/game -I./src/sqlite3 -I./build.linux64-release/ -I./src -I./pak -c src/game/Database.cpp -o build.linux64-release/game/game/Database.o
/usr/bin/g++ -pipe -Wall -Winvalid-pch -Wno-write-strings -fmessage-length=0 -m64 -fno-exceptions -fno-rtti -fno-strict-aliasing -fPIC -O3 -march=x86-64 -ffast-math -DXMOD_LINUX64 -DGAMEDLL -I./build.linux64-release/game -I./src/sqlite3 -I./build.linux64-release/ -I./src -I./pak -c src/game/Engine.cpp -o build.linux64-release/game/game/Engine.o
/usr/bin/g++ -pipe -Wall -Winvalid-pch -Wno-write-strings -fmessage-length=0 -m64 -fno-exceptions -fno-rtti -fno-strict-aliasing -fPIC -O3 -march=x86-64 -ffast-math -DXMOD_LINUX64 -DGAMEDLL -I./build.linux64-release/game -I./src/sqlite3 -I./build.linux64-release/ -I./src -I./pak -c src/game/Entity.cpp -o build.linux64-release/game/game/Entity.o
/usr/bin/g++ -pipe -Wall -Winvalid-pch -Wno-write-strings -fmessage-length=0 -m64 -fno-exceptions -fno-rtti -fno-strict-aliasing -fPIC -O3 -march=x86-64 -ffast-math -DXMOD_LINUX64 -DGAMEDLL -I./build.linux64-release/game -I./src/sqlite3 -I./build.linux64-release/ -I./src -I./pak -c src/game/EntityBulletModel.cpp -o build.linux64-release/game/game/EntityBulletModel.o
/usr/bin/g++ -pipe -Wall -Winvalid-pch -Wno-write-strings -fmessage-length=0 -m64 -fno-exceptions -fno-rtti -fno-strict-aliasing -fPIC -O3 -march=x86-64 -ffast-math -DXMOD_LINUX64 -DGAMEDLL -I./build.linux64-release/game -I./src/sqlite3 -I./build.linux64-release/ -I./src -I./pak -c src/game/EntityHitModel.cpp -o build.linux64-release/game/game/EntityHitModel.o
/usr/bin/g++ -pipe -Wall -Winvalid-pch -Wno-write-strings -fmessage-length=0 -m64 -fno-exceptions -fno-rtti -fno-strict-aliasing -fPIC -O3 -march=x86-64 -ffast-math -DXMOD_LINUX64 -DGAMEDLL -I./build.linux64-release/game -I./src/sqlite3 -I./build.linux64-release/ -I./src -I./pak -c src/game/EtmainBulletModel.cpp -o build.linux64-release/game/game/EtmainBulletModel.o
/usr/bin/g++ -pipe -Wall -Winvalid-pch -Wno-write-strings -fmessage-length=0 -m64 -fno-exceptions -fno-rtti -fno-strict-aliasing -fPIC -O3 -march=x86-64 -ffast-math -DXMOD_LINUX64 -DGAMEDLL -I./build.linux64-release/game -I./src/sqlite3 -I./build.linux64-release/ -I./src -I./pak -c src/game/EtmainHitModel.cpp -o build.linux64-release/game/game/EtmainHitModel.o
/usr/bin/g++ -pipe -Wall -Winvalid-pch -Wno-write-strings -fmessage-length=0 -m64 -fno-exceptions -fno-rtti -fno-strict-aliasing -fPIC -O3 -march=x86-64 -ffast-math -DXMOD_LINUX64 -DGAMEDLL -I./build.linux64-release/game -I./src/sqlite3 -I./build.linux64-release/ -I./src -I./pak -c src/game/Level.cpp -o build.linux64-release/game/game/Level.o
/usr/bin/g++ -pipe -Wall -Winvalid-pch -Wno-write-strings -fmessage-length=0 -m64 -fno-exceptions -fno-rtti -fno-strict-aliasing -fPIC -O3 -march=x86-64 -ffast-math -DXMOD_LINUX64 -DGAMEDLL -I./build.linux64-release/game -I./src/sqlite3 -I./build.linux64-release/ -I./src -I./pak -c src/game/LevelDB.cpp -o build.linux64-release/game/game/LevelDB.o
/usr/bin/g++ -pipe -Wall -Winvalid-pch -Wno-write-strings -fmessage-length=0 -m64 -fno-exceptions -fno-rtti -fno-strict-aliasing -fPIC -O3 -march=x86-64 -ffast-math -DXMOD_LINUX64 -DGAMEDLL -I./build.linux64-release/game -I./src/sqlite3 -I./build.linux64-release/ -I./src -I./pak -c src/game/MapDB.cpp -o build.linux64-release/game/game/MapDB.o
/usr/bin/g++ -pipe -Wall -Winvalid-pch -Wno-write-strings -fmessage-length=0 -m64 -fno-exceptions -fno-rtti -fno-strict-aliasing -fPIC -O3 -march=x86-64 -ffast-math -DXMOD_LINUX64 -DGAMEDLL -I./build.linux64-release/game -I./src/sqlite3 -I./build.linux64-release/ -I./src -I./pak -c src/game/MapEntity.cpp -o build.linux64-release/game/game/MapEntity.o
/usr/bin/g++ -pipe -Wall -Winvalid-pch -Wno-write-strings -fmessage-length=0 -m64 -fno-exceptions -fno-rtti -fno-strict-aliasing -fPIC -O3 -march=x86-64 -ffast-math -DXMOD_LINUX64 -DGAMEDLL -I./build.linux64-release/game -I./src/sqlite3 -I./build.linux64-release/ -I./src -I./pak -c src/game/MapEntityList.cpp -o build.linux64-release/game/game/MapEntityList.o
/usr/bin/g++ -pipe -Wall -Winvalid-pch -Wno-write-strings -fmessage-length=0 -m64 -fno-exceptions -fno-rtti -fno-strict-aliasing -fPIC -O3 -march=x86-64 -ffast-math -DXMOD_LINUX64 -DGAMEDLL -I./build.linux64-release/game -I./src/sqlite3 -I./build.linux64-release/ -I./src -I./pak -c src/game/MapRecord.cpp -o build.linux64-release/game/game/MapRecord.o
/usr/bin/g++ -pipe -Wall -Winvalid-pch -Wno-write-strings -fmessage-length=0 -m64 -fno-exceptions -fno-rtti -fno-strict-aliasing -fPIC -O3 -march=x86-64 -ffast-math -DXMOD_LINUX64 -DGAMEDLL -I./build.linux64-release/game -I./src/sqlite3 -I./build.linux64-release/ -I./src -I./pak -c src/game/MuzzleBulletModel.cpp -o build.linux64-release/game/game/MuzzleBulletModel.o
/usr/bin/g++ -pipe -Wall -Winvalid-pch -Wno-write-strings -fmessage-length=0 -m64 -fno-exceptions -fno-rtti -fno-strict-aliasing -fPIC -O3 -march=x86-64 -ffast-math -DXMOD_LINUX64 -DGAMEDLL -I./build.linux64-release/game -I./src/sqlite3 -I./build.linux64-release/ -I./src -I./pak -c src/game/OrientedCuboidHV.cpp -o build.linux64-release/game/game/OrientedCuboidHV.o
/usr/bin/g++ -pipe -Wall -Winvalid-pch -Wno-write-strings -fmessage-length=0 -m64 -fno-exceptions -fno-rtti -fno-strict-aliasing -fPIC -O3 -march=x86-64 -ffast-math -DXMOD_LINUX64 -DGAMEDLL -I./build.linux64-release/game -I./src/sqlite3 -I./build.linux64-release/ -I./src -I./pak -c src/game/OrientedHitModel.cpp -o build.linux64-release/game/game/OrientedHitModel.o
/usr/bin/g++ -pipe -Wall -Winvalid-pch -Wno-write-strings -fmessage-length=0 -m64 -fno-exceptions -fno-rtti -fno-strict-aliasing -fPIC -O3 -march=x86-64 -ffast-math -DXMOD_LINUX64 -DGAMEDLL -I./build.linux64-release/game -I./src/sqlite3 -I./build.linux64-release/ -I./src -I./pak -c src/game/Privilege.cpp -o build.linux64-release/game/game/Privilege.o
/usr/bin/g++ -pipe -Wall -Winvalid-pch -Wno-write-strings -fmessage-length=0 -m64 -fno-exceptions -fno-rtti -fno-strict-aliasing -fPIC -O3 -march=x86-64 -ffast-math -DXMOD_LINUX64 -DGAMEDLL -I./build.linux64-release/game -I./src/sqlite3 -I./build.linux64-release/ -I./src -I./pak -c src/game/PrivilegeSet.cpp -o build.linux64-release/game/game/PrivilegeSet.o
/usr/bin/g++ -pipe -Wall -Winvalid-pch -Wno-write-strings -fmessage-length=0 -m64 -fno-exceptions -fno-rtti -fno-strict-aliasing -fPIC -O3 -march=x86-64 -ffast-math -DXMOD_LINUX64 -DGAMEDLL -I./build.linux64-release/game -I./src/sqlite3 -I./build.linux64-release/ -I./src -I./pak -c src/game/SEngine.cpp -o build.linux64-release/game/game/SEngine.o
/usr/bin/g++ -pipe -Wall -Winvalid-pch -Wno-write-strings -fmessage-length=0 -m64 -fno-exceptions -fno-rtti -fno-strict-aliasing -fPIC -O3 -march=x86-64 -ffast-math -DXMOD_LINUX64 -DGAMEDLL -I./build.linux64-release/game -I./src/sqlite3 -I./build.linux64-release/ -I./src -I./pak -c src/game/SingleBulletVolume.cpp -o build.linux64-release/game/game/SingleBulletVolume.o
/usr/bin/g++ -pipe -Wall -Winvalid-pch -Wno-write-strings -fmessage-length=0 -m64 -fno-exceptions -fno-rtti -fno-strict-aliasing -fPIC -O3 -march=x86-64 -ffast-math -DXMOD_LINUX64 -DGAMEDLL -I./build.linux64-release/game -I./src/sqlite3 -I./build.linux64-release/ -I./src -I./pak -c src/game/StandardHitModel.cpp -o build.linux64-release/game/game/StandardHitModel.o
/usr/bin/g++ -pipe -Wall -Winvalid-pch -Wno-write-strings -fmessage-length=0 -m64 -fno-exceptions -fno-rtti -fno-strict-aliasing -fPIC -O3 -march=x86-64 -ffast-math -DXMOD_LINUX64 -DGAMEDLL -I./build.linux64-release/game -I./src/sqlite3 -I./build.linux64-release/ -I./src -I./pak -c src/game/TraceContext.cpp -o build.linux64-release/game/game/TraceContext.o
/usr/bin/g++ -pipe -Wall -Winvalid-pch -Wno-write-strings -fmessage-length=0 -m64 -fno-exceptions -fno-rtti -fno-strict-aliasing -fPIC -O3 -march=x86-64 -ffast-math -DXMOD_LINUX64 -DGAMEDLL -I./build.linux64-release/game -I./src/sqlite3 -I./build.linux64-release/ -I./src -I./pak -c src/game/User.cpp -o build.linux64-release/game/game/User.o
/usr/bin/g++ -pipe -Wall -Winvalid-pch -Wno-write-strings -fmessage-length=0 -m64 -fno-exceptions -fno-rtti -fno-strict-aliasing -fPIC -O3 -march=x86-64 -ffast-math -DXMOD_LINUX64 -DGAMEDLL -I./build.linux64-release/game -I./src/sqlite3 -I./build.linux64-release/ -I./src -I./pak -c src/game/UserManager.cpp -o build.linux64-release/game/game/UserManager.o
/usr/bin/g++ -pipe -Wall -Winvalid-pch -Wno-write-strings -fmessage-length=0 -m64 -fno-exceptions -fno-rtti -fno-strict-aliasing -fPIC -O3 -march=x86-64 -ffast-math -DXMOD_LINUX64 -DGAMEDLL -I./build.linux64-release/game -I./src/sqlite3 -I./build.linux64-release/ -I./src -I./pak -c src/game/cmd/About.cpp -o build.linux64-release/game/game/cmd/About.o
/usr/bin/g++ -pipe -Wall -Winvalid-pch -Wno-write-strings -fmessage-length=0 -m64 -fno-exceptions -fno-rtti -fno-strict-aliasing -fPIC -O3 -march=x86-64 -ffast-math -DXMOD_LINUX64 -DGAMEDLL -I./build.linux64-release/game -I./src/sqlite3 -I./build.linux64-release/ -I./src -I./pak -c src/game/cmd/AbstractBuiltin.cpp -o build.linux64-release/game/game/cmd/AbstractBuiltin.o
/usr/bin/g++ -pipe -Wall -Winvalid-pch -Wno-write-strings -fmessage-length=0 -m64 -fno-exceptions -fno-rtti -fno-strict-aliasing -fPIC -O3 -march=x86-64 -ffast-math -DXMOD_LINUX64 -DGAMEDLL -I./build.linux64-release/game -I./src/sqlite3 -I./build.linux64-release/ -I./src -I./pak -c src/game/cmd/AbstractCommand.cpp -o build.linux64-release/game/game/cmd/AbstractCommand.o
/usr/bin/g++ -pipe -Wall -Winvalid-pch -Wno-write-strings -fmessage-length=0 -m64 -fno-exceptions -fno-rtti -fno-strict-aliasing -fPIC -O3 -march=x86-64 -ffast-math -DXMOD_LINUX64 -DGAMEDLL -I./build.linux64-release/game -I./src/sqlite3 -I./build.linux64-release/ -I./src -I./pak -c src/game/cmd/AdminTest.cpp -o build.linux64-release/game/game/cmd/AdminTest.o
/usr/bin/g++ -pipe -Wall -Winvalid-pch -Wno-write-strings -fmessage-length=0 -m64 -fno-exceptions -fno-rtti -fno-strict-aliasing -fPIC -O3 -march=x86-64 -ffast-math -DXMOD_LINUX64 -DGAMEDLL -I./build.linux64-release/game -I./src/sqlite3 -I./build.linux64-release/ -I./src -I./pak -c src/game/cmd/Ban.cpp -o build.linux64-release/game/game/cmd/Ban.o
src/game/cmd/Ban.cpp: In member function ‘virtual cmd::AbstractCommand::PostAction cmd::Ban::doExecute(cmd::AbstractCommand::Context&)’:
src/game/cmd/Ban.cpp:112:24: warning: unused variable ‘targetNamex’ [-Wunused-variable]
  112 |     const std::string& targetNamex = getPlayerNamex(target->slot);
      |                        ^~~~~~~~~~~
/usr/bin/g++ -pipe -Wall -Winvalid-pch -Wno-write-strings -fmessage-length=0 -m64 -fno-exceptions -fno-rtti -fno-strict-aliasing -fPIC -O3 -march=x86-64 -ffast-math -DXMOD_LINUX64 -DGAMEDLL -I./build.linux64-release/game -I./src/sqlite3 -I./build.linux64-release/ -I./src -I./pak -c src/game/cmd/BanInfo.cpp -o build.linux64-release/game/game/cmd/BanInfo.o
/usr/bin/g++ -pipe -Wall -Winvalid-pch -Wno-write-strings -fmessage-length=0 -m64 -fno-exceptions -fno-rtti -fno-strict-aliasing -fPIC -O3 -march=x86-64 -ffast-math -DXMOD_LINUX64 -DGAMEDLL -I./build.linux64-release/game -I./src/sqlite3 -I./build.linux64-release/ -I./src -I./pak -c src/game/cmd/BanList.cpp -o build.linux64-release/game/game/cmd/BanList.o
/usr/bin/g++ -pipe -Wall -Winvalid-pch -Wno-write-strings -fmessage-length=0 -m64 -fno-exceptions -fno-rtti -fno-strict-aliasing -fPIC -O3 -march=x86-64 -ffast-math -DXMOD_LINUX64 -DGAMEDLL -I./build.linux64-release/game -I./src/sqlite3 -I./build.linux64-release/ -I./src -I./pak -c src/game/cmd/BanUser.cpp -o build.linux64-release/game/game/cmd/BanUser.o
/usr/bin/g++ -pipe -Wall -Winvalid-pch -Wno-write-strings -fmessage-length=0 -m64 -fno-exceptions -fno-rtti -fno-strict-aliasing -fPIC -O3 -march=x86-64 -ffast-math -DXMOD_LINUX64 -DGAMEDLL -I./build.linux64-release/game -I./src/sqlite3 -I./build.linux64-release/ -I./src -I./pak -c src/game/cmd/CancelVote.cpp -o build.linux64-release/game/game/cmd/CancelVote.o
/usr/bin/g++ -pipe -Wall -Winvalid-pch -Wno-write-strings -fmessage-length=0 -m64 -fno-exceptions -fno-rtti -fno-strict-aliasing -fPIC -O3 -march=x86-64 -ffast-math -DXMOD_LINUX64 -DGAMEDLL -I./build.linux64-release/game -I./src/sqlite3 -I./build.linux64-release/ -I./src -I./pak -c src/game/cmd/Chicken.cpp -o build.linux64-release/game/game/cmd/Chicken.o
/usr/bin/g++ -pipe -Wall -Winvalid-pch -Wno-write-strings -fmessage-length=0 -m64 -fno-exceptions -fno-rtti -fno-strict-aliasing -fPIC -O3 -march=x86-64 -ffast-math -DXMOD_LINUX64 -DGAMEDLL -I./build.linux64-release/game -I./src/sqlite3 -I./build.linux64-release/ -I./src -I./pak -c src/game/cmd/CrazyGravity.cpp -o build.linux64-release/game/game/cmd/CrazyGravity.o
/usr/bin/g++ -pipe -Wall -Winvalid-pch -Wno-write-strings -fmessage-length=0 -m64 -fno-exceptions -fno-rtti -fno-strict-aliasing -fPIC -O3 -march=x86-64 -ffast-math -DXMOD_LINUX64 -DGAMEDLL -I./build.linux64-release/game -I./src/sqlite3 -I./build.linux64-release/ -I./src -I./pak -c src/game/cmd/CryBaby.cpp -o build.linux64-release/game/game/cmd/CryBaby.o
/usr/bin/g++ -pipe -Wall -Winvalid-pch -Wno-write-strings -fmessage-length=0 -m64 -fno-exceptions -fno-rtti -fno-strict-aliasing -fPIC -O3 -march=x86-64 -ffast-math -DXMOD_LINUX64 -DGAMEDLL -I./build.linux64-release/game -I./src/sqlite3 -I./build.linux64-release/ -I./src -I./pak -c src/game/cmd/CustomCommand.cpp -o build.linux64-release/game/game/cmd/CustomCommand.o
/usr/bin/g++ -pipe -Wall -Winvalid-pch -Wno-write-strings -fmessage-length=0 -m64 -fno-exceptions -fno-rtti -fno-strict-aliasing -fPIC -O3 -march=x86-64 -ffast-math -DXMOD_LINUX64 -DGAMEDLL -I./build.linux64-release/game -I./src/sqlite3 -I./build.linux64-release/ -I./src -I./pak -c src/game/cmd/DbLoad.cpp -o build.linux64-release/game/game/cmd/DbLoad.o
/usr/bin/g++ -pipe -Wall -Winvalid-pch -Wno-write-strings -fmessage-length=0 -m64 -fno-exceptions -fno-rtti -fno-strict-aliasing -fPIC -O3 -march=x86-64 -ffast-math -DXMOD_LINUX64 -DGAMEDLL -I./build.linux64-release/game -I./src/sqlite3 -I./build.linux64-release/ -I./src -I./pak -c src/game/cmd/DbSave.cpp -o build.linux64-release/game/game/cmd/DbSave.o
/usr/bin/g++ -pipe -Wall -Winvalid-pch -Wno-write-strings -fmessage-length=0 -m64 -fno-exceptions -fno-rtti -fno-strict-aliasing -fPIC -O3 -march=x86-64 -ffast-math -DXMOD_LINUX64 -DGAMEDLL -I./build.linux64-release/game -I./src/sqlite3 -I./build.linux64-release/ -I./src -I./pak -c src/game/cmd/Disorient.cpp -o build.linux64-release/game/game/cmd/Disorient.o
/usr/bin/g++ -pipe -Wall -Winvalid-pch -Wno-write-strings -fmessage-length=0 -m64 -fno-exceptions -fno-rtti -fno-strict-aliasing -fPIC -O3 -march=x86-64 -ffast-math -DXMOD_LINUX64 -DGAMEDLL -I./build.linux64-release/game -I./src/sqlite3 -I./build.linux64-release/ -I./src -I./pak -c src/game/cmd/FTime.cpp -o build.linux64-release/game/game/cmd/FTime.o
/usr/bin/g++ -pipe -Wall -Winvalid-pch -Wno-write-strings -fmessage-length=0 -m64 -fno-exceptions -fno-rtti -fno-strict-aliasing -fPIC -O3 -march=x86-64 -ffast-math -DXMOD_LINUX64 -DGAMEDLL -I./build.linux64-release/game -I./src/sqlite3 -I./build.linux64-release/ -I./src -I./pak -c src/game/cmd/Finger.cpp -o build.linux64-release/game/game/cmd/Finger.o
/usr/bin/g++ -pipe -Wall -Winvalid-pch -Wno-write-strings -fmessage-length=0 -m64 -fno-exceptions -fno-rtti -fno-strict-aliasing -fPIC -O3 -march=x86-64 -ffast-math -DXMOD_LINUX64 -DGAMEDLL -I./build.linux64-release/game -I./src/sqlite3 -I./build.linux64-release/ -I./src -I./pak -c src/game/cmd/Fling.cpp -o build.linux64-release/game/game/cmd/Fling.o
/usr/bin/g++ -pipe -Wall -Winvalid-pch -Wno-write-strings -fmessage-length=0 -m64 -fno-exceptions -fno-rtti -fno-strict-aliasing -fPIC -O3 -march=x86-64 -ffast-math -DXMOD_LINUX64 -DGAMEDLL -I./build.linux64-release/game -I./src/sqlite3 -I./build.linux64-release/ -I./src -I./pak -c src/game/cmd/Flinga.cpp -o build.linux64-release/game/game/cmd/Flinga.o
/usr/bin/g++ -pipe -Wall -Winvalid-pch -Wno-write-strings -fmessage-length=0 -m64 -fno-exceptions -fno-rtti -fno-strict-aliasing -fPIC -O3 -march=x86-64 -ffast-math -DXMOD_LINUX64 -DGAMEDLL -I./build.linux64-release/game -I./src/sqlite3 -I./build.linux64-release/ -I./src -I./pak -c src/game/cmd/Glow.cpp -o build.linux64-release/game/game/cmd/Glow.o
/usr/bin/g++ -pipe -Wall -Winvalid-pch -Wno-write-strings -fmessage-length=0 -m64 -fno-exceptions -fno-rtti -fno-strict-aliasing -fPIC -O3 -march=x86-64 -ffast-math -DXMOD_LINUX64 -DGAMEDLL -I./build.linux64-release/game -I./src/sqlite3 -I./build.linux64-release/ -I./src -I./pak -c src/game/cmd/Help.cpp -o build.linux64-release/game/game/cmd/Help.o
/usr/bin/g++ -pipe -Wall -Winvalid-pch -Wno-write-strings -fmessage-length=0 -m64 -fno-exceptions -fno-rtti -fno-strict-aliasing -fPIC -O3 -march=x86-64 -ffast-math -DXMOD_LINUX64 -DGAMEDLL -I./build.linux64-release/game -I./src/sqlite3 -I./build.linux64-release/ -I./src -I./pak -c src/game/cmd/JxacScreenshot.cpp -o build.linux64-release/game/game/cmd/JxacScreenshot.o
/usr/bin/g++ -pipe -Wall -Winvalid-pch -Wno-write-strings -fmessage-length=0 -m64 -fno-exceptions -fno-rtti -fno-strict-aliasing -fPIC -O3 -march=x86-64 -ffast-math -DXMOD_LINUX64 -DGAMEDLL -I./build.linux64-release/game -I./src/sqlite3 -I./build.linux64-release/ -I./src -I./pak -c src/game/cmd/JxacScreenshotAll.cpp -o build.linux64-release/game/game/cmd/JxacScreenshotAll.o
/usr/bin/g++ -pipe -Wall -Winvalid-pch -Wno-write-strings -fmessage-length=0 -m64 -fno-exceptions -fno-rtti -fno-strict-aliasing -fPIC -O3 -march=x86-64 -ffast-math -DXMOD_LINUX64 -DGAMEDLL -I./build.linux64-release/game -I./src/sqlite3 -I./build.linux64-release/ -I./src -I./pak -c src/game/cmd/JxacStatus.cpp -o build.linux64-release/game/game/cmd/JxacStatus.o
/usr/bin/g++ -pipe -Wall -Winvalid-pch -Wno-write-strings -fmessage-length=0 -m64 -fno-exceptions -fno-rtti -fno-strict-aliasing -fPIC -O3 -march=x86-64 -ffast-math -DXMOD_LINUX64 -DGAMEDLL -I./build.linux64-release/game -I./src/sqlite3 -I./build.linux64-release/ -I./src -I./pak -c src/game/cmd/Kick.cpp -o build.linux64-release/game/game/cmd/Kick.o
/usr/bin/g++ -pipe -Wall -Winvalid-pch -Wno-write-strings -fmessage-length=0 -m64 -fno-exceptions -fno-rtti -fno-strict-aliasing -fPIC -O3 -march=x86-64 -ffast-math -DXMOD_LINUX64 -DGAMEDLL -I./build.linux64-release/game -I./src/sqlite3 -I./build.linux64-release/ -I./src -I./pak -c src/game/cmd/Launch.cpp -o build.linux64-release/game/game/cmd/Launch.o
/usr/bin/g++ -pipe -Wall -Winvalid-pch -Wno-write-strings -fmessage-length=0 -m64 -fno-exceptions -fno-rtti -fno-strict-aliasing -fPIC -O3 -march=x86-64 -ffast-math -DXMOD_LINUX64 -DGAMEDLL -I./build.linux64-release/game -I./src/sqlite3 -I./build.linux64-release/ -I./src -I./pak -c src/game/cmd/Launcha.cpp -o build.linux64-release/game/game/cmd/Launcha.o
/usr/bin/g++ -pipe -Wall -Winvalid-pch -Wno-write-strings -fmessage-length=0 -m64 -fno-exceptions -fno-rtti -fno-strict-aliasing -fPIC -O3 -march=x86-64 -ffast-math -DXMOD_LINUX64 -DGAMEDLL -I./build.linux64-release/game -I./src/sqlite3 -I./build.linux64-release/ -I./src -I./pak -c src/game/cmd/LevAdd.cpp -o build.linux64-release/game/game/cmd/LevAdd.o
/usr/bin/g++ -pipe -Wall -Winvalid-pch -Wno-write-strings -fmessage-length=0 -m64 -fno-exceptions -fno-rtti -fno-strict-aliasing -fPIC -O3 -march=x86-64 -ffast-math -DXMOD_LINUX64 -DGAMEDLL -I./build.linux64-release/game -I./src/sqlite3 -I./build.linux64-release/ -I./src -I./pak -c src/game/cmd/LevDelete.cpp -o build.linux64-release/game/game/cmd/LevDelete.o
/usr/bin/g++ -pipe -Wall -Winvalid-pch -Wno-write-strings -fmessage-length=0 -m64 -fno-exceptions -fno-rtti -fno-strict-aliasing -fPIC -O3 -march=x86-64 -ffast-math -DXMOD_LINUX64 -DGAMEDLL -I./build.linux64-release/game -I./src/sqlite3 -I./build.linux64-release/ -I./src -I./pak -c src/game/cmd/LevEdit.cpp -o build.linux64-release/game/game/cmd/LevEdit.o
/usr/bin/g++ -pipe -Wall -Winvalid-pch -Wno-write-strings -fmessage-length=0 -m64 -fno-exceptions -fno-rtti -fno-strict-aliasing -fPIC -O3 -march=x86-64 -ffast-math -DXMOD_LINUX64 -DGAMEDLL -I./build.linux64-release/game -I./src/sqlite3 -I./build.linux64-release/ -I./src -I./pak -c src/game/cmd/LevInfo.cpp -o build.linux64-release/game/game/cmd/LevInfo.o
/usr/bin/g++ -pipe -Wall -Winvalid-pch -Wno-write-strings -fmessage-length=0 -m64 -fno-exceptions -fno-rtti -fno-strict-aliasing -fPIC -O3 -march=x86-64 -ffast-math -DXMOD_LINUX64 -DGAMEDLL -I./build.linux64-release/game -I./src/sqlite3 -I./build.linux64-release/ -I./src -I./pak -c src/game/cmd/LevList.cpp -o build.linux64-release/game/game/cmd/LevList.o
/usr/bin/g++ -pipe -Wall -Winvalid-pch -Wno-write-strings -fmessage-length=0 -m64 -fno-exceptions -fno-rtti -fno-strict-aliasing -fPIC -O3 -march=x86-64 -ffast-math -DXMOD_LINUX64 -DGAMEDLL -I./build.linux64-release/game -I./src/sqlite3 -I./build.linux64-release/ -I./src -I./pak -c src/game/cmd/ListPlayers.cpp -o build.linux64-release/game/game/cmd/ListPlayers.o
/usr/bin/g++ -pipe -Wall -Winvalid-pch -Wno-write-strings -fmessage-length=0 -m64 -fno-exceptions -fno-rtti -fno-strict-aliasing -fPIC -O3 -march=x86-64 -ffast-math -DXMOD_LINUX64 -DGAMEDLL -I./build.linux64-release/game -I./src/sqlite3 -I./build.linux64-release/ -I./src -I./pak -c src/game/cmd/Lock.cpp -o build.linux64-release/game/game/cmd/Lock.o
/usr/bin/g++ -pipe -Wall -Winvalid-pch -Wno-write-strings -fmessage-length=0 -m64 -fno-exceptions -fno-rtti -fno-strict-aliasing -fPIC -O3 -march=x86-64 -ffast-math -DXMOD_LINUX64 -DGAMEDLL -I./build.linux64-release/game -I./src/sqlite3 -I./build.linux64-release/ -I./src -I./pak -c src/game/cmd/Lol.cpp -o build.linux64-release/game/game/cmd/Lol.o
/usr/bin/g++ -pipe -Wall -Winvalid-pch -Wno-write-strings -fmessage-length=0 -m64 -fno-exceptions -fno-rtti -fno-strict-aliasing -fPIC -O3 -march=x86-64 -ffast-math -DXMOD_LINUX64 -DGAMEDLL -I./build.linux64-release/game -I./src/sqlite3 -I./build.linux64-release/ -I./src -I./pak -c src/game/cmd/LsPlayers.cpp -o build.linux64-release/game/game/cmd/LsPlayers.o
/usr/bin/g++ -pipe -Wall -Winvalid-pch -Wno-write-strings -fmessage-length=0 -m64 -fno-exceptions -fno-rtti -fno-strict-aliasing -fPIC -O3 -march=x86-64 -ffast-math -DXMOD_LINUX64 -DGAMEDLL -I./build.linux64-release/game -I./src/sqlite3 -I./build.linux64-release/ -I./src -I./pak -c src/game/cmd/Mute.cpp -o build.linux64-release/game/game/cmd/Mute.o
/usr/bin/g++ -pipe -Wall -Winvalid-pch -Wno-write-strings -fmessage-length=0 -m64 -fno-exceptions -fno-rtti -fno-strict-aliasing -fPIC -O3 -march=x86-64 -ffast-math -DXMOD_LINUX64 -DGAMEDLL -I./build.linux64-release/game -I./src/sqlite3 -I./build.linux64-release/ -I./src -I./pak -c src/game/cmd/News.cpp -o build.linux64-release/game/game/cmd/News.o
/usr/bin/g++ -pipe -Wall -Winvalid-pch -Wno-write-strings -fmessage-length=0 -m64 -fno-exceptions -fno-rtti -fno-strict-aliasing -fPIC -O3 -march=x86-64 -ffast-math -DXMOD_LINUX64 -DGAMEDLL -I./build.linux64-release/game -I./src/sqlite3 -I./build.linux64-release/ -I./src -I./pak -c src/game/cmd/NextMap.cpp -o build.linux64-release/game/game/cmd/NextMap.o
/usr/bin/g++ -pipe -Wall -Winvalid-pch -Wno-write-strings -fmessage-length=0 -m64 -fno-exceptions -fno-rtti -fno-strict-aliasing -fPIC -O3 -march=x86-64 -ffast-math -DXMOD_LINUX64 -DGAMEDLL -I./build.linux64-release/game -I./src/sqlite3 -I./build.linux64-release/ -I./src -I./pak -c src/game/cmd/Orient.cpp -o build.linux64-release/game/game/cmd/Orient.o
/usr/bin/g++ -pipe -Wall -Winvalid-pch -Wno-write-strings -fmessage-length=0 -m64 -fno-exceptions -fno-rtti -fno-strict-aliasing -fPIC -O3 -march=x86-64 -ffast-math -DXMOD_LINUX64 -DGAMEDLL -I./build.linux64-release/game -I./src/sqlite3 -I./build.linux64-release/ -I./src -I./pak -c src/game/cmd/Page.cpp -o build.linux64-release/game/game/cmd/Page.o
/usr/bin/g++ -pipe -Wall -Winvalid-pch -Wno-write-strings -fmessage-length=0 -m64 -fno-exceptions -fno-rtti -fno-strict-aliasing -fPIC -O3 -march=x86-64 -ffast-math -DXMOD_LINUX64 -DGAMEDLL -I./build.linux64-release/game -I./src/sqlite3 -I./build.linux64-release/ -I./src -I./pak -c src/game/cmd/Pants.cpp -o build.linux64-release/game/game/cmd/Pants.o
/usr/bin/g++ -pipe -Wall -Winvalid-pch -Wno-write-strings -fmessage-length=0 -m64 -fno-exceptions -fno-rtti -fno-strict-aliasing -fPIC -O3 -march=x86-64 -ffast-math -DXMOD_LINUX64 -DGAMEDLL -I./build.linux64-release/game -I./src/sqlite3 -I./build.linux64-release/ -I./src -I./pak -c src/game/cmd/PanzerWar.cpp -o build.linux64-release/game/game/cmd/PanzerWar.o
/usr/bin/g++ -pipe -Wall -Winvalid-pch -Wno-write-strings -fmessage-length=0 -m64 -fno-exceptions -fno-rtti -fno-strict-aliasing -fPIC -O3 -march=x86-64 -ffast-math -DXMOD_LINUX64 -DGAMEDLL -I./build.linux64-release/game -I./src/sqlite3 -I./build.linux64-release/ -I./src -I./pak -c src/game/cmd/Pause.cpp -o build.linux64-release/game/game/cmd/Pause.o
/usr/bin/g++ -pipe -Wall -Winvalid-pch -Wno-write-strings -fmessage-length=0 -m64 -fno-exceptions -fno-rtti -fno-strict-aliasing -fPIC -O3 -march=x86-64 -ffast-math -DXMOD_LINUX64 -DGAMEDLL -I./build.linux64-release/game -I./src/sqlite3 -I./build.linux64-release/ -I./src -I./pak -c src/game/cmd/Pip.cpp -o build.linux64-release/game/game/cmd/Pip.o
/usr/bin/g++ -pipe -Wall -Winvalid-pch -Wno-write-strings -fmessage-length=0 -m64 -fno-exceptions -fno-rtti -fno-strict-aliasing -fPIC -O3 -march=x86-64 -ffast-math -DXMOD_LINUX64 -DGAMEDLL -I./build.linux64-release/game -I./src/sqlite3 -I./build.linux64-release/ -I./src -I./pak -c src/game/cmd/Pop.cpp -o build.linux64-release/game/game/cmd/Pop.o
/usr/bin/g++ -pipe -Wall -Winvalid-pch -Wno-write-strings -fmessage-length=0 -m64 -fno-exceptions -fno-rtti -fno-strict-aliasing -fPIC -O3 -march=x86-64 -ffast-math -DXMOD_LINUX64 -DGAMEDLL -I./build.linux64-release/game -I./src/sqlite3 -I./build.linux64-release/ -I./src -I./pak -c src/game/cmd/PutTeam.cpp -o build.linux64-release/game/game/cmd/PutTeam.o
/usr/bin/g++ -pipe -Wall -Winvalid-pch -Wno-write-strings -fmessage-length=0 -m64 -fno-exceptions -fno-rtti -fno-strict-aliasing -fPIC -O3 -march=x86-64 -ffast-math -DXMOD_LINUX64 -DGAMEDLL -I./build.linux64-release/game -I./src/sqlite3 -I./build.linux64-release/ -I./src -I./pak -c src/game/cmd/Rename.cpp -o build.linux64-release/game/game/cmd/Rename.o
/usr/bin/g++ -pipe -Wall -Winvalid-pch -Wno-write-strings -fmessage-length=0 -m64 -fno-exceptions -fno-rtti -fno-strict-aliasing -fPIC -O3 -march=x86-64 -ffast-math -DXMOD_LINUX64 -DGAMEDLL -I./build.linux64-release/game -I./src/sqlite3 -I./build.linux64-release/ -I./src -I./pak -c src/game/cmd/Reset.cpp -o build.linux64-release/game/game/cmd/Reset.o
/usr/bin/g++ -pipe -Wall -Winvalid-pch -Wno-write-strings -fmessage-length=0 -m64 -fno-exceptions -fno-rtti -fno-strict-aliasing -fPIC -O3 -march=x86-64 -ffast-math -DXMOD_LINUX64 -DGAMEDLL -I./build.linux64-release/game -I./src/sqlite3 -I./build.linux64-release/ -I./src -I./pak -c src/game/cmd/ResetXp.cpp -o build.linux64-release/game/game/cmd/ResetXp.o
/usr/bin/g++ -pipe -Wall -Winvalid-pch -Wno-write-strings -fmessage-length=0 -m64 -fno-exceptions -fno-rtti -fno-strict-aliasing -fPIC -O3 -march=x86-64 -ffast-math -DXMOD_LINUX64 -DGAMEDLL -I./build.linux64-release/game -I./src/sqlite3 -I./build.linux64-release/ -I./src -I./pak -c src/game/cmd/ResetmyXp.cpp -o build.linux64-release/game/game/cmd/ResetmyXp.o
/usr/bin/g++ -pipe -Wall -Winvalid-pch -Wno-write-strings -fmessage-length=0 -m64 -fno-exceptions -fno-rtti -fno-strict-aliasing -fPIC -O3 -march=x86-64 -ffast-math -DXMOD_LINUX64 -DGAMEDLL -I./build.linux64-release/game -I./src/sqlite3 -I./build.linux64-release/ -I./src -I./pak -c src/game/cmd/Restart.cpp -o build.linux64-release/game/game/cmd/Restart.o
/usr/bin/g++ -pipe -Wall -Winvalid-pch -Wno-write-strings -fmessage-length=0 -m64 -fno-exceptions -fno-rtti -fno-strict-aliasing -fPIC -O3 -march=x86-64 -ffast-math -DXMOD_LINUX64 -DGAMEDLL -I./build.linux64-release/game -I./src/sqlite3 -I./build.linux64-release/ -I./src -I./pak -c src/game/cmd/Revive.cpp -o build.linux64-release/game/game/cmd/Revive.o
/usr/bin/g++ -pipe -Wall -Winvalid-pch -Wno-write-strings -fmessage-length=0 -m64 -fno-exceptions -fno-rtti -fno-strict-aliasing -fPIC -O3 -march=x86-64 -ffast-math -DXMOD_LINUX64 -DGAMEDLL -I./build.linux64-release/game -I./src/sqlite3 -I./build.linux64-release/ -I./src -I./pak -c src/game/cmd/Seen.cpp -o build.linux64-release/game/game/cmd/Seen.o
/usr/bin/g++ -pipe -Wall -Winvalid-pch -Wno-write-strings -fmessage-length=0 -m64 -fno-exceptions -fno-rtti -fno-strict-aliasing -fPIC -O3 -march=x86-64 -ffast-math -DXMOD_LINUX64 -DGAMEDLL -I./build.linux64-release/game -I./src/sqlite3 -I./build.linux64-release/ -I./src -I./pak -c src/game/cmd/SetLevel.cpp -o build.linux64-release/game/game/cmd/SetLevel.o
/usr/bin/g++ -pipe -Wall -Winvalid-pch -Wno-write-strings -fmessage-length=0 -m64 -fno-exceptions -fno-rtti -fno-strict-aliasing -fPIC -O3 -march=x86-64 -ffast-math -DXMOD_LINUX64 -DGAMEDLL -I./build.linux64-release/game -I./src/sqlite3 -I./build.linux64-release/ -I./src -I./pak -c src/game/cmd/Shake.cpp -o build.linux64-release/game/game/cmd/Shake.o
/usr/bin/g++ -pipe -Wall -Winvalid-pch -Wno-write-strings -fmessage-length=0 -m64 -fno-exceptions -fno-rtti -fno-strict-aliasing -fPIC -O3 -march=x86-64 -ffast-math -DXMOD_LINUX64 -DGAMEDLL -I./build.linux64-release/game -I./src/sqlite3 -I./build.linux64-release/ -I./src -I./pak -c src/game/cmd/Shuffle.cpp -o build.linux64-release/game/game/cmd/Shuffle.o
/usr/bin/g++ -pipe -Wall -Winvalid-pch -Wno-write-strings -fmessage-length=0 -m64 -fno-exceptions -fno-rtti -fno-strict-aliasing -fPIC -O3 -march=x86-64 -ffast-math -DXMOD_LINUX64 -DGAMEDLL -I./build.linux64-release/game -I./src/sqlite3 -I./build.linux64-release/ -I./src -I./pak -c src/game/cmd/Slap.cpp -o build.linux64-release/game/game/cmd/Slap.o
/usr/bin/g++ -pipe -Wall -Winvalid-pch -Wno-write-strings -fmessage-length=0 -m64 -fno-exceptions -fno-rtti -fno-strict-aliasing -fPIC -O3 -march=x86-64 -ffast-math -DXMOD_LINUX64 -DGAMEDLL -I./build.linux64-release/game -I./src/sqlite3 -I./build.linux64-release/ -I./src -I./pak -c src/game/cmd/Smite.cpp -o build.linux64-release/game/game/cmd/Smite.o
/usr/bin/g++ -pipe -Wall -Winvalid-pch -Wno-write-strings -fmessage-length=0 -m64 -fno-exceptions -fno-rtti -fno-strict-aliasing -fPIC -O3 -march=x86-64 -ffast-math -DXMOD_LINUX64 -DGAMEDLL -I./build.linux64-release/game -I./src/sqlite3 -I./build.linux64-release/ -I./src -I./pak -c src/game/cmd/SniperWar.cpp -o build.linux64-release/game/game/cmd/SniperWar.o
/usr/bin/g++ -pipe -Wall -Winvalid-pch -Wno-write-strings -fmessage-length=0 -m64 -fno-exceptions -fno-rtti -fno-strict-aliasing -fPIC -O3 -march=x86-64 -ffast-math -DXMOD_LINUX64 -DGAMEDLL -I./build.linux64-release/game -I./src/sqlite3 -I./build.linux64-release/ -I./src -I./pak -c src/game/cmd/Spec.cpp -o build.linux64-release/game/game/cmd/Spec.o
/usr/bin/g++ -pipe -Wall -Winvalid-pch -Wno-write-strings -fmessage-length=0 -m64 -fno-exceptions -fno-rtti -fno-strict-aliasing -fPIC -O3 -march=x86-64 -ffast-math -DXMOD_LINUX64 -DGAMEDLL -I./build.linux64-release/game -I./src/sqlite3 -I./build.linux64-release/ -I./src -I./pak -c src/game/cmd/Spec999.cpp -o build.linux64-release/game/game/cmd/Spec999.o
/usr/bin/g++ -pipe -Wall -Winvalid-pch -Wno-write-strings -fmessage-length=0 -m64 -fno-exceptions -fno-rtti -fno-strict-aliasing -fPIC -O3 -march=x86-64 -ffast-math -DXMOD_LINUX64 -DGAMEDLL -I./build.linux64-release/game -I./src/sqlite3 -I./build.linux64-release/ -I./src -I./pak -c src/game/cmd/Splat.cpp -o build.linux64-release/game/game/cmd/Splat.o
/usr/bin/g++ -pipe -Wall -Winvalid-pch -Wno-write-strings -fmessage-length=0 -m64 -fno-exceptions -fno-rtti -fno-strict-aliasing -fPIC -O3 -march=x86-64 -ffast-math -DXMOD_LINUX64 -DGAMEDLL -I./build.linux64-release/game -I./src/sqlite3 -I./build.linux64-release/ -I./src -I./pak -c src/game/cmd/Splata.cpp -o build.linux64-release/game/game/cmd/Splata.o
/usr/bin/g++ -pipe -Wall -Winvalid-pch -Wno-write-strings -fmessage-length=0 -m64 -fno-exceptions -fno-rtti -fno-strict-aliasing -fPIC -O3 -march=x86-64 -ffast-math -DXMOD_LINUX64 -DGAMEDLL -I./build.linux64-release/game -I./src/sqlite3 -I./build.linux64-release/ -I./src -I./pak -c src/game/cmd/Status.cpp -o build.linux64-release/game/game/cmd/Status.o
/usr/bin/g++ -pipe -Wall -Winvalid-pch -Wno-write-strings -fmessage-length=0 -m64 -fno-exceptions -fno-rtti -fno-strict-aliasing -fPIC -O3 -march=x86-64 -ffast-math -DXMOD_LINUX64 -DGAMEDLL -I./build.linux64-release/game -I./src/sqlite3 -I./build.linux64-release/ -I./src -I./pak -c src/game/cmd/Swap.cpp -o build.linux64-release/game/game/cmd/Swap.o
/usr/bin/g++ -pipe -Wall -Winvalid-pch -Wno-write-strings -fmessage-length=0 -m64 -fno-exceptions -fno-rtti -fno-strict-aliasing -fPIC -O3 -march=x86-64 -ffast-math -DXMOD_LINUX64 -DGAMEDLL -I./build.linux64-release/game -I./src/sqlite3 -I./build.linux64-release/ -I./src -I./pak -c src/game/cmd/Throw.cpp -o build.linux64-release/game/game/cmd/Throw.o
/usr/bin/g++ -pipe -Wall -Winvalid-pch -Wno-write-strings -fmessage-length=0 -m64 -fno-exceptions -fno-rtti -fno-strict-aliasing -fPIC -O3 -march=x86-64 -ffast-math -DXMOD_LINUX64 -DGAMEDLL -I./build.linux64-release/game -I./src/sqlite3 -I./build.linux64-release/ -I./src -I./pak -c src/game/cmd/Throwa.cpp -o build.linux64-release/game/game/cmd/Throwa.o
/usr/bin/g++ -pipe -Wall -Winvalid-pch -Wno-write-strings -fmessage-length=0 -m64 -fno-exceptions -fno-rtti -fno-strict-aliasing -fPIC -O3 -march=x86-64 -ffast-math -DXMOD_LINUX64 -DGAMEDLL -I./build.linux64-release/game -I./src/sqlite3 -I./build.linux64-release/ -I./src -I./pak -c src/game/cmd/Time.cpp -o build.linux64-release/game/game/cmd/Time.o
/usr/bin/g++ -pipe -Wall -Winvalid-pch -Wno-write-strings -fmessage-length=0 -m64 -fno-exceptions -fno-rtti -fno-strict-aliasing -fPIC -O3 -march=x86-64 -ffast-math -DXMOD_LINUX64 -DGAMEDLL -I./build.linux64-release/game -I./src/sqlite3 -I./build.linux64-release/ -I./src -I./pak -c src/game/cmd/Unban.cpp -o build.linux64-release/game/game/cmd/Unban.o
/usr/bin/g++ -pipe -Wall -Winvalid-pch -Wno-write-strings -fmessage-length=0 -m64 -fno-exceptions -fno-rtti -fno-strict-aliasing -fPIC -O3 -march=x86-64 -ffast-math -DXMOD_LINUX64 -DGAMEDLL -I./build.linux64-release/game -I./src/sqlite3 -I./build.linux64-release/ -I./src -I./pak -c src/game/cmd/Unlock.cpp -o build.linux64-release/game/game/cmd/Unlock.o
/usr/bin/g++ -pipe -Wall -Winvalid-pch -Wno-write-strings -fmessage-length=0 -m64 -fno-exceptions -fno-rtti -fno-strict-aliasing -fPIC -O3 -march=x86-64 -ffast-math -DXMOD_LINUX64 -DGAMEDLL -I./build.linux64-release/game -I./src/sqlite3 -I./build.linux64-release/ -I./src -I./pak -c src/game/cmd/Unmute.cpp -o build.linux64-release/game/game/cmd/Unmute.o
/usr/bin/g++ -pipe -Wall -Winvalid-pch -Wno-write-strings -fmessage-length=0 -m64 -fno-exceptions -fno-rtti -fno-strict-aliasing -fPIC -O3 -march=x86-64 -ffast-math -DXMOD_LINUX64 -DGAMEDLL -I./build.linux64-release/game -I./src/sqlite3 -I./build.linux64-release/ -I./src -I./pak -c src/game/cmd/Unpause.cpp -o build.linux64-release/game/game/cmd/Unpause.o
/usr/bin/g++ -pipe -Wall -Winvalid-pch -Wno-write-strings -fmessage-length=0 -m64 -fno-exceptions -fno-rtti -fno-strict-aliasing -fPIC -O3 -march=x86-64 -ffast-math -DXMOD_LINUX64 -DGAMEDLL -I./build.linux64-release/game -I./src/sqlite3 -I./build.linux64-release/ -I./src -I./pak -c src/game/cmd/Uptime.cpp -o build.linux64-release/game/game/cmd/Uptime.o
/usr/bin/g++ -pipe -Wall -Winvalid-pch -Wno-write-strings -fmessage-length=0 -m64 -fno-exceptions -fno-rtti -fno-strict-aliasing -fPIC -O3 -march=x86-64 -ffast-math -DXMOD_LINUX64 -DGAMEDLL -I./build.linux64-release/game -I./src/sqlite3 -I./build.linux64-release/ -I./src -I./pak -c src/game/cmd/UserDelete.cpp -o build.linux64-release/game/game/cmd/UserDelete.o
/usr/bin/g++ -pipe -Wall -Winvalid-pch -Wno-write-strings -fmessage-length=0 -m64 -fno-exceptions -fno-rtti -fno-strict-aliasing -fPIC -O3 -march=x86-64 -ffast-math -DXMOD_LINUX64 -DGAMEDLL -I./build.linux64-release/game -I./src/sqlite3 -I./build.linux64-release/ -I./src -I./pak -c src/game/cmd/UserEdit.cpp -o build.linux64-release/game/game/cmd/UserEdit.o
/usr/bin/g++ -pipe -Wall -Winvalid-pch -Wno-write-strings -fmessage-length=0 -m64 -fno-exceptions -fno-rtti -fno-strict-aliasing -fPIC -O3 -march=x86-64 -ffast-math -DXMOD_LINUX64 -DGAMEDLL -I./build.linux64-release/game -I./src/sqlite3 -I./build.linux64-release/ -I./src -I./pak -c src/game/cmd/UserInfo.cpp -o build.linux64-release/game/game/cmd/UserInfo.o
/usr/bin/g++ -pipe -Wall -Winvalid-pch -Wno-write-strings -fmessage-length=0 -m64 -fno-exceptions -fno-rtti -fno-strict-aliasing -fPIC -O3 -march=x86-64 -ffast-math -DXMOD_LINUX64 -DGAMEDLL -I./build.linux64-release/game -I./src/sqlite3 -I./build.linux64-release/ -I./src -I./pak -c src/game/cmd/UserList.cpp -o build.linux64-release/game/game/cmd/UserList.o
/usr/bin/g++ -pipe -Wall -Winvalid-pch -Wno-write-strings -fmessage-length=0 -m64 -fno-exceptions -fno-rtti -fno-strict-aliasing -fPIC -O3 -march=x86-64 -ffast-math -DXMOD_LINUX64 -DGAMEDLL -I./build.linux64-release/game -I./src/sqlite3 -I./build.linux64-release/ -I./src -I./pak -c src/game/cmd/util.cpp -o build.linux64-release/game/game/cmd/util.o
/usr/bin/g++ -pipe -Wall -Winvalid-pch -Wno-write-strings -fmessage-length=0 -m64 -fno-exceptions -fno-rtti -fno-strict-aliasing -fPIC -O3 -march=x86-64 -ffast-math -DXMOD_LINUX64 -DGAMEDLL -I./build.linux64-release/game -I./src/sqlite3 -I./build.linux64-release/ -I./src -I./pak -c src/game/cvar/Cvar.cpp -o build.linux64-release/game/game/cvar/Cvar.o
/usr/bin/g++ -pipe -Wall -Winvalid-pch -Wno-write-strings -fmessage-length=0 -m64 -fno-exceptions -fno-rtti -fno-strict-aliasing -fPIC -O3 -march=x86-64 -ffast-math -DXMOD_LINUX64 -DGAMEDLL -I./build.linux64-release/game -I./src/sqlite3 -I./build.linux64-release/ -I./src -I./pak -c src/game/cvar/util.cpp -o build.linux64-release/game/game/cvar/util.o
/usr/bin/g++ -pipe -Wall -Winvalid-pch -Wno-write-strings -fmessage-length=0 -m64 -fno-exceptions -fno-rtti -fno-strict-aliasing -fPIC -O3 -march=x86-64 -ffast-math -DXMOD_LINUX64 -DGAMEDLL -I./build.linux64-release/game -I./src/sqlite3 -I./build.linux64-release/ -I./src -I./pak -c src/game/etpro_mdx.cpp -o build.linux64-release/game/game/etpro_mdx.o
src/game/etpro_mdx.cpp: In function ‘void mdx_bone_orientation(grefEntity_t*, int, vec_t*, vec_t (*)[3])’:
src/game/etpro_mdx.cpp:1273:22: warning: variable ‘oldBone’ set but not used [-Wunused-but-set-variable]
 1273 |         struct bone *oldBone, *bone;
      |                      ^~~~~~~
src/game/etpro_mdx.cpp: In function ‘int trap_R_LerpTagNumber(orientation_t*, grefEntity_t*, int)’:
src/game/etpro_mdx.cpp:1426:16: warning: variable ‘mdx’ set but not used [-Wunused-but-set-variable]
 1426 |         mdx_t *mdx;
      |                ^~~
src/game/etpro_mdx.cpp: In function ‘void mdx_SwingAngles(float, float, float, float, float*, qboolean*)’:
src/game/etpro_mdx.cpp:1488:23: warning: variable ‘centerAngle’ set but not used [-Wunused-but-set-variable]
 1488 |                 float centerAngle;
      |                       ^~~~~~~~~~~
src/game/etpro_mdx.cpp: In function ‘void mdx_head_position(gentity_t*, grefEntity_t*, vec_t*)’:
src/game/etpro_mdx.cpp:2247:25: warning: variable ‘character’ set but not used [-Wunused-but-set-variable]
 2247 |         bg_character_t *character;
      |                         ^~~~~~~~~
src/game/etpro_mdx.cpp: In function ‘void mdx_legs_position(gentity_t*, grefEntity_t*, vec_t*)’:
src/game/etpro_mdx.cpp:2279:25: warning: variable ‘character’ set but not used [-Wunused-but-set-variable]
 2279 |         bg_character_t *character;
      |                         ^~~~~~~~~
/usr/bin/g++ -pipe -Wall -Winvalid-pch -Wno-write-strings -fmessage-length=0 -m64 -fno-exceptions -fno-rtti -fno-strict-aliasing -fPIC -O3 -march=x86-64 -ffast-math -DXMOD_LINUX64 -DGAMEDLL -I./build.linux64-release/game -I./src/sqlite3 -I./build.linux64-release/ -I./src -I./pak -c src/game/g_active.cpp -o build.linux64-release/game/game/g_active.o
src/game/g_active.cpp: In function ‘void ClientThink_real(gentity_t*, bool)’:
src/game/g_active.cpp:1342:57: warning: variable ‘monsterslick’ set but not used [-Wunused-but-set-variable]
 1342 |         int                     msec, oldEventSequence, monsterslick = 0;
      |                                                         ^~~~~~~~~~~~
src/game/g_active.cpp: In function ‘void P_DamageFeedback(gentity_t*)’:
src/game/g_active.cpp:241:44: warning: array subscript 2 is above array bounds of ‘qboolean [2]’ [-Warray-bounds=]
  241 |         else if (client->sess.disoriented[2]) {
      |                  ~~~~~~~~~~~~~~~~~~~~~~~~~~^
In file included from src/bgame/impl.h:9:
./src/game/g_local.h:685:25: note: while referencing ‘clientSession_t::disoriented’
  685 |         qboolean        disoriented[2];         // Disorientation state handling
      |                         ^~~~~~~~~~~
src/game/g_active.cpp:244:43: warning: array subscript 2 is above array bounds of ‘qboolean [2]’ [-Warray-bounds=]
  244 |                 client->sess.disoriented[2] = qfalse;
      |                 ~~~~~~~~~~~~~~~~~~~~~~~~~~^
./src/game/g_local.h:685:25: note: while referencing ‘clientSession_t::disoriented’
  685 |         qboolean        disoriented[2];         // Disorientation state handling
      |                         ^~~~~~~~~~~
src/game/g_active.cpp:237:43: warning: array subscript 2 is above array bounds of ‘qboolean [2]’ [-Warray-bounds=]
  237 |                 client->sess.disoriented[2] = qtrue;
      |                 ~~~~~~~~~~~~~~~~~~~~~~~~~~^
./src/game/g_local.h:685:25: note: while referencing ‘clientSession_t::disoriented’
  685 |         qboolean        disoriented[2];         // Disorientation state handling
      |                         ^~~~~~~~~~~
/usr/bin/g++ -pipe -Wall -Winvalid-pch -Wno-write-strings -fmessage-length=0 -m64 -fno-exceptions -fno-rtti -fno-strict-aliasing -fPIC -O3 -march=x86-64 -ffast-math -DXMOD_LINUX64 -DGAMEDLL -I./build.linux64-release/game -I./src/sqlite3 -I./build.linux64-release/ -I./src -I./pak -c src/game/g_alarm.cpp -o build.linux64-release/game/game/g_alarm.o
/usr/bin/g++ -pipe -Wall -Winvalid-pch -Wno-write-strings -fmessage-length=0 -m64 -fno-exceptions -fno-rtti -fno-strict-aliasing -fPIC -O3 -march=x86-64 -ffast-math -DXMOD_LINUX64 -DGAMEDLL -I./build.linux64-release/game -I./src/sqlite3 -I./build.linux64-release/ -I./src -I./pak -c src/game/g_antilag.cpp -o build.linux64-release/game/game/g_antilag.o
/usr/bin/g++ -pipe -Wall -Winvalid-pch -Wno-write-strings -fmessage-length=0 -m64 -fno-exceptions -fno-rtti -fno-strict-aliasing -fPIC -O3 -march=x86-64 -ffast-math -DXMOD_LINUX64 -DGAMEDLL -I./build.linux64-release/game -I./src/sqlite3 -I./build.linux64-release/ -I./src -I./pak -c src/game/g_buddy_list.cpp -o build.linux64-release/game/game/g_buddy_list.o
/usr/bin/g++ -pipe -Wall -Winvalid-pch -Wno-write-strings -fmessage-length=0 -m64 -fno-exceptions -fno-rtti -fno-strict-aliasing -fPIC -O3 -march=x86-64 -ffast-math -DXMOD_LINUX64 -DGAMEDLL -I./build.linux64-release/game -I./src/sqlite3 -I./build.linux64-release/ -I./src -I./pak -c src/game/g_character.cpp -o build.linux64-release/game/game/g_character.o
src/game/g_character.cpp: In function ‘void G_CalcMoveSpeeds(bg_character_t*)’:
src/game/g_character.cpp:23:41: warning: variable ‘lastLow’ set but not used [-Wunused-but-set-variable]
   23 |         int                             lastLow, low;
      |                                         ^~~~~~~
src/game/g_character.cpp: In function ‘qboolean G_CheckForExistingAnimModelInfo(const char*, const char*, animModelInfo_t**)’:
src/game/g_character.cpp:159:44: warning: argument to ‘sizeof’ in ‘void* memset(void*, int, size_t)’ call is the same expression as the destination; did you mean to dereference it? [-Wsizeof-pointer-memaccess]
  159 |                 memset( *animModelInfo, 0, sizeof(*animModelInfo) );
      |                                            ^~~~~~~~~~~~~~~~~~~~~~
/usr/bin/g++ -pipe -Wall -Winvalid-pch -Wno-write-strings -fmessage-length=0 -m64 -fno-exceptions -fno-rtti -fno-strict-aliasing -fPIC -O3 -march=x86-64 -ffast-math -DXMOD_LINUX64 -DGAMEDLL -I./build.linux64-release/game -I./src/sqlite3 -I./build.linux64-release/ -I./src -I./pak -c src/game/g_client.cpp -o build.linux64-release/game/game/g_client.o
src/game/g_client.cpp: In function ‘void reinforce(gentity_t*)’:
src/game/g_client.cpp:707:15: warning: variable ‘classname’ set but not used [-Wunused-but-set-variable]
  707 |         char *classname;
      |               ^~~~~~~~~
src/game/g_client.cpp: In function ‘void ClientUserinfoChanged(int)’:
src/game/g_client.cpp:1836:13: warning: variable ‘characterIndex’ set but not used [-Wunused-but-set-variable]
 1836 |     int     characterIndex;
      |             ^~~~~~~~~~~~~~
/usr/bin/g++ -pipe -Wall -Winvalid-pch -Wno-write-strings -fmessage-length=0 -m64 -fno-exceptions -fno-rtti -fno-strict-aliasing -fPIC -O3 -march=x86-64 -ffast-math -DXMOD_LINUX64 -DGAMEDLL -I./build.linux64-release/game -I./src/sqlite3 -I./build.linux64-release/ -I./src -I./pak -c src/game/g_cmds.cpp -o build.linux64-release/game/game/g_cmds.o
/usr/bin/g++ -pipe -Wall -Winvalid-pch -Wno-write-strings -fmessage-length=0 -m64 -fno-exceptions -fno-rtti -fno-strict-aliasing -fPIC -O3 -march=x86-64 -ffast-math -DXMOD_LINUX64 -DGAMEDLL -I./build.linux64-release/game -I./src/sqlite3 -I./build.linux64-release/ -I./src -I./pak -c src/game/g_cmds_ext.cpp -o build.linux64-release/game/game/g_cmds_ext.o
/usr/bin/g++ -pipe -Wall -Winvalid-pch -Wno-write-strings -fmessage-length=0 -m64 -fno-exceptions -fno-rtti -fno-strict-aliasing -fPIC -O3 -march=x86-64 -ffast-math -DXMOD_LINUX64 -DGAMEDLL -I./build.linux64-release/game -I./src/sqlite3 -I./build.linux64-release/ -I./src -I./pak -c src/game/g_combat.cpp -o build.linux64-release/game/game/g_combat.o
src/game/g_combat.cpp: In function ‘void LookAtKiller(gentity_t*, gentity_t*, gentity_t*)’:
src/game/g_combat.cpp:223:25: warning: variable ‘angles’ set but not used [-Wunused-but-set-variable]
  223 |         vec3_t          angles;
      |                         ^~~~~~
src/game/g_combat.cpp: In function ‘void G_Damage(gentity_t*, gentity_t*, gentity_t*, const vec_t*, vec_t*, int, int, int)’:
src/game/g_combat.cpp:1272:22: warning: the address of ‘dir’ will never be NULL [-Waddress]
 1272 |                 if ( dir ) {
      |                      ^~~
src/game/g_combat.cpp:1076:12: note: ‘dir’ declared here
 1076 |     vec3_t dir;
      |            ^~~
src/game/g_combat.cpp:1402:29: warning: the address of ‘dir’ will never be NULL [-Waddress]
 1402 |                         if (dir) {      // Ridah, had to add this to fix NULL dir crash
      |                             ^~~
src/game/g_combat.cpp:1076:12: note: ‘dir’ declared here
 1076 |     vec3_t dir;
      |            ^~~
src/game/g_combat.cpp:941:33: warning: variable ‘save’ set but not used [-Wunused-but-set-variable]
  941 |         int                     save;
      |                                 ^~~~
/usr/bin/g++ -pipe -Wall -Winvalid-pch -Wno-write-strings -fmessage-length=0 -m64 -fno-exceptions -fno-rtti -fno-strict-aliasing -fPIC -O3 -march=x86-64 -ffast-math -DXMOD_LINUX64 -DGAMEDLL -I./build.linux64-release/game -I./src/sqlite3 -I./build.linux64-release/ -I./src -I./pak -c src/game/g_config.cpp -o build.linux64-release/game/game/g_config.o
/usr/bin/g++ -pipe -Wall -Winvalid-pch -Wno-write-strings -fmessage-length=0 -m64 -fno-exceptions -fno-rtti -fno-strict-aliasing -fPIC -O3 -march=x86-64 -ffast-math -DXMOD_LINUX64 -DGAMEDLL -I./build.linux64-release/game -I./src/sqlite3 -I./build.linux64-release/ -I./src -I./pak -c src/game/g_fireteams.cpp -o build.linux64-release/game/game/g_fireteams.o
/usr/bin/g++ -pipe -Wall -Winvalid-pch -Wno-write-strings -fmessage-length=0 -m64 -fno-exceptions -fno-rtti -fno-strict-aliasing -fPIC -O3 -march=x86-64 -ffast-math -DXMOD_LINUX64 -DGAMEDLL -I./build.linux64-release/game -I./src/sqlite3 -I./build.linux64-release/ -I./src -I./pak -c src/game/g_geoip.cpp -o build.linux64-release/game/game/g_geoip.o
/usr/bin/g++ -pipe -Wall -Winvalid-pch -Wno-write-strings -fmessage-length=0 -m64 -fno-exceptions -fno-rtti -fno-strict-aliasing -fPIC -O3 -march=x86-64 -ffast-math -DXMOD_LINUX64 -DGAMEDLL -I./build.linux64-release/game -I./src/sqlite3 -I./build.linux64-release/ -I./src -I./pak -c src/game/g_items.cpp -o build.linux64-release/game/game/g_items.o
/usr/bin/g++ -pipe -Wall -Winvalid-pch -Wno-write-strings -fmessage-length=0 -m64 -fno-exceptions -fno-rtti -fno-strict-aliasing -fPIC -O3 -march=x86-64 -ffast-math -DXMOD_LINUX64 -DGAMEDLL -I./build.linux64-release/game -I./src/sqlite3 -I./build.linux64-release/ -I./src -I./pak -c src/game/g_killingspree.cpp -o build.linux64-release/game/game/g_killingspree.o
/usr/bin/g++ -pipe -Wall -Winvalid-pch -Wno-write-strings -fmessage-length=0 -m64 -fno-exceptions -fno-rtti -fno-strict-aliasing -fPIC -O3 -march=x86-64 -ffast-math -DXMOD_LINUX64 -DGAMEDLL -I./build.linux64-release/game -I./src/sqlite3 -I./build.linux64-release/ -I./src -I./pak -c src/game/g_lua.cpp -o build.linux64-release/game/game/g_lua.o
src/game/g_lua.cpp: In function ‘int _et_gentity_get(lua_State*)’:
src/game/g_lua.cpp:733:17: warning: unused variable ‘i’ [-Wunused-variable]
  733 |             int i, arrayindex = (int)luaL_optinteger(L, 3, 0);
      |                 ^
/usr/bin/g++ -pipe -Wall -Winvalid-pch -Wno-write-strings -fmessage-length=0 -m64 -fno-exceptions -fno-rtti -fno-strict-aliasing -fPIC -O3 -march=x86-64 -ffast-math -DXMOD_LINUX64 -DGAMEDLL -I./build.linux64-release/game -I./src/sqlite3 -I./build.linux64-release/ -I./src -I./pak -c src/game/g_main.cpp -o build.linux64-release/game/game/g_main.o
src/game/g_main.cpp: In function ‘intptr_t vmMain(int, int, int, int, int, int, int, int)’:
src/game/g_main.cpp:798:58: warning: cast to pointer from integer of different size [-Wint-to-pointer-cast]
  798 |                 jxac::Server::handleBinaryMessage( arg0, (const char*)arg1, arg2 );
      |                                                          ^~~~~~~~~~~~~~~~~
src/game/g_main.cpp: In function ‘void G_CheckForCursorHints(gentity_t*)’:
src/game/g_main.cpp:953:34: warning: variable ‘indirectHit’ set but not used [-Wunused-but-set-variable]
  953 |         qboolean        zooming, indirectHit;   // indirectHit means the checkent was not the ent hit by the trace (checkEnt!=traceEnt)
      |                                  ^~~~~~~~~~~
/usr/bin/g++ -pipe -Wall -Winvalid-pch -Wno-write-strings -fmessage-length=0 -m64 -fno-exceptions -fno-rtti -fno-strict-aliasing -fPIC -O3 -march=x86-64 -ffast-math -DXMOD_LINUX64 -DGAMEDLL -I./build.linux64-release/game -I./src/sqlite3 -I./build.linux64-release/ -I./src -I./pak -c src/game/g_match.cpp -o build.linux64-release/game/game/g_match.o
/usr/bin/g++ -pipe -Wall -Winvalid-pch -Wno-write-strings -fmessage-length=0 -m64 -fno-exceptions -fno-rtti -fno-strict-aliasing -fPIC -O3 -march=x86-64 -ffast-math -DXMOD_LINUX64 -DGAMEDLL -I./build.linux64-release/game -I./src/sqlite3 -I./build.linux64-release/ -I./src -I./pak -c src/game/g_mem.cpp -o build.linux64-release/game/game/g_mem.o
/usr/bin/g++ -pipe -Wall -Winvalid-pch -Wno-write-strings -fmessage-length=0 -m64 -fno-exceptions -fno-rtti -fno-strict-aliasing -fPIC -O3 -march=x86-64 -ffast-math -DXMOD_LINUX64 -DGAMEDLL -I./build.linux64-release/game -I./src/sqlite3 -I./build.linux64-release/ -I./src -I./pak -c src/game/g_misc.cpp -o build.linux64-release/game/game/g_misc.o
src/game/g_misc.cpp: In function ‘void SP_misc_gamemodel(gentity_t*)’:
src/game/g_misc.cpp:517:18: warning: variable ‘reverse’ set but not used [-Wunused-but-set-variable]
  517 |         qboolean reverse = qfalse;
      |                  ^~~~~~~
src/game/g_misc.cpp: In function ‘void clamp_hweapontofirearc(gentity_t*, vec_t*)’:
src/game/g_misc.cpp:1254:21: warning: variable ‘yawspeed’ set but not used [-Wunused-but-set-variable]
 1254 |         float diff, yawspeed;
      |                     ^~~~~~~~
src/game/g_misc.cpp:1255:18: warning: variable ‘clamped’ set but not used [-Wunused-but-set-variable]
 1255 |         qboolean clamped;
      |                  ^~~~~~~
/usr/bin/g++ -pipe -Wall -Winvalid-pch -Wno-write-strings -fmessage-length=0 -m64 -fno-exceptions -fno-rtti -fno-strict-aliasing -fPIC -O3 -march=x86-64 -ffast-math -DXMOD_LINUX64 -DGAMEDLL -I./build.linux64-release/game -I./src/sqlite3 -I./build.linux64-release/ -I./src -I./pak -c src/game/g_missile.cpp -o build.linux64-release/game/game/g_missile.o
src/game/g_missile.cpp: In function ‘void G_MissileImpact(gentity_t*, trace_t*, int)’:
src/game/g_missile.cpp:140:33: warning: variable ‘hitClient’ set but not used [-Wunused-but-set-variable]
  140 |         qboolean                hitClient = qfalse;
      |                                 ^~~~~~~~~
src/game/g_missile.cpp: In function ‘void G_ExplodeMissile(gentity_t*)’:
src/game/g_missile.cpp:390:25: warning: variable ‘small’ set but not used [-Wunused-but-set-variable]
  390 |         qboolean        small = qfalse;
      |                         ^~~~~
/usr/bin/g++ -pipe -Wall -Winvalid-pch -Wno-write-strings -fmessage-length=0 -m64 -fno-exceptions -fno-rtti -fno-strict-aliasing -fPIC -O3 -march=x86-64 -ffast-math -DXMOD_LINUX64 -DGAMEDLL -I./build.linux64-release/game -I./src/sqlite3 -I./build.linux64-release/ -I./src -I./pak -c src/game/g_molotov.cpp -o build.linux64-release/game/game/g_molotov.o
/usr/bin/g++ -pipe -Wall -Winvalid-pch -Wno-write-strings -fmessage-length=0 -m64 -fno-exceptions -fno-rtti -fno-strict-aliasing -fPIC -O3 -march=x86-64 -ffast-math -DXMOD_LINUX64 -DGAMEDLL -I./build.linux64-release/game -I./src/sqlite3 -I./build.linux64-release/ -I./src -I./pak -c src/game/g_mover.cpp -o build.linux64-release/game/game/g_mover.o
src/game/g_mover.cpp: In function ‘void InitMoverRotate(gentity_t*)’:
src/game/g_mover.cpp:1670:25: warning: variable ‘distance’ set but not used [-Wunused-but-set-variable]
 1670 |         float           distance;
      |                         ^~~~~~~~
src/game/g_mover.cpp: In function ‘void func_constructible_underconstructionthink(gentity_t*)’:
src/game/g_mover.cpp:4808:28: warning: variable ‘te’ set but not used [-Wunused-but-set-variable]
 4808 |                 gentity_t *te;
      |                            ^~
/usr/bin/g++ -pipe -Wall -Winvalid-pch -Wno-write-strings -fmessage-length=0 -m64 -fno-exceptions -fno-rtti -fno-strict-aliasing -fPIC -O3 -march=x86-64 -ffast-math -DXMOD_LINUX64 -DGAMEDLL -I./build.linux64-release/game -I./src/sqlite3 -I./build.linux64-release/ -I./src -I./pak -c src/game/g_multiview.cpp -o build.linux64-release/game/game/g_multiview.o
/usr/bin/g++ -pipe -Wall -Winvalid-pch -Wno-write-strings -fmessage-length=0 -m64 -fno-exceptions -fno-rtti -fno-strict-aliasing -fPIC -O3 -march=x86-64 -ffast-math -DXMOD_LINUX64 -DGAMEDLL -I./build.linux64-release/game -I./src/sqlite3 -I./build.linux64-release/ -I./src -I./pak -c src/game/g_props.cpp -o build.linux64-release/game/game/g_props.o
src/game/g_props.cpp: In function ‘void Just_Got_Thrown(gentity_t*)’:
src/game/g_props.cpp:905:42: warning: variable ‘traceEnt’ set but not used [-Wunused-but-set-variable]
  905 |                         gentity_t       *traceEnt;
      |                                          ^~~~~~~~
src/game/g_props.cpp:877:18: warning: variable ‘prop_hits’ set but not used [-Wunused-but-set-variable]
  877 |         qboolean prop_hits = qfalse;
      |                  ^~~~~~~~~
/usr/bin/g++ -pipe -Wall -Winvalid-pch -Wno-write-strings -fmessage-length=0 -m64 -fno-exceptions -fno-rtti -fno-strict-aliasing -fPIC -O3 -march=x86-64 -ffast-math -DXMOD_LINUX64 -DGAMEDLL -I./build.linux64-release/game -I./src/sqlite3 -I./build.linux64-release/ -I./src -I./pak -c src/game/g_referee.cpp -o build.linux64-release/game/game/g_referee.o
/usr/bin/g++ -pipe -Wall -Winvalid-pch -Wno-write-strings -fmessage-length=0 -m64 -fno-exceptions -fno-rtti -fno-strict-aliasing -fPIC -O3 -march=x86-64 -ffast-math -DXMOD_LINUX64 -DGAMEDLL -I./build.linux64-release/game -I./src/sqlite3 -I./build.linux64-release/ -I./src -I./pak -c src/game/g_script.cpp -o build.linux64-release/game/game/g_script.o
src/game/g_script.cpp: In function ‘void script_mover_spawn(gentity_t*)’:
src/game/g_script.cpp:1027:26: warning: the address of ‘gentity_s::tagBuffer’ will never be NULL [-Waddress]
 1027 |                 if(!ent->tagBuffer) {
      |                     ~~~~~^~~~~~~~~
In file included from src/bgame/impl.h:9:
./src/game/g_local.h:532:17: note: ‘gentity_s::tagBuffer’ declared here
  532 |         char    tagBuffer[16];
      |                 ^~~~~~~~~
/usr/bin/g++ -pipe -Wall -Winvalid-pch -Wno-write-strings -fmessage-length=0 -m64 -fno-exceptions -fno-rtti -fno-strict-aliasing -fPIC -O3 -march=x86-64 -ffast-math -DXMOD_LINUX64 -DGAMEDLL -I./build.linux64-release/game -I./src/sqlite3 -I./build.linux64-release/ -I./src -I./pak -c src/game/g_script_actions.cpp -o build.linux64-release/game/game/g_script_actions.o
/usr/bin/g++ -pipe -Wall -Winvalid-pch -Wno-write-strings -fmessage-length=0 -m64 -fno-exceptions -fno-rtti -fno-strict-aliasing -fPIC -O3 -march=x86-64 -ffast-math -DXMOD_LINUX64 -DGAMEDLL -I./build.linux64-release/game -I./src/sqlite3 -I./build.linux64-release/ -I./src -I./pak -c src/game/g_session.cpp -o build.linux64-release/game/game/g_session.o
/usr/bin/g++ -pipe -Wall -Winvalid-pch -Wno-write-strings -fmessage-length=0 -m64 -fno-exceptions -fno-rtti -fno-strict-aliasing -fPIC -O3 -march=x86-64 -ffast-math -DXMOD_LINUX64 -DGAMEDLL -I./build.linux64-release/game -I./src/sqlite3 -I./build.linux64-release/ -I./src -I./pak -c src/game/g_spawn.cpp -o build.linux64-release/game/game/g_spawn.o
/usr/bin/g++ -pipe -Wall -Winvalid-pch -Wno-write-strings -fmessage-length=0 -m64 -fno-exceptions -fno-rtti -fno-strict-aliasing -fPIC -O3 -march=x86-64 -ffast-math -DXMOD_LINUX64 -DGAMEDLL -I./build.linux64-release/game -I./src/sqlite3 -I./build.linux64-release/ -I./src -I./pak -c src/game/g_stats.cpp -o build.linux64-release/game/game/g_stats.o
/usr/bin/g++ -pipe -Wall -Winvalid-pch -Wno-write-strings -fmessage-length=0 -m64 -fno-exceptions -fno-rtti -fno-strict-aliasing -fPIC -O3 -march=x86-64 -ffast-math -DXMOD_LINUX64 -DGAMEDLL -I./build.linux64-release/game -I./src/sqlite3 -I./build.linux64-release/ -I./src -I./pak -c src/game/g_sv_entities.cpp -o build.linux64-release/game/game/g_sv_entities.o
/usr/bin/g++ -pipe -Wall -Winvalid-pch -Wno-write-strings -fmessage-length=0 -m64 -fno-exceptions -fno-rtti -fno-strict-aliasing -fPIC -O3 -march=x86-64 -ffast-math -DXMOD_LINUX64 -DGAMEDLL -I./build.linux64-release/game -I./src/sqlite3 -I./build.linux64-release/ -I./src -I./pak -c src/game/g_svcmds.cpp -o build.linux64-release/game/game/g_svcmds.o
/usr/bin/g++ -pipe -Wall -Winvalid-pch -Wno-write-strings -fmessage-length=0 -m64 -fno-exceptions -fno-rtti -fno-strict-aliasing -fPIC -O3 -march=x86-64 -ffast-math -DXMOD_LINUX64 -DGAMEDLL -I./build.linux64-release/game -I./src/sqlite3 -I./build.linux64-release/ -I./src -I./pak -c src/game/g_syscalls.cpp -o build.linux64-release/game/game/g_syscalls.o
/usr/bin/g++ -pipe -Wall -Winvalid-pch -Wno-write-strings -fmessage-length=0 -m64 -fno-exceptions -fno-rtti -fno-strict-aliasing -fPIC -O3 -march=x86-64 -ffast-math -DXMOD_LINUX64 -DGAMEDLL -I./build.linux64-release/game -I./src/sqlite3 -I./build.linux64-release/ -I./src -I./pak -c src/game/g_systemmsg.cpp -o build.linux64-release/game/game/g_systemmsg.o
/usr/bin/g++ -pipe -Wall -Winvalid-pch -Wno-write-strings -fmessage-length=0 -m64 -fno-exceptions -fno-rtti -fno-strict-aliasing -fPIC -O3 -march=x86-64 -ffast-math -DXMOD_LINUX64 -DGAMEDLL -I./build.linux64-release/game -I./src/sqlite3 -I./build.linux64-release/ -I./src -I./pak -c src/game/g_target.cpp -o build.linux64-release/game/game/g_target.o
/usr/bin/g++ -pipe -Wall -Winvalid-pch -Wno-write-strings -fmessage-length=0 -m64 -fno-exceptions -fno-rtti -fno-strict-aliasing -fPIC -O3 -march=x86-64 -ffast-math -DXMOD_LINUX64 -DGAMEDLL -I./build.linux64-release/game -I./src/sqlite3 -I./build.linux64-release/ -I./src -I./pak -c src/game/g_team.cpp -o build.linux64-release/game/game/g_team.o
src/game/g_team.cpp: In function ‘int Team_TouchOurFlag(gentity_t*, gentity_t*, int)’:
src/game/g_team.cpp:444:13: warning: variable ‘our_flag’ set but not used [-Wunused-but-set-variable]
  444 |         int our_flag, enemy_flag;
      |             ^~~~~~~~
src/game/g_team.cpp:444:23: warning: variable ‘enemy_flag’ set but not used [-Wunused-but-set-variable]
  444 |         int our_flag, enemy_flag;
      |                       ^~~~~~~~~~
src/game/g_team.cpp: In function ‘gentity_t* SelectRandomTeamSpawnPoint(int, team_t, int)’:
src/game/g_team.cpp:685:49: warning: variable ‘defendingTeam’ set but not used [-Wunused-but-set-variable]
  685 |         int                     count, closest, defendingTeam;
      |                                                 ^~~~~~~~~~~~~
src/game/g_team.cpp: In function ‘void G_shuffleTeams()’:
src/game/g_team.cpp:1654:13: warning: variable ‘aTeamCount’ set but not used [-Wunused-but-set-variable]
 1654 |         int aTeamCount[TEAM_NUM_TEAMS];
      |             ^~~~~~~~~~
/usr/bin/g++ -pipe -Wall -Winvalid-pch -Wno-write-strings -fmessage-length=0 -m64 -fno-exceptions -fno-rtti -fno-strict-aliasing -fPIC -O3 -march=x86-64 -ffast-math -DXMOD_LINUX64 -DGAMEDLL -I./build.linux64-release/game -I./src/sqlite3 -I./build.linux64-release/ -I./src -I./pak -c src/game/g_teammapdata.cpp -o build.linux64-release/game/game/g_teammapdata.o
/usr/bin/g++ -pipe -Wall -Winvalid-pch -Wno-write-strings -fmessage-length=0 -m64 -fno-exceptions -fno-rtti -fno-strict-aliasing -fPIC -O3 -march=x86-64 -ffast-math -DXMOD_LINUX64 -DGAMEDLL -I./build.linux64-release/game -I./src/sqlite3 -I./build.linux64-release/ -I./src -I./pak -c src/game/g_trigger.cpp -o build.linux64-release/game/game/g_trigger.o
/usr/bin/g++ -pipe -Wall -Winvalid-pch -Wno-write-strings -fmessage-length=0 -m64 -fno-exceptions -fno-rtti -fno-strict-aliasing -fPIC -O3 -march=x86-64 -ffast-math -DXMOD_LINUX64 -DGAMEDLL -I./build.linux64-release/game -I./src/sqlite3 -I./build.linux64-release/ -I./src -I./pak -c src/game/g_utils.cpp -o build.linux64-release/game/game/g_utils.o
src/game/g_utils.cpp: In function ‘void G_ProcessTagConnect(gentity_t*, qboolean)’:
src/game/g_utils.cpp:994:19: warning: the address of ‘gentity_s::tagName’ will never be NULL [-Waddress]
  994 |         if (!ent->tagName) {
      |              ~~~~~^~~~~~~
In file included from src/bgame/impl.h:9:
./src/game/g_local.h:475:25: note: ‘gentity_s::tagName’ declared here
  475 |         char            tagName[MAX_QPATH];             // name of the tag we are attached to
      |                         ^~~~~~~
/usr/bin/g++ -pipe -Wall -Winvalid-pch -Wno-write-strings -fmessage-length=0 -m64 -fno-exceptions -fno-rtti -fno-strict-aliasing -fPIC -O3 -march=x86-64 -ffast-math -DXMOD_LINUX64 -DGAMEDLL -I./build.linux64-release/game -I./src/sqlite3 -I./build.linux64-release/ -I./src -I./pak -c src/game/g_vote.cpp -o build.linux64-release/game/game/g_vote.o
/usr/bin/g++ -pipe -Wall -Winvalid-pch -Wno-write-strings -fmessage-length=0 -m64 -fno-exceptions -fno-rtti -fno-strict-aliasing -fPIC -O3 -march=x86-64 -ffast-math -DXMOD_LINUX64 -DGAMEDLL -I./build.linux64-release/game -I./src/sqlite3 -I./build.linux64-release/ -I./src -I./pak -c src/game/g_weapon.cpp -o build.linux64-release/game/game/g_weapon.o
/usr/bin/g++ -pipe -Wall -Winvalid-pch -Wno-write-strings -fmessage-length=0 -m64 -fno-exceptions -fno-rtti -fno-strict-aliasing -fPIC -O3 -march=x86-64 -ffast-math -DXMOD_LINUX64 -DGAMEDLL -I./build.linux64-release/game -I./src/sqlite3 -I./build.linux64-release/ -I./src -I./pak -c src/game/g_weaponscripts.cpp -o build.linux64-release/game/game/g_weaponscripts.o
src/game/g_weapon.cpp: In function ‘bool Bullet_Fire_Extended(gentity_t*, gentity_t*, vec_t*, vec_t*, int, bool, bool)’:
src/game/g_weapon.cpp:3892:30: warning: ‘?:’ using integer constants in boolean context [-Wint-in-bool-context]
 3892 |             (distanceFalloff ? DAMAGE_DISTANCEFALLOFF : 0 ),
      |             ~~~~~~~~~~~~~~~~~^~~~~~~~~~~~~~~~~~~~~~~~~~~~~~
/usr/bin/g++ -pipe -Wall -Winvalid-pch -Wno-write-strings -fmessage-length=0 -m64 -fno-exceptions -fno-rtti -fno-strict-aliasing -fPIC -O3 -march=x86-64 -ffast-math -DXMOD_LINUX64 -DGAMEDLL -I./build.linux64-release/game -I./src/sqlite3 -I./build.linux64-release/ -I./src -I./pak -c src/game/g_xmod.cpp -o build.linux64-release/game/game/g_xmod.o
/usr/bin/g++ -pipe -Wall -Winvalid-pch -Wno-write-strings -fmessage-length=0 -m64 -fno-exceptions -fno-rtti -fno-strict-aliasing -fPIC -O3 -march=x86-64 -ffast-math -DXMOD_LINUX64 -DGAMEDLL -I./build.linux64-release/game -I./src/sqlite3 -I./build.linux64-release/ -I./src -I./pak -c src/game/g_xmod_utils.cpp -o build.linux64-release/game/game/g_xmod_utils.o
/usr/bin/g++ -pipe -Wall -Winvalid-pch -Wno-write-strings -fmessage-length=0 -m64 -fno-exceptions -fno-rtti -fno-strict-aliasing -fPIC -O3 -march=x86-64 -ffast-math -DXMOD_LINUX64 -DGAMEDLL -I./build.linux64-release/game -I./src/sqlite3 -I./build.linux64-release/ -I./src -I./pak -c src/game/jxac/jxac_server.cpp -o build.linux64-release/game/game/jxac/jxac_server.o
/usr/bin/g++ -pipe -Wall -Winvalid-pch -Wno-write-strings -fmessage-length=0 -m64 -fno-exceptions -fno-rtti -fno-strict-aliasing -fPIC -O3 -march=x86-64 -ffast-math -DXMOD_LINUX64 -DGAMEDLL -I./build.linux64-release/game -I./src/sqlite3 -I./build.linux64-release/ -I./src -I./pak -c src/game/jxac/jxac_tcp_server.cpp -o build.linux64-release/game/game/jxac/jxac_tcp_server.o
/usr/bin/g++ -pipe -Wall -Winvalid-pch -Wno-write-strings -fmessage-length=0 -m64 -fno-exceptions -fno-rtti -fno-strict-aliasing -fPIC -O3 -march=x86-64 -ffast-math -DXMOD_LINUX64 -DGAMEDLL -I./build.linux64-release/game -I./src/sqlite3 -I./build.linux64-release/ -I./src -I./pak -c src/game/static.cpp -o build.linux64-release/game/game/static.o
/usr/bin/g++ -pipe -Wall -Winvalid-pch -Wno-write-strings -fmessage-length=0 -m64 -fno-exceptions -fno-rtti -fno-strict-aliasing -fPIC -O3 -march=x86-64 -ffast-math -DXMOD_LINUX64 -DGAMEDLL -I./build.linux64-release/game -I./src/sqlite3 -I./build.linux64-release/ -I./src -I./pak -c src/game/str/util.cpp -o build.linux64-release/game/game/str/util.o
/usr/bin/g++ -pipe -Wall -Winvalid-pch -Wno-write-strings -fmessage-length=0 -m64 -fno-exceptions -fno-rtti -fno-strict-aliasing -fPIC -O3 -march=x86-64 -ffast-math -DXMOD_LINUX64 -DGAMEDLL -I./build.linux64-release/game -I./src/sqlite3 -I./build.linux64-release/ -I./src -I./pak -c src/game/xm_main_ext.cpp -o build.linux64-release/game/game/xm_main_ext.o
/usr/bin/g++ -pipe -Wall -Winvalid-pch -Wno-write-strings -fmessage-length=0 -m64 -fno-exceptions -fno-rtti -fno-strict-aliasing -fPIC -O3 -march=x86-64 -ffast-math -DXMOD_LINUX64 -DGAMEDLL -I./build.linux64-release/game -I./src/sqlite3 -I./build.linux64-release/ -I./src -I./pak -c src/game/xmod_database.cpp -o build.linux64-release/game/game/xmod_database.o
/usr/bin/g++ -pipe -Wall -Winvalid-pch -Wno-write-strings -fmessage-length=0 -m64 -fno-exceptions -fno-rtti -fno-strict-aliasing -fPIC -O3 -march=x86-64 -ffast-math -DXMOD_LINUX64 -DGAMEDLL -I./build.linux64-release/game -I./src/sqlite3 -I./build.linux64-release/ -I./src -I./pak -c src/game/xmod_globals.cpp -o build.linux64-release/game/game/xmod_globals.o
/usr/bin/g++ -pipe -Wall -Winvalid-pch -Wno-write-strings -fmessage-length=0 -m64 -fno-exceptions -fno-rtti -fno-strict-aliasing -fPIC -O3 -march=x86-64 -ffast-math -DXMOD_LINUX64 -DGAMEDLL -I./build.linux64-release/game -I./src/sqlite3 -I./build.linux64-release/ -I./src -I./pak -c src/game/xmod_session.cpp -o build.linux64-release/game/game/xmod_session.o
/usr/bin/g++ -pipe -Wall -Winvalid-pch -Wno-write-strings -fmessage-length=0 -m64 -fno-exceptions -fno-rtti -fno-strict-aliasing -fPIC -O3 -march=x86-64 -ffast-math -DXMOD_LINUX64 -DGAMEDLL -I./build.linux64-release/game -I./src/sqlite3 -I./build.linux64-release/ -I./src -I./pak -c src/omnibot/common/BotLoadLibrary.cpp -o build.linux64-release/game/omnibot/common/BotLoadLibrary.o
src/omnibot/common/BotLoadLibrary.cpp: In member function ‘void KeyVals::Reset()’:
src/omnibot/common/BotLoadLibrary.cpp:334:15: warning: ‘void* memset(void*, int, size_t)’ clearing an object of non-trivial type ‘obUserData’ {aka ‘struct obUserData_t’}; use assignment or value-initialization instead [-Wclass-memaccess]
  334 |         memset(m_Value,0,sizeof(m_Value));
      |         ~~~~~~^~~~~~~~~~~~~~~~~~~~~~~~~~~
In file included from src/omnibot/common/Omni-Bot.h:9,
                 from src/omnibot/common/Functions_Bot.h:4,
                 from src/omnibot/common/BotExports.h:6,
                 from src/omnibot/common/BotLoadLibrary.cpp:1:
src/omnibot/common/Omni-Bot_Types.h:799:16: note: ‘obUserData’ {aka ‘struct obUserData_t’} declared here
  799 | typedef struct obUserData_t
      |                ^~~~~~~~~~~~
/usr/bin/g++ -pipe -Wall -Winvalid-pch -Wno-write-strings -fmessage-length=0 -m64 -fno-exceptions -fno-rtti -fno-strict-aliasing -fPIC -O3 -march=x86-64 -ffast-math -DXMOD_LINUX64 -DGAMEDLL -I./build.linux64-release/game -I./src/sqlite3 -I./build.linux64-release/ -I./src -I./pak -c src/omnibot/et/g_etbot_interface.cpp -o build.linux64-release/game/omnibot/et/g_etbot_interface.o
src/omnibot/et/g_etbot_interface.cpp: In member function ‘virtual obResult ETInterface::InterfaceSendMessage(const MessageHelper&, GameEntity)’:
src/omnibot/et/g_etbot_interface.cpp:4092:50: warning: the address of ‘Msg_GotoWaypoint::m_Origin’ will never be NULL [-Waddress]
 4092 |                                 if(pMsg && pMsg->m_Origin && g_cheats.integer)
      |                                            ~~~~~~^~~~~~~~
In file included from ./src/omnibot/et/ET_Messages.h:4,
                 from src/omnibot/et/g_etbot_interface.cpp:12:
./src/omnibot/et/../common/Base_Messages.h:325:25: note: ‘Msg_GotoWaypoint::m_Origin’ declared here
  325 |         float           m_Origin[3];
      |                         ^~~~~~~~
src/omnibot/et/g_etbot_interface.cpp: In member function ‘virtual void ETInterface::GetMapExtents(AABB&)’:
src/omnibot/et/g_etbot_interface.cpp:4838:31: warning: ‘void* memset(void*, int, size_t)’ clearing an object of non-trivial type ‘AABB’ {aka ‘struct AABB_t’}; use assignment or value-initialization instead [-Wclass-memaccess]
 4838 |                         memset(&_aabb, 0, sizeof(AABB));
      |                         ~~~~~~^~~~~~~~~~~~~~~~~~~~~~~~~
In file included from ./src/omnibot/common/Omni-Bot.h:9,
                 from ./src/omnibot/common/Functions_Bot.h:4,
                 from ./src/omnibot/common/BotExports.h:6,
                 from src/omnibot/et/g_etbot_interface.cpp:10:
./src/omnibot/common/Omni-Bot_Types.h:223:16: note: ‘AABB’ {aka ‘struct AABB_t’} declared here
  223 | typedef struct AABB_t
      |                ^~~~~~
src/omnibot/et/g_etbot_interface.cpp: In member function ‘virtual void ETInterface::GetGoals()’:
src/omnibot/et/g_etbot_interface.cpp:3515:75: warning: ‘bud.obUserData_t::udata.obUserData_t::udatatype::m_Int’ may be used uninitialized [-Wmaybe-uninitialized]
 3515 |                                                                 bud.udata.m_Int |= XPLO_TYPE_SATCHEL;
      |                                                                 ~~~~~~~~~~^~~~~
src/omnibot/et/g_etbot_interface.cpp:3509:60: note: ‘bud’ declared here
 3509 |                                                 obUserData bud;
      |                                                            ^~~
src/omnibot/et/g_etbot_interface.cpp:3515:75: warning: ‘bud.obUserData_t::udata.obUserData_t::udatatype::m_Int’ may be used uninitialized [-Wmaybe-uninitialized]
 3515 |                                                                 bud.udata.m_Int |= XPLO_TYPE_SATCHEL;
      |                                                                 ~~~~~~~~~~^~~~~
src/omnibot/et/g_etbot_interface.cpp:3509:60: note: ‘bud’ declared here
 3509 |                                                 obUserData bud;
      |                                                            ^~~
/usr/bin/g++ -pipe -Wall -Winvalid-pch -Wno-write-strings -fmessage-length=0 -m64 -fno-exceptions -fno-rtti -fno-strict-aliasing -fPIC -O3 -march=x86-64 -ffast-math -static-libgcc -DXMOD_LINUX64 -DGAMEDLL -I./build.linux64-release/game -I./src/sqlite3 -I./build.linux64-release/ -I./src -I./pak -o build.linux64-release/game/qagame.mp.x86_64.so build.linux64-release/game/bgame/Engine.o build.linux64-release/game/bgame/Logger.o build.linux64-release/game/bgame/Process.o build.linux64-release/game/bgame/SampledStat.o build.linux64-release/game/bgame/bg_animation.o build.linux64-release/game/bgame/bg_animgroup.o build.linux64-release/game/bgame/bg_attack2.o build.linux64-release/game/bgame/bg_campaign.o build.linux64-release/game/bgame/bg_character.o build.linux64-release/game/bgame/bg_classes.o build.linux64-release/game/bgame/bg_misc.o build.linux64-release/game/bgame/bg_molotov.o build.linux64-release/game/bgame/bg_pmove.o build.linux64-release/game/bgame/bg_slidemove.o build.linux64-release/game/bgame/bg_sscript.o build.linux64-release/game/bgame/bg_stats.o build.linux64-release/game/bgame/bg_tracemap.o build.linux64-release/game/bgame/bg_xmod.o build.linux64-release/game/bgame/cvar/Cvar.o build.linux64-release/game/bgame/linux/Process.o build.linux64-release/game/bgame/linux/bg_cpu.o build.linux64-release/game/bgame/q_math.o build.linux64-release/game/bgame/q_shared.o build.linux64-release/game/bgame/str/PairDump.o build.linux64-release/game/bgame/str/util.o build.linux64-release/game/game/AbstractBulletModel.o build.linux64-release/game/game/AbstractBulletVolume.o build.linux64-release/game/game/AbstractHitModel.o build.linux64-release/game/game/AbstractHitVolume.o build.linux64-release/game/game/AbstractStateHitModel.o build.linux64-release/game/game/AdminLog.o build.linux64-release/game/game/AdvancedHitModel.o build.linux64-release/game/game/AlignedCuboidHV.o build.linux64-release/game/game/BasicHitModel.o build.linux64-release/game/game/CensorDB.o build.linux64-release/game/game/Client.o build.linux64-release/game/game/CustomCommandDB.o build.linux64-release/game/game/Database.o build.linux64-release/game/game/Engine.o build.linux64-release/game/game/Entity.o build.linux64-release/game/game/EntityBulletModel.o build.linux64-release/game/game/EntityHitModel.o build.linux64-release/game/game/EtmainBulletModel.o build.linux64-release/game/game/EtmainHitModel.o build.linux64-release/game/game/Level.o build.linux64-release/game/game/LevelDB.o build.linux64-release/game/game/MapDB.o build.linux64-release/game/game/MapEntity.o build.linux64-release/game/game/MapEntityList.o build.linux64-release/game/game/MapRecord.o build.linux64-release/game/game/MuzzleBulletModel.o build.linux64-release/game/game/OrientedCuboidHV.o build.linux64-release/game/game/OrientedHitModel.o build.linux64-release/game/game/Privilege.o build.linux64-release/game/game/PrivilegeSet.o build.linux64-release/game/game/SEngine.o build.linux64-release/game/game/SingleBulletVolume.o build.linux64-release/game/game/StandardHitModel.o build.linux64-release/game/game/TraceContext.o build.linux64-release/game/game/User.o build.linux64-release/game/game/UserManager.o build.linux64-release/game/game/cmd/About.o build.linux64-release/game/game/cmd/AbstractBuiltin.o build.linux64-release/game/game/cmd/AbstractCommand.o build.linux64-release/game/game/cmd/AdminTest.o build.linux64-release/game/game/cmd/Ban.o build.linux64-release/game/game/cmd/BanInfo.o build.linux64-release/game/game/cmd/BanList.o build.linux64-release/game/game/cmd/BanUser.o build.linux64-release/game/game/cmd/CancelVote.o build.linux64-release/game/game/cmd/Chicken.o build.linux64-release/game/game/cmd/CrazyGravity.o build.linux64-release/game/game/cmd/CryBaby.o build.linux64-release/game/game/cmd/CustomCommand.o build.linux64-release/game/game/cmd/DbLoad.o build.linux64-release/game/game/cmd/DbSave.o build.linux64-release/game/game/cmd/Disorient.o build.linux64-release/game/game/cmd/FTime.o build.linux64-release/game/game/cmd/Finger.o build.linux64-release/game/game/cmd/Fling.o build.linux64-release/game/game/cmd/Flinga.o build.linux64-release/game/game/cmd/Glow.o build.linux64-release/game/game/cmd/Help.o build.linux64-release/game/game/cmd/JxacScreenshot.o build.linux64-release/game/game/cmd/JxacScreenshotAll.o build.linux64-release/game/game/cmd/JxacStatus.o build.linux64-release/game/game/cmd/Kick.o build.linux64-release/game/game/cmd/Launch.o build.linux64-release/game/game/cmd/Launcha.o build.linux64-release/game/game/cmd/LevAdd.o build.linux64-release/game/game/cmd/LevDelete.o build.linux64-release/game/game/cmd/LevEdit.o build.linux64-release/game/game/cmd/LevInfo.o build.linux64-release/game/game/cmd/LevList.o build.linux64-release/game/game/cmd/ListPlayers.o build.linux64-release/game/game/cmd/Lock.o build.linux64-release/game/game/cmd/Lol.o build.linux64-release/game/game/cmd/LsPlayers.o build.linux64-release/game/game/cmd/Mute.o build.linux64-release/game/game/cmd/News.o build.linux64-release/game/game/cmd/NextMap.o build.linux64-release/game/game/cmd/Orient.o build.linux64-release/game/game/cmd/Page.o build.linux64-release/game/game/cmd/Pants.o build.linux64-release/game/game/cmd/PanzerWar.o build.linux64-release/game/game/cmd/Pause.o build.linux64-release/game/game/cmd/Pip.o build.linux64-release/game/game/cmd/Pop.o build.linux64-release/game/game/cmd/PutTeam.o build.linux64-release/game/game/cmd/Rename.o build.linux64-release/game/game/cmd/Reset.o build.linux64-release/game/game/cmd/ResetXp.o build.linux64-release/game/game/cmd/ResetmyXp.o build.linux64-release/game/game/cmd/Restart.o build.linux64-release/game/game/cmd/Revive.o build.linux64-release/game/game/cmd/Seen.o build.linux64-release/game/game/cmd/SetLevel.o build.linux64-release/game/game/cmd/Shake.o build.linux64-release/game/game/cmd/Shuffle.o build.linux64-release/game/game/cmd/Slap.o build.linux64-release/game/game/cmd/Smite.o build.linux64-release/game/game/cmd/SniperWar.o build.linux64-release/game/game/cmd/Spec.o build.linux64-release/game/game/cmd/Spec999.o build.linux64-release/game/game/cmd/Splat.o build.linux64-release/game/game/cmd/Splata.o build.linux64-release/game/game/cmd/Status.o build.linux64-release/game/game/cmd/Swap.o build.linux64-release/game/game/cmd/Throw.o build.linux64-release/game/game/cmd/Throwa.o build.linux64-release/game/game/cmd/Time.o build.linux64-release/game/game/cmd/Unban.o build.linux64-release/game/game/cmd/Unlock.o build.linux64-release/game/game/cmd/Unmute.o build.linux64-release/game/game/cmd/Unpause.o build.linux64-release/game/game/cmd/Uptime.o build.linux64-release/game/game/cmd/UserDelete.o build.linux64-release/game/game/cmd/UserEdit.o build.linux64-release/game/game/cmd/UserInfo.o build.linux64-release/game/game/cmd/UserList.o build.linux64-release/game/game/cmd/util.o build.linux64-release/game/game/cvar/Cvar.o build.linux64-release/game/game/cvar/util.o build.linux64-release/game/game/etpro_mdx.o build.linux64-release/game/game/g_active.o build.linux64-release/game/game/g_alarm.o build.linux64-release/game/game/g_antilag.o build.linux64-release/game/game/g_buddy_list.o build.linux64-release/game/game/g_character.o build.linux64-release/game/game/g_client.o build.linux64-release/game/game/g_cmds.o build.linux64-release/game/game/g_cmds_ext.o build.linux64-release/game/game/g_combat.o build.linux64-release/game/game/g_config.o build.linux64-release/game/game/g_fireteams.o build.linux64-release/game/game/g_geoip.o build.linux64-release/game/game/g_items.o build.linux64-release/game/game/g_killingspree.o build.linux64-release/game/game/g_lua.o build.linux64-release/game/game/g_main.o build.linux64-release/game/game/g_match.o build.linux64-release/game/game/g_mem.o build.linux64-release/game/game/g_misc.o build.linux64-release/game/game/g_missile.o build.linux64-release/game/game/g_molotov.o build.linux64-release/game/game/g_mover.o build.linux64-release/game/game/g_multiview.o build.linux64-release/game/game/g_props.o build.linux64-release/game/game/g_referee.o build.linux64-release/game/game/g_script.o build.linux64-release/game/game/g_script_actions.o build.linux64-release/game/game/g_session.o build.linux64-release/game/game/g_spawn.o build.linux64-release/game/game/g_stats.o build.linux64-release/game/game/g_sv_entities.o build.linux64-release/game/game/g_svcmds.o build.linux64-release/game/game/g_syscalls.o build.linux64-release/game/game/g_systemmsg.o build.linux64-release/game/game/g_target.o build.linux64-release/game/game/g_team.o build.linux64-release/game/game/g_teammapdata.o build.linux64-release/game/game/g_trigger.o build.linux64-release/game/game/g_utils.o build.linux64-release/game/game/g_vote.o build.linux64-release/game/game/g_weapon.o build.linux64-release/game/game/g_weaponscripts.o build.linux64-release/game/game/g_xmod.o build.linux64-release/game/game/g_xmod_utils.o build.linux64-release/game/game/jxac/jxac_server.o build.linux64-release/game/game/jxac/jxac_tcp_server.o build.linux64-release/game/game/static.o build.linux64-release/game/game/str/util.o build.linux64-release/game/game/xm_main_ext.o build.linux64-release/game/game/xmod_database.o build.linux64-release/game/game/xmod_globals.o build.linux64-release/game/game/xmod_session.o build.linux64-release/game/omnibot/common/BotLoadLibrary.o build.linux64-release/game/omnibot/et/g_etbot_interface.o build.linux64-release/lua/liblua.a build.linux64-release/base/libbase.a build.linux64-release/sqlite3/libsqlite3.a -shared -Wl,-z,defs -Wl,-z,relro -Wl,-z,now -Wl,-Bsymbolic -L./build.linux64-release/ -ldl -lm
strip build.linux64-release/game/qagame.mp.x86_64.so
/usr/bin/g++ -pipe -Wall -Winvalid-pch -Wno-write-strings -fmessage-length=0 -m64 -fno-exceptions -fno-rtti -fno-strict-aliasing -fPIC -O3 -march=x86-64 -ffast-math -DXMOD_LINUX64 -DUIDLL -I./build.linux64-release/ui -I./build.linux64-release/ -I./src -I./pak -c src/bgame/impl.h -o build.linux64-release/ui/bgame/impl.h.gch/default
/usr/bin/g++ -pipe -Wall -Winvalid-pch -Wno-write-strings -fmessage-length=0 -m64 -fno-exceptions -fno-rtti -fno-strict-aliasing -fPIC -O3 -march=x86-64 -ffast-math -DXMOD_LINUX64 -DUIDLL -I./build.linux64-release/ui -I./build.linux64-release/ -I./src -I./pak -c src/bgame/Process.cpp -o build.linux64-release/ui/bgame/Process.o
/usr/bin/g++ -pipe -Wall -Winvalid-pch -Wno-write-strings -fmessage-length=0 -m64 -fno-exceptions -fno-rtti -fno-strict-aliasing -fPIC -O3 -march=x86-64 -ffast-math -DXMOD_LINUX64 -DUIDLL -I./build.linux64-release/ui -I./build.linux64-release/ -I./src -I./pak -c src/bgame/bg_campaign.cpp -o build.linux64-release/ui/bgame/bg_campaign.o
/usr/bin/g++ -pipe -Wall -Winvalid-pch -Wno-write-strings -fmessage-length=0 -m64 -fno-exceptions -fno-rtti -fno-strict-aliasing -fPIC -O3 -march=x86-64 -ffast-math -DXMOD_LINUX64 -DUIDLL -I./build.linux64-release/ui -I./build.linux64-release/ -I./src -I./pak -c src/bgame/bg_classes.cpp -o build.linux64-release/ui/bgame/bg_classes.o
/usr/bin/g++ -pipe -Wall -Winvalid-pch -Wno-write-strings -fmessage-length=0 -m64 -fno-exceptions -fno-rtti -fno-strict-aliasing -fPIC -O3 -march=x86-64 -ffast-math -DXMOD_LINUX64 -DUIDLL -I./build.linux64-release/ui -I./build.linux64-release/ -I./src -I./pak -c src/bgame/bg_misc.cpp -o build.linux64-release/ui/bgame/bg_misc.o
/usr/bin/g++ -pipe -Wall -Winvalid-pch -Wno-write-strings -fmessage-length=0 -m64 -fno-exceptions -fno-rtti -fno-strict-aliasing -fPIC -O3 -march=x86-64 -ffast-math -DXMOD_LINUX64 -DUIDLL -I./build.linux64-release/ui -I./build.linux64-release/ -I./src -I./pak -c src/bgame/bg_xmod.cpp -o build.linux64-release/ui/bgame/bg_xmod.o
/usr/bin/g++ -pipe -Wall -Winvalid-pch -Wno-write-strings -fmessage-length=0 -m64 -fno-exceptions -fno-rtti -fno-strict-aliasing -fPIC -O3 -march=x86-64 -ffast-math -DXMOD_LINUX64 -DUIDLL -I./build.linux64-release/ui -I./build.linux64-release/ -I./src -I./pak -c src/bgame/cvar/Cvar.cpp -o build.linux64-release/ui/bgame/cvar/Cvar.o
/usr/bin/g++ -pipe -Wall -Winvalid-pch -Wno-write-strings -fmessage-length=0 -m64 -fno-exceptions -fno-rtti -fno-strict-aliasing -fPIC -O3 -march=x86-64 -ffast-math -DXMOD_LINUX64 -DUIDLL -I./build.linux64-release/ui -I./build.linux64-release/ -I./src -I./pak -c src/bgame/linux/Process.cpp -o build.linux64-release/ui/bgame/linux/Process.o
/usr/bin/g++ -pipe -Wall -Winvalid-pch -Wno-write-strings -fmessage-length=0 -m64 -fno-exceptions -fno-rtti -fno-strict-aliasing -fPIC -O3 -march=x86-64 -ffast-math -DXMOD_LINUX64 -DUIDLL -I./build.linux64-release/ui -I./build.linux64-release/ -I./src -I./pak -c src/bgame/linux/bg_cpu.cpp -o build.linux64-release/ui/bgame/linux/bg_cpu.o
/usr/bin/g++ -pipe -Wall -Winvalid-pch -Wno-write-strings -fmessage-length=0 -m64 -fno-exceptions -fno-rtti -fno-strict-aliasing -fPIC -O3 -march=x86-64 -ffast-math -DXMOD_LINUX64 -DUIDLL -I./build.linux64-release/ui -I./build.linux64-release/ -I./src -I./pak -c src/bgame/q_math.cpp -o build.linux64-release/ui/bgame/q_math.o
src/bgame/linux/bg_cpu.cpp: In function ‘void BG_cpuUpdate()’:
src/bgame/linux/bg_cpu.cpp:85:36: warning: ‘char* __builtin_strncpy(char*, const char*, long unsigned int)’ output may be truncated copying 31 bytes from a string of length 63 [-Wstringop-truncation]
   85 |                             strncpy( cpuModel, tokenValue, cpuModelSize-1 );
      |                                    ^
/usr/bin/g++ -pipe -Wall -Winvalid-pch -Wno-write-strings -fmessage-length=0 -m64 -fno-exceptions -fno-rtti -fno-strict-aliasing -fPIC -O3 -march=x86-64 -ffast-math -DXMOD_LINUX64 -DUIDLL -I./build.linux64-release/ui -I./build.linux64-release/ -I./src -I./pak -c src/bgame/q_shared.cpp -o build.linux64-release/ui/bgame/q_shared.o
src/bgame/q_shared.cpp: In function ‘qboolean COM_BitCheck(const int*, int)’:
src/bgame/q_shared.cpp:133:25: warning: ‘sizeof’ on array function parameter ‘array’ will return size of ‘const int*’ [-Wsizeof-array-argument]
  133 |         if (i >= sizeof(array)) return qfalse;
      |                        ~^~~~~~
src/bgame/q_shared.cpp:120:34: note: declared here
  120 | qboolean COM_BitCheck( const int array[], int bitNum ) {
      |                        ~~~~~~~~~~^~~~~~~
src/bgame/q_shared.cpp: In function ‘void COM_BitSet(int*, int)’:
src/bgame/q_shared.cpp:158:24: warning: ‘sizeof’ on array function parameter ‘array’ will return size of ‘int*’ [-Wsizeof-array-argument]
  158 |         if(i >= sizeof(array)) return;
      |                       ~^~~~~~
src/bgame/q_shared.cpp:145:22: note: declared here
  145 | void COM_BitSet( int array[], int bitNum ) {
      |                  ~~~~^~~~~~~
src/bgame/q_shared.cpp: In function ‘void COM_BitClear(int*, int)’:
src/bgame/q_shared.cpp:183:24: warning: ‘sizeof’ on array function parameter ‘array’ will return size of ‘int*’ [-Wsizeof-array-argument]
  183 |         if(i >= sizeof(array)) return;
      |                       ~^~~~~~
src/bgame/q_shared.cpp:170:24: note: declared here
  170 | void COM_BitClear( int array[], int bitNum ) {
      |                    ~~~~^~~~~~~
src/bgame/q_shared.cpp: In function ‘int COM_Compress(char*)’:
src/bgame/q_shared.cpp:432:16: warning: variable ‘pc’ set but not used [-Wunused-but-set-variable]
  432 |         int c, pc, size;
      |                ^~
/usr/bin/g++ -pipe -Wall -Winvalid-pch -Wno-write-strings -fmessage-length=0 -m64 -fno-exceptions -fno-rtti -fno-strict-aliasing -fPIC -O3 -march=x86-64 -ffast-math -DXMOD_LINUX64 -DUIDLL -I./build.linux64-release/ui -I./build.linux64-release/ -I./src -I./pak -c src/ui/cvar/Cvar.cpp -o build.linux64-release/ui/ui/cvar/Cvar.o
/usr/bin/g++ -pipe -Wall -Winvalid-pch -Wno-write-strings -fmessage-length=0 -m64 -fno-exceptions -fno-rtti -fno-strict-aliasing -fPIC -O3 -march=x86-64 -ffast-math -DXMOD_LINUX64 -DUIDLL -I./build.linux64-release/ui -I./build.linux64-release/ -I./src -I./pak -c src/ui/static.cpp -o build.linux64-release/ui/ui/static.o
/usr/bin/g++ -pipe -Wall -Winvalid-pch -Wno-write-strings -fmessage-length=0 -m64 -fno-exceptions -fno-rtti -fno-strict-aliasing -fPIC -O3 -march=x86-64 -ffast-math -DXMOD_LINUX64 -DUIDLL -I./build.linux64-release/ui -I./build.linux64-release/ -I./src -I./pak -c src/ui/ui_atoms.cpp -o build.linux64-release/ui/ui/ui_atoms.o
/usr/bin/g++ -pipe -Wall -Winvalid-pch -Wno-write-strings -fmessage-length=0 -m64 -fno-exceptions -fno-rtti -fno-strict-aliasing -fPIC -O3 -march=x86-64 -ffast-math -DXMOD_LINUX64 -DUIDLL -I./build.linux64-release/ui -I./build.linux64-release/ -I./src -I./pak -c src/ui/ui_gameinfo.cpp -o build.linux64-release/ui/ui/ui_gameinfo.o
/usr/bin/g++ -pipe -Wall -Winvalid-pch -Wno-write-strings -fmessage-length=0 -m64 -fno-exceptions -fno-rtti -fno-strict-aliasing -fPIC -O3 -march=x86-64 -ffast-math -DXMOD_LINUX64 -DUIDLL -I./build.linux64-release/ui -I./build.linux64-release/ -I./src -I./pak -c src/ui/ui_loadpanel.cpp -o build.linux64-release/ui/ui/ui_loadpanel.o
src/ui/ui_loadpanel.cpp: In function ‘void UI_LoadPanel_RenderLoadingText(panel_button_t*)’:
src/ui/ui_loadpanel.cpp:364:41: warning: variable ‘lastLoadingText’ set but not used [-Wunused-but-set-variable]
  364 |         static char                     lastLoadingText[MAX_INFO_VALUE];
      |                                         ^~~~~~~~~~~~~~~
/usr/bin/g++ -pipe -Wall -Winvalid-pch -Wno-write-strings -fmessage-length=0 -m64 -fno-exceptions -fno-rtti -fno-strict-aliasing -fPIC -O3 -march=x86-64 -ffast-math -DXMOD_LINUX64 -DUIDLL -I./build.linux64-release/ui -I./build.linux64-release/ -I./src -I./pak -c src/ui/ui_main.cpp -o build.linux64-release/ui/ui/ui_main.o
src/ui/ui_main.cpp: In function ‘void UI_RunMenuScript(char**)’:
src/ui/ui_main.cpp:4338:33: warning: variable ‘skill’ set but not used [-Wunused-but-set-variable]
 4338 |                         float   skill;
      |                                 ^~~~~
/usr/bin/g++ -pipe -Wall -Winvalid-pch -Wno-write-strings -fmessage-length=0 -m64 -fno-exceptions -fno-rtti -fno-strict-aliasing -fPIC -O3 -march=x86-64 -ffast-math -DXMOD_LINUX64 -DUIDLL -I./build.linux64-release/ui -I./build.linux64-release/ -I./src -I./pak -c src/ui/ui_players.cpp -o build.linux64-release/ui/ui/ui_players.o
src/ui/ui_main.cpp: In function ‘const char* UI_SelectedCampaign(int, int*)’:
src/ui/ui_main.cpp:6357:16: warning: variable ‘c’ set but not used [-Wunused-but-set-variable]
 6357 |         int i, c;
      |                ^
src/ui/ui_main.cpp: In function ‘void UI_FeederSelection(float, int)’:
src/ui/ui_main.cpp:6698:29: warning: variable ‘map’ set but not used [-Wunused-but-set-variable]
 6698 |                 int actual, map;
      |                             ^~~
src/ui/ui_main.cpp: In function ‘void _UI_Init(qboolean)’:
src/ui/ui_main.cpp:7415:13: warning: variable ‘start’ set but not used [-Wunused-but-set-variable]
 7415 |         int start, x;
      |             ^~~~~
src/ui/ui_players.cpp: In function ‘qboolean UI_ParseAnimationFile(const char*, playerInfo_t*)’:
src/ui/ui_players.cpp:1251:26: warning: variable ‘text_p’ set but not used [-Wunused-but-set-variable]
 1251 |         char            *text_p, *prev;
      |                          ^~~~~~
src/ui/ui_players.cpp:1251:35: warning: variable ‘prev’ set but not used [-Wunused-but-set-variable]
 1251 |         char            *text_p, *prev;
      |                                   ^~~~
src/ui/ui_players.cpp:1253:33: warning: variable ‘i’ set but not used [-Wunused-but-set-variable]
 1253 |         int                     i;
      |                                 ^
src/ui/ui_players.cpp:1254:26: warning: variable ‘token’ set but not used [-Wunused-but-set-variable]
 1254 |         char            *token;
      |                          ^~~~~
src/ui/ui_players.cpp:1255:25: warning: variable ‘fps’ set but not used [-Wunused-but-set-variable]
 1255 |         float           fps;
      |                         ^~~
src/ui/ui_players.cpp:1256:33: warning: variable ‘skip’ set but not used [-Wunused-but-set-variable]
 1256 |         int                     skip;
      |                                 ^~~~
/usr/bin/g++ -pipe -Wall -Winvalid-pch -Wno-write-strings -fmessage-length=0 -m64 -fno-exceptions -fno-rtti -fno-strict-aliasing -fPIC -O3 -march=x86-64 -ffast-math -DXMOD_LINUX64 -DUIDLL -I./build.linux64-release/ui -I./build.linux64-release/ -I./src -I./pak -c src/ui/ui_shared.cpp -o build.linux64-release/ui/ui/ui_shared.o
src/ui/ui_shared.cpp: In function ‘int Item_ListBox_OverLB(itemDef_t*, float, float)’:
src/ui/ui_shared.cpp:2238:23: warning: variable ‘listPtr’ set but not used [-Wunused-but-set-variable]
 2238 |         listBoxDef_t *listPtr;
      |                       ^~~~~~~
src/ui/ui_shared.cpp:2240:13: warning: variable ‘count’ set but not used [-Wunused-but-set-variable]
 2240 |         int count;
      |             ^~~~~
src/ui/ui_shared.cpp: In function ‘void Item_Slider_Paint(itemDef_t*)’:
src/ui/ui_shared.cpp:4522:21: warning: variable ‘value’ set but not used [-Wunused-but-set-variable]
 4522 |         float x, y, value;
      |                     ^~~~~
src/ui/ui_shared.cpp: In function ‘void Item_OwnerDraw_Paint(itemDef_t*)’:
src/ui/ui_shared.cpp:5019:20: warning: variable ‘parent’ set but not used [-Wunused-but-set-variable]
 5019 |         menuDef_t *parent;
      |                    ^~~~~~
src/ui/ui_shared.cpp: In function ‘qboolean ItemParse_asset_model(itemDef_t*, int)’:
src/ui/ui_shared.cpp:5734:21: warning: variable ‘modelPtr’ set but not used [-Wunused-but-set-variable]
 5734 |         modelDef_t *modelPtr;
      |                     ^~~~~~~~
/usr/bin/g++ -pipe -Wall -Winvalid-pch -Wno-write-strings -fmessage-length=0 -m64 -fno-exceptions -fno-rtti -fno-strict-aliasing -fPIC -O3 -march=x86-64 -ffast-math -DXMOD_LINUX64 -DUIDLL -I./build.linux64-release/ui -I./build.linux64-release/ -I./src -I./pak -c src/ui/ui_syscalls.cpp -o build.linux64-release/ui/ui/ui_syscalls.o
/usr/bin/g++ -pipe -Wall -Winvalid-pch -Wno-write-strings -fmessage-length=0 -m64 -fno-exceptions -fno-rtti -fno-strict-aliasing -fPIC -O3 -march=x86-64 -ffast-math -static-libgcc -DXMOD_LINUX64 -DUIDLL -I./build.linux64-release/ui -I./build.linux64-release/ -I./src -I./pak -o build.linux64-release/ui/ui.mp.x86_64.so build.linux64-release/ui/bgame/Process.o build.linux64-release/ui/bgame/bg_campaign.o build.linux64-release/ui/bgame/bg_classes.o build.linux64-release/ui/bgame/bg_misc.o build.linux64-release/ui/bgame/bg_xmod.o build.linux64-release/ui/bgame/cvar/Cvar.o build.linux64-release/ui/bgame/linux/Process.o build.linux64-release/ui/bgame/linux/bg_cpu.o build.linux64-release/ui/bgame/q_math.o build.linux64-release/ui/bgame/q_shared.o build.linux64-release/ui/ui/cvar/Cvar.o build.linux64-release/ui/ui/static.o build.linux64-release/ui/ui/ui_atoms.o build.linux64-release/ui/ui/ui_gameinfo.o build.linux64-release/ui/ui/ui_loadpanel.o build.linux64-release/ui/ui/ui_main.o build.linux64-release/ui/ui/ui_players.o build.linux64-release/ui/ui/ui_shared.o build.linux64-release/ui/ui/ui_syscalls.o build.linux64-release/lua/liblua.a build.linux64-release/base/libbase.a -shared -Wl,-z,defs -Wl,-z,relro -Wl,-z,now -Wl,-Bsymbolic -L./build.linux64-release/ -lm
strip build.linux64-release/ui/ui.mp.x86_64.so
touch build.linux64-release/pak/xmod-2.0.2.dat
cp -p pak/ui/assets/mp_arrow_spec.tga build.linux64-release/pak/ui/assets/mp_arrow_spec.tga
cp -p pak/ui/assets/jaymod.tga build.linux64-release/pak/ui/assets/jaymod.tga
cp -p pak/ui/assets/mp_spec.tga build.linux64-release/pak/ui/assets/mp_spec.tga
cp -p pak/ui/assets/icon_xmod.tga build.linux64-release/pak/ui/assets/icon_xmod.tga
cp -p pak/ui/assets/xmod.tga build.linux64-release/pak/ui/assets/xmod.tga
cp -p pak/ui/xmod_sound.menu build.linux64-release/pak/ui/xmod_sound.menu
cp -p pak/ui/ingame_main.menu build.linux64-release/pak/ui/ingame_main.menu
cp -p pak/ui/xmod_misc.menu build.linux64-release/pak/ui/xmod_misc.menu
cp -p pak/ui/xmod_main.menu build.linux64-release/pak/ui/xmod_main.menu
cp -p pak/ui/xmod_discord.cfg build.linux64-release/pak/ui/xmod_discord.cfg
cp -p pak/ui/ingame_vote_misc.menu build.linux64-release/pak/ui/ingame_vote_misc.menu
cp -p pak/ui/ingame_vote_generic.menu build.linux64-release/pak/ui/ingame_vote_generic.menu
cp -p pak/ui/credits_jaymod.menu build.linux64-release/pak/ui/credits_jaymod.menu
cp -p pak/ui/xmod_options.menu build.linux64-release/pak/ui/xmod_options.menu
cp -p pak/ui/ingame_privatemessage.menu build.linux64-release/pak/ui/ingame_privatemessage.menu
cp -p pak/ui/xmod_website.menu build.linux64-release/pak/ui/xmod_website.menu
cp -p pak/ui/menumacros.h build.linux64-release/pak/ui/menumacros.h
cp -p pak/ui/xmod_adminchat.menu build.linux64-release/pak/ui/xmod_adminchat.menu
cp -p pak/ui/credits_xmod.menu build.linux64-release/pak/ui/credits_xmod.menu
cp -p pak/ui/ingame_vote_misc_refrcon.menu build.linux64-release/pak/ui/ingame_vote_misc_refrcon.menu
cp -p pak/ui/menus.txt build.linux64-release/pak/ui/menus.txt
cp -p pak/ui/xmod_devserver.menu build.linux64-release/pak/ui/xmod_devserver.menu
cp -p pak/ui/playonline.menu build.linux64-release/pak/ui/playonline.menu
cp -p pak/ui/menudef.h build.linux64-release/pak/ui/menudef.h
cp -p pak/ui/xmod_website.cfg build.linux64-release/pak/ui/xmod_website.cfg
cp -p pak/ui/xmod_display.menu build.linux64-release/pak/ui/xmod_display.menu
cp -p pak/ui/xmod_discord.menu build.linux64-release/pak/ui/xmod_discord.menu
cp -p pak/animations/human/base/body.aninc build.linux64-release/pak/animations/human/base/body.aninc
cp -p pak/animations/human_base.anim build.linux64-release/pak/animations/human_base.anim
cp -p pak/animations/scripts/human_base.script build.linux64-release/pak/animations/scripts/human_base.script
cp -p pak/sound/killingspree/killspree1.wav build.linux64-release/pak/sound/killingspree/killspree1.wav
cp -p pak/sound/killingspree/killspree5.wav build.linux64-release/pak/sound/killingspree/killspree5.wav
cp -p pak/sound/killingspree/killspree3.wav build.linux64-release/pak/sound/killingspree/killspree3.wav
cp -p pak/sound/killingspree/killspree2.wav build.linux64-release/pak/sound/killingspree/killspree2.wav
cp -p pak/sound/killingspree/killspree4.wav build.linux64-release/pak/sound/killingspree/killspree4.wav
cp -p pak/sound/killingspree/killspree6.wav build.linux64-release/pak/sound/killingspree/killspree6.wav
cp -p pak/sound/xmod/slap.wav build.linux64-release/pak/sound/xmod/slap.wav
cp -p pak/sound/xmod/crybaby.wav build.linux64-release/pak/sound/xmod/crybaby.wav
cp -p pak/sound/xmod/push.wav build.linux64-release/pak/sound/xmod/push.wav
cp -p pak/sound/xmod/countertick.wav build.linux64-release/pak/sound/xmod/countertick.wav
cp -p pak/sound/xmod/goomba.wav build.linux64-release/pak/sound/xmod/goomba.wav
cp -p pak/sound/xmod/heartbeat.wav build.linux64-release/pak/sound/xmod/heartbeat.wav
cp -p pak/sound/xmod/headshot.wav build.linux64-release/pak/sound/xmod/headshot.wav
cp -p pak/sound/xmod/firstblood.wav build.linux64-release/pak/sound/xmod/firstblood.wav
cp -p pak/sound/xmod/chicken.wav build.linux64-release/pak/sound/xmod/chicken.wav
cp -p pak/sound/xmod/privatemessage.wav build.linux64-release/pak/sound/xmod/privatemessage.wav
cp -p pak/sound/multirevive/mr3.wav build.linux64-release/pak/sound/multirevive/mr3.wav
cp -p pak/sound/multirevive/mr4.wav build.linux64-release/pak/sound/multirevive/mr4.wav
cp -p pak/sound/multirevive/mr2.wav build.linux64-release/pak/sound/multirevive/mr2.wav
cp -p pak/sound/multirevive/mr1.wav build.linux64-release/pak/sound/multirevive/mr1.wav
cp -p pak/sound/multikill/triplekill.wav build.linux64-release/pak/sound/multikill/triplekill.wav
cp -p pak/sound/multikill/doublekill.wav build.linux64-release/pak/sound/multikill/doublekill.wav
cp -p pak/sound/multikill/ultrakill.wav build.linux64-release/pak/sound/multikill/ultrakill.wav
cp -p pak/sound/multikill/holyshit.wav build.linux64-release/pak/sound/multikill/holyshit.wav
cp -p pak/sound/multikill/ludicrouskill.wav build.linux64-release/pak/sound/multikill/ludicrouskill.wav
cp -p pak/sound/multikill/monsterkill.wav build.linux64-release/pak/sound/multikill/monsterkill.wav
cp -p pak/sound/multikill/multikill.wav build.linux64-release/pak/sound/multikill/multikill.wav
cp -p pak/sound/hitsounds/general.wav build.linux64-release/pak/sound/hitsounds/general.wav
cp -p pak/sound/hitsounds/ffoot.wav build.linux64-release/pak/sound/hitsounds/ffoot.wav
cp -p pak/sound/hitsounds/foot.wav build.linux64-release/pak/sound/hitsounds/foot.wav
cp -p pak/sound/hitsounds/ftorso.wav build.linux64-release/pak/sound/hitsounds/ftorso.wav
cp -p pak/sound/hitsounds/head.wav build.linux64-release/pak/sound/hitsounds/head.wav
cp -p pak/sound/hitsounds/torso.wav build.linux64-release/pak/sound/hitsounds/torso.wav
cp -p pak/sound/hitsounds/hand.wav build.linux64-release/pak/sound/hitsounds/hand.wav
cp -p pak/sound/hitsounds/fhand.wav build.linux64-release/pak/sound/hitsounds/fhand.wav
cp -p pak/sound/hitsounds/fhead.wav build.linux64-release/pak/sound/hitsounds/fhead.wav
cp -p pak/sound/poison_gas/cough.wav build.linux64-release/pak/sound/poison_gas/cough.wav
cp -p pak/sound/weapons/misc/shell_shotgun1.wav build.linux64-release/pak/sound/weapons/misc/shell_shotgun1.wav
cp -p pak/sound/weapons/misc/shell_shotgun2.wav build.linux64-release/pak/sound/weapons/misc/shell_shotgun2.wav
cp -p pak/sound/weapons/misc/shell_shotgun3.wav build.linux64-release/pak/sound/weapons/misc/shell_shotgun3.wav
cp -p pak/sound/weapons/landmine/launch.wav build.linux64-release/pak/sound/weapons/landmine/launch.wav
cp -p pak/sound/weapons/landmine/click.wav build.linux64-release/pak/sound/weapons/landmine/click.wav
cp -p pak/sound/weapons/ppsh/ppsh_fire.wav build.linux64-release/pak/sound/weapons/ppsh/ppsh_fire.wav
cp -p pak/sound/weapons/ppsh/ppsh_reload_fast.wav build.linux64-release/pak/sound/weapons/ppsh/ppsh_reload_fast.wav
cp -p pak/sound/weapons/ppsh/ppsh_reload.wav build.linux64-release/pak/sound/weapons/ppsh/ppsh_reload.wav
cp -p pak/sound/weapons/molotov/scream02.wav build.linux64-release/pak/sound/weapons/molotov/scream02.wav
cp -p pak/sound/weapons/molotov/scream01.wav build.linux64-release/pak/sound/weapons/molotov/scream01.wav
cp -p pak/sound/weapons/molotov/bonk.wav build.linux64-release/pak/sound/weapons/molotov/bonk.wav
cp -p pak/sound/weapons/molotov/scream03.wav build.linux64-release/pak/sound/weapons/molotov/scream03.wav
cp -p pak/sound/weapons/molotov/scream04.wav build.linux64-release/pak/sound/weapons/molotov/scream04.wav
cp -p pak/sound/weapons/molotov/scream05.wav build.linux64-release/pak/sound/weapons/molotov/scream05.wav
cp -p pak/sound/weapons/m97/shotgun_reload.wav build.linux64-release/pak/sound/weapons/m97/shotgun_reload.wav
cp -p pak/sound/weapons/m97/shotgun_far.wav build.linux64-release/pak/sound/weapons/m97/shotgun_far.wav
cp -p pak/sound/weapons/m97/shotgun_reloadpump.wav build.linux64-release/pak/sound/weapons/m97/shotgun_reloadpump.wav
cp -p pak/sound/weapons/m97/shotgun_fire.wav build.linux64-release/pak/sound/weapons/m97/shotgun_fire.wav
cp -p pak/sound/weapons/m97/shotgun_cock.wav build.linux64-release/pak/sound/weapons/m97/shotgun_cock.wav
cp -p pak/sound/weapons/m97/shotgun_fire_last.wav build.linux64-release/pak/sound/weapons/m97/shotgun_fire_last.wav
cp -p pak/sound/osp/fight.wav build.linux64-release/pak/sound/osp/fight.wav
cp -p pak/sound/osp/prepare.wav build.linux64-release/pak/sound/osp/prepare.wav
cp -p pak/sound/osp/goat.wav build.linux64-release/pak/sound/osp/goat.wav
cp -p pak/gfx/limbo/skill_4pieces_off_5.tga build.linux64-release/pak/gfx/limbo/skill_4pieces_off_5.tga
cp -p pak/gfx/limbo/skill_4pieces_5.tga build.linux64-release/pak/gfx/limbo/skill_4pieces_5.tga
cp -p pak/gfx/hud/fireteam/fireteam4.tga build.linux64-release/pak/gfx/hud/fireteam/fireteam4.tga
cp -p pak/gfx/hud/gamestate/play.tga build.linux64-release/pak/gfx/hud/gamestate/play.tga
cp -p pak/gfx/hud/gamestate/pause.tga build.linux64-release/pak/gfx/hud/gamestate/pause.tga
cp -p pak/gfx/hud/gamestate/corner.tga build.linux64-release/pak/gfx/hud/gamestate/corner.tga
cp -p pak/gfx/hud/gamestate/warmup.tga build.linux64-release/pak/gfx/hud/gamestate/warmup.tga
cp -p pak/gfx/hud/gamestate/cornerCount.tga build.linux64-release/pak/gfx/hud/gamestate/cornerCount.tga
cp -p pak/gfx/flags/world_flags.tga build.linux64-release/pak/gfx/flags/world_flags.tga
cp -p pak/characters/temperate/axis/engineer.char build.linux64-release/pak/characters/temperate/axis/engineer.char
cp -p pak/characters/temperate/axis/fieldops.char build.linux64-release/pak/characters/temperate/axis/fieldops.char
cp -p pak/characters/temperate/axis/medic.char build.linux64-release/pak/characters/temperate/axis/medic.char
cp -p pak/characters/temperate/axis/cvops.char build.linux64-release/pak/characters/temperate/axis/cvops.char
cp -p pak/characters/temperate/axis/soldier.char build.linux64-release/pak/characters/temperate/axis/soldier.char
cp -p pak/characters/temperate/allied/engineer.char build.linux64-release/pak/characters/temperate/allied/engineer.char
cp -p pak/characters/temperate/allied/fieldops.char build.linux64-release/pak/characters/temperate/allied/fieldops.char
cp -p pak/characters/temperate/allied/medic.char build.linux64-release/pak/characters/temperate/allied/medic.char
cp -p pak/characters/temperate/allied/cvops.char build.linux64-release/pak/characters/temperate/allied/cvops.char
cp -p pak/characters/temperate/allied/soldier.char build.linux64-release/pak/characters/temperate/allied/soldier.char
cp -p pak/sprites/muted.tga build.linux64-release/pak/sprites/muted.tga
cp -p pak/sprites/hitVolume.tga build.linux64-release/pak/sprites/hitVolume.tga
cp -p pak/sprites/hitVolumeGroup.tga build.linux64-release/pak/sprites/hitVolumeGroup.tga
cp -p pak/sprites/poisoned.tga build.linux64-release/pak/sprites/poisoned.tga
cp -p pak/sprites/hitVolumeHit.tga build.linux64-release/pak/sprites/hitVolumeHit.tga
cp -p pak/sprites/net.tga build.linux64-release/pak/sprites/net.tga
cp -p pak/weapons/poison_gas.weap build.linux64-release/pak/weapons/poison_gas.weap
cp -p pak/weapons/adrenaline_share.weap build.linux64-release/pak/weapons/adrenaline_share.weap
cp -p pak/weapons/m97.weap build.linux64-release/pak/weapons/m97.weap
cp -p pak/weapons/poison.weap build.linux64-release/pak/weapons/poison.weap
cp -p pak/weapons/landmine_pgas.weap build.linux64-release/pak/weapons/landmine_pgas.weap
cp -p pak/weapons/tripmine.weap build.linux64-release/pak/weapons/tripmine.weap
cp -p pak/weapons/landmine.weap build.linux64-release/pak/weapons/landmine.weap
cp -p pak/weapons/ppsh.weap build.linux64-release/pak/weapons/ppsh.weap
cp -p pak/weapons/binocs.weap build.linux64-release/pak/weapons/binocs.weap
cp -p pak/weapons/knife.weap build.linux64-release/pak/weapons/knife.weap
cp -p pak/weapons/README.txt build.linux64-release/pak/weapons/README.txt
cp -p pak/weapons/bomb.weap build.linux64-release/pak/weapons/bomb.weap
cp -p pak/weapons/molotov.weap build.linux64-release/pak/weapons/molotov.weap
cp -p pak/weapons/thompson_example.weap build.linux64-release/pak/weapons/thompson_example.weap
cp -p pak/weapons/landmine_bbetty.weap build.linux64-release/pak/weapons/landmine_bbetty.weap
cp -p pak/fonts/6x13_shadowed.tga build.linux64-release/pak/fonts/6x13_shadowed.tga
cp -p pak/fonts/6x13.tga build.linux64-release/pak/fonts/6x13.tga
cp -p pak/watermark/xmod.tga build.linux64-release/pak/watermark/xmod.tga
cp -p pak/icons/iconw_ppsh_1.tga build.linux64-release/pak/icons/iconw_ppsh_1.tga
cp -p pak/icons/iconw_poison_gas.tga build.linux64-release/pak/icons/iconw_poison_gas.tga
cp -p pak/icons/iconw_shotgun.tga build.linux64-release/pak/icons/iconw_shotgun.tga
cp -p pak/icons/iconw_air_strike.tga build.linux64-release/pak/icons/iconw_air_strike.tga
cp -p pak/icons/iconw_tripmine_1_select.tga build.linux64-release/pak/icons/iconw_tripmine_1_select.tga
cp -p pak/icons/iconw_ppsh_1_select.tga build.linux64-release/pak/icons/iconw_ppsh_1_select.tga
cp -p pak/icons/iconw_bomb.tga build.linux64-release/pak/icons/iconw_bomb.tga
cp -p pak/icons/iconw_shotgun_1_select.tga build.linux64-release/pak/icons/iconw_shotgun_1_select.tga
cp -p pak/models/gibs/forearm.mdc build.linux64-release/pak/models/gibs/forearm.mdc
cp -p pak/models/gibs/skull.mdc build.linux64-release/pak/models/gibs/skull.mdc
cp -p pak/models/gibs/abdomen.mdc build.linux64-release/pak/models/gibs/abdomen.mdc
cp -p pak/models/gibs/gibs.jpg build.linux64-release/pak/models/gibs/gibs.jpg
cp -p pak/models/gibs/leg.mdc build.linux64-release/pak/models/gibs/leg.mdc
cp -p pak/models/gibs/foot.mdc build.linux64-release/pak/models/gibs/foot.mdc
cp -p pak/models/gibs/intestine.mdc build.linux64-release/pak/models/gibs/intestine.mdc
cp -p pak/models/multiplayer/knife/v_knife_hand.md3 build.linux64-release/pak/models/multiplayer/knife/v_knife_hand.md3
cp -p pak/models/multiplayer/knife/weapon.cfg build.linux64-release/pak/models/multiplayer/knife/weapon.cfg
cp -p pak/models/multiplayer/adrenaline_share/fluid.tga build.linux64-release/pak/models/multiplayer/adrenaline_share/fluid.tga
cp -p pak/models/multiplayer/landmine_bbetty/landmine_3rd.skin build.linux64-release/pak/models/multiplayer/landmine_bbetty/landmine_3rd.skin
cp -p pak/models/multiplayer/landmine_bbetty/landmine_1st.skin build.linux64-release/pak/models/multiplayer/landmine_bbetty/landmine_1st.skin
cp -p pak/models/multiplayer/landmine_bbetty/icon.tga build.linux64-release/pak/models/multiplayer/landmine_bbetty/icon.tga
cp -p pak/models/multiplayer/landmine_bbetty/marker_axis.jpg build.linux64-release/pak/models/multiplayer/landmine_bbetty/marker_axis.jpg
cp -p pak/models/multiplayer/landmine_bbetty/marker_axis.skin build.linux64-release/pak/models/multiplayer/landmine_bbetty/marker_axis.skin
cp -p pak/models/multiplayer/landmine_bbetty/marker_allies.jpg build.linux64-release/pak/models/multiplayer/landmine_bbetty/marker_allies.jpg
cp -p pak/models/multiplayer/landmine_bbetty/marker_allies.skin build.linux64-release/pak/models/multiplayer/landmine_bbetty/marker_allies.skin
cp -p pak/models/multiplayer/landmine_bbetty/landmine.jpg build.linux64-release/pak/models/multiplayer/landmine_bbetty/landmine.jpg
cp -p pak/models/multiplayer/landmine/icon.tga build.linux64-release/pak/models/multiplayer/landmine/icon.tga
cp -p pak/models/multiplayer/landmine/marker_axis.jpg build.linux64-release/pak/models/multiplayer/landmine/marker_axis.jpg
cp -p pak/models/multiplayer/landmine/marker_allies.jpg build.linux64-release/pak/models/multiplayer/landmine/marker_allies.jpg
cp -p pak/models/multiplayer/tripmine/tripmine.md3 build.linux64-release/pak/models/multiplayer/tripmine/tripmine.md3
cp -p pak/models/multiplayer/tripmine/weapon.cfg build.linux64-release/pak/models/multiplayer/tripmine/weapon.cfg
cp -p pak/models/multiplayer/tripmine/v_tripmine.md3 build.linux64-release/pak/models/multiplayer/tripmine/v_tripmine.md3
cp -p pak/models/multiplayer/poison_gas/cannister_allies_3rd.skin build.linux64-release/pak/models/multiplayer/poison_gas/cannister_allies_3rd.skin
cp -p pak/models/multiplayer/poison_gas/cannister_axis_3rd.skin build.linux64-release/pak/models/multiplayer/poison_gas/cannister_axis_3rd.skin
cp -p pak/models/multiplayer/poison_gas/icon.tga build.linux64-release/pak/models/multiplayer/poison_gas/icon.tga
cp -p pak/models/multiplayer/poison_gas/cannister_allies_1st.skin build.linux64-release/pak/models/multiplayer/poison_gas/cannister_allies_1st.skin
cp -p pak/models/multiplayer/poison_gas/cannister_axis_1st.skin build.linux64-release/pak/models/multiplayer/poison_gas/cannister_axis_1st.skin
cp -p pak/models/multiplayer/poison_gas/cannister_axis.tga build.linux64-release/pak/models/multiplayer/poison_gas/cannister_axis.tga
cp -p pak/models/multiplayer/poison_gas/cannister_allies.tga build.linux64-release/pak/models/multiplayer/poison_gas/cannister_allies.tga
cp -p pak/models/multiplayer/bomb/bomb.md3 build.linux64-release/pak/models/multiplayer/bomb/bomb.md3
cp -p pak/models/multiplayer/bomb/v_bomb.md3 build.linux64-release/pak/models/multiplayer/bomb/v_bomb.md3
cp -p pak/models/multiplayer/bomb/bomb.tga build.linux64-release/pak/models/multiplayer/bomb/bomb.tga
cp -p pak/models/multiplayer/molotov/molotov.tga build.linux64-release/pak/models/multiplayer/molotov/molotov.tga
cp -p pak/models/multiplayer/molotov/icon.tga build.linux64-release/pak/models/multiplayer/molotov/icon.tga
cp -p pak/models/multiplayer/molotov/v_molotov.md3 build.linux64-release/pak/models/multiplayer/molotov/v_molotov.md3
cp -p pak/models/multiplayer/molotov/fluid.tga build.linux64-release/pak/models/multiplayer/molotov/fluid.tga
cp -p pak/models/multiplayer/molotov/molotov.md3 build.linux64-release/pak/models/multiplayer/molotov/molotov.md3
cp -p pak/models/multiplayer/molotov/weapon.cfg build.linux64-release/pak/models/multiplayer/molotov/weapon.cfg
cp -p pak/models/multiplayer/molotov/smine.tga build.linux64-release/pak/models/multiplayer/molotov/smine.tga
cp -p pak/models/multiplayer/landmine_pgas/landmine_3rd.skin build.linux64-release/pak/models/multiplayer/landmine_pgas/landmine_3rd.skin
cp -p pak/models/multiplayer/landmine_pgas/landmine_1st.skin build.linux64-release/pak/models/multiplayer/landmine_pgas/landmine_1st.skin
cp -p pak/models/multiplayer/landmine_pgas/icon.tga build.linux64-release/pak/models/multiplayer/landmine_pgas/icon.tga
cp -p pak/models/multiplayer/landmine_pgas/marker_axis.jpg build.linux64-release/pak/models/multiplayer/landmine_pgas/marker_axis.jpg
cp -p pak/models/multiplayer/landmine_pgas/marker_axis.skin build.linux64-release/pak/models/multiplayer/landmine_pgas/marker_axis.skin
cp -p pak/models/multiplayer/landmine_pgas/marker_allies.jpg build.linux64-release/pak/models/multiplayer/landmine_pgas/marker_allies.jpg
cp -p pak/models/multiplayer/landmine_pgas/marker_allies.skin build.linux64-release/pak/models/multiplayer/landmine_pgas/marker_allies.skin
cp -p pak/models/multiplayer/landmine_pgas/landmine.jpg build.linux64-release/pak/models/multiplayer/landmine_pgas/landmine.jpg
cp -p pak/models/multiplayer/poison/fluid.tga build.linux64-release/pak/models/multiplayer/poison/fluid.tga
cp -p pak/models/polygons/cubeCO.md3 build.linux64-release/pak/models/polygons/cubeCO.md3
cp -p pak/models/polygons/cubeFO.md3 build.linux64-release/pak/models/polygons/cubeFO.md3
cp -p pak/models/polygons/cubeOO.md3 build.linux64-release/pak/models/polygons/cubeOO.md3
cp -p pak/models/players/temperate/common/undressed.mdm build.linux64-release/pak/models/players/temperate/common/undressed.mdm
cp -p pak/models/weapons2/shells/shotgun.md3 build.linux64-release/pak/models/weapons2/shells/shotgun.md3
cp -p pak/models/weapons2/tripmine/trip_grip.jpg build.linux64-release/pak/models/weapons2/tripmine/trip_grip.jpg
cp -p pak/models/weapons2/tripmine/etpub_tripmine.jpg build.linux64-release/pak/models/weapons2/tripmine/etpub_tripmine.jpg
cp -p pak/models/weapons2/ppsh/ppsh_stand.mdc build.linux64-release/pak/models/weapons2/ppsh/ppsh_stand.mdc
cp -p pak/models/weapons2/ppsh/metal2.jpg build.linux64-release/pak/models/weapons2/ppsh/metal2.jpg
cp -p pak/models/weapons2/ppsh/ppsh_flash.mdc build.linux64-release/pak/models/weapons2/ppsh/ppsh_flash.mdc
cp -p pak/models/weapons2/ppsh/metal7.jpg build.linux64-release/pak/models/weapons2/ppsh/metal7.jpg
cp -p pak/models/weapons2/ppsh/wood.jpg build.linux64-release/pak/models/weapons2/ppsh/wood.jpg
cp -p pak/models/weapons2/ppsh/metal3.jpg build.linux64-release/pak/models/weapons2/ppsh/metal3.jpg
cp -p pak/models/weapons2/ppsh/metal1.jpg build.linux64-release/pak/models/weapons2/ppsh/metal1.jpg
cp -p pak/models/weapons2/ppsh/barrel2.jpg build.linux64-release/pak/models/weapons2/ppsh/barrel2.jpg
cp -p pak/models/weapons2/ppsh/v_ppsh.md3 build.linux64-release/pak/models/weapons2/ppsh/v_ppsh.md3
cp -p pak/models/weapons2/ppsh/metal6.jpg build.linux64-release/pak/models/weapons2/ppsh/metal6.jpg
cp -p pak/models/weapons2/ppsh/weapon.cfg build.linux64-release/pak/models/weapons2/ppsh/weapon.cfg
cp -p pak/models/weapons2/ppsh/v_ppsh_flash.mdc build.linux64-release/pak/models/weapons2/ppsh/v_ppsh_flash.mdc
cp -p pak/models/weapons2/ppsh/v_ppsh_hand.mdc build.linux64-release/pak/models/weapons2/ppsh/v_ppsh_hand.mdc
cp -p pak/models/weapons2/ppsh/metal5.jpg build.linux64-release/pak/models/weapons2/ppsh/metal5.jpg
cp -p pak/models/weapons2/ppsh/metal4.jpg build.linux64-release/pak/models/weapons2/ppsh/metal4.jpg
cp -p pak/models/weapons2/ppsh/ppsh_3rd.md3 build.linux64-release/pak/models/weapons2/ppsh/ppsh_3rd.md3
cp -p pak/models/weapons2/ppsh/v_ppsh_barrel2.md3 build.linux64-release/pak/models/weapons2/ppsh/v_ppsh_barrel2.md3
cp -p pak/models/weapons2/ppsh/v_ppsh_barrel3.mdc build.linux64-release/pak/models/weapons2/ppsh/v_ppsh_barrel3.mdc
cp -p pak/models/weapons2/ppsh/metal8.jpg build.linux64-release/pak/models/weapons2/ppsh/metal8.jpg
cp -p pak/models/weapons2/sten/weapon.cfg build.linux64-release/pak/models/weapons2/sten/weapon.cfg
cp -p pak/models/weapons2/m97/card.tga build.linux64-release/pak/models/weapons2/m97/card.tga
cp -p pak/models/weapons2/m97/v_m97_shell2.md3 build.linux64-release/pak/models/weapons2/m97/v_m97_shell2.md3
cp -p pak/models/weapons2/m97/shotgunBarrel.tga build.linux64-release/pak/models/weapons2/m97/shotgunBarrel.tga
cp -p pak/models/weapons2/m97/m97_3rd.md3 build.linux64-release/pak/models/weapons2/m97/m97_3rd.md3
cp -p pak/models/weapons2/m97/icon.tga build.linux64-release/pak/models/weapons2/m97/icon.tga
cp -p pak/models/weapons2/m97/v_M97_barrel.md3 build.linux64-release/pak/models/weapons2/m97/v_M97_barrel.md3
cp -p pak/models/weapons2/m97/m97_allied.skin build.linux64-release/pak/models/weapons2/m97/m97_allied.skin
cp -p pak/models/weapons2/m97/weapon.cfg build.linux64-release/pak/models/weapons2/m97/weapon.cfg
cp -p pak/models/weapons2/m97/v_m97_sleeve.md3 build.linux64-release/pak/models/weapons2/m97/v_m97_sleeve.md3
cp -p pak/models/weapons2/m97/m97_axis.skin build.linux64-release/pak/models/weapons2/m97/m97_axis.skin
cp -p pak/models/weapons2/m97/v_m97_shell.md3 build.linux64-release/pak/models/weapons2/m97/v_m97_shell.md3
cp -p pak/models/weapons2/m97/m97_pickup.md3 build.linux64-release/pak/models/weapons2/m97/m97_pickup.md3
cp -p pak/models/weapons2/m97/v_m97_larm.md3 build.linux64-release/pak/models/weapons2/m97/v_m97_larm.md3
cp -p pak/models/weapons2/m97/v_m97_bolt.md3 build.linux64-release/pak/models/weapons2/m97/v_m97_bolt.md3
cp -p pak/models/weapons2/m97/v_m97_slide.md3 build.linux64-release/pak/models/weapons2/m97/v_m97_slide.md3
cp -p pak/models/weapons2/m97/shotgunStock.tga build.linux64-release/pak/models/weapons2/m97/shotgunStock.tga
cp -p pak/models/weapons2/m97/v_m97.md3 build.linux64-release/pak/models/weapons2/m97/v_m97.md3
cp -p pak/models/weapons2/m97/v_m97_carrier.md3 build.linux64-release/pak/models/weapons2/m97/v_m97_carrier.md3
cp -p pak/models/weapons2/m97/v_m97_hammer.md3 build.linux64-release/pak/models/weapons2/m97/v_m97_hammer.md3
cp -p pak/models/weapons2/m97/v_m97_hand.md3 build.linux64-release/pak/models/weapons2/m97/v_m97_hand.md3
cp -p pak/scripts/hitmodel.shader build.linux64-release/pak/scripts/hitmodel.shader
cp -p pak/scripts/xmod.shader build.linux64-release/pak/scripts/xmod.shader
cp -p pak/scripts/molotov.shader build.linux64-release/pak/scripts/molotov.shader
cp -p pak/scripts/ppsh.shader build.linux64-release/pak/scripts/ppsh.shader
cp -p pak/scripts/cm.shader build.linux64-release/pak/scripts/cm.shader
cp -p pak/scripts/m97.shader build.linux64-release/pak/scripts/m97.shader
cp -p pak/scripts/models_multiplayer.shader build.linux64-release/pak/scripts/models_multiplayer.shader
cp -p pak/scripts/bulletmodel.shader build.linux64-release/pak/scripts/bulletmodel.shader
cp -p pak/maps/radar_loc.dat build.linux64-release/pak/maps/radar_loc.dat
cp -p pak/maps/railgun_loc.dat build.linux64-release/pak/maps/railgun_loc.dat
cp -p pak/maps/battery_loc.dat build.linux64-release/pak/maps/battery_loc.dat
cp -p pak/maps/goldrush_loc.dat build.linux64-release/pak/maps/goldrush_loc.dat
cp -p pak/maps/oasis_loc.dat build.linux64-release/pak/maps/oasis_loc.dat
cp -p pak/maps/fueldump_loc.dat build.linux64-release/pak/maps/fueldump_loc.dat
cp -p build.linux64-release/cgame/cgame.mp.x86_64.so build.linux64-release/pak/cgame.mp.x86_64.so
cp -p build.linux64-release/ui/ui.mp.x86_64.so build.linux64-release/pak/ui.mp.x86_64.so
cp -p pkg/jxac/jxac_cvarscan.cfg build.linux64-release/xmod-2.0.2/jxac/jxac_cvarscan.cfg
cp -p pkg/jxac/jxac_cheats.cfg build.linux64-release/xmod-2.0.2/jxac/jxac_cheats.cfg
cp -p pkg/jxac/jxac_forcecvar.cfg build.linux64-release/xmod-2.0.2/jxac/jxac_forcecvar.cfg
cp -p pkg/commands.db.sample build.linux64-release/xmod-2.0.2/commands.db.sample
cp -p pkg/mapscripts/railgun.script build.linux64-release/xmod-2.0.2/mapscripts/railgun.script
cp -p pkg/mapscripts/fueldump_lms.script build.linux64-release/xmod-2.0.2/mapscripts/fueldump_lms.script
cp -p pkg/mapscripts/goldrush.script build.linux64-release/xmod-2.0.2/mapscripts/goldrush.script
cp -p pkg/mapscripts/fueldump.script build.linux64-release/xmod-2.0.2/mapscripts/fueldump.script
cp -p pkg/mapscripts/radar.script build.linux64-release/xmod-2.0.2/mapscripts/radar.script
cp -p pkg/mapscripts/railgun_lms.script build.linux64-release/xmod-2.0.2/mapscripts/railgun_lms.script
cp -p pkg/mapscripts/oasis.script build.linux64-release/xmod-2.0.2/mapscripts/oasis.script
cp -p pkg/mapscripts/oasis_lms.script build.linux64-release/xmod-2.0.2/mapscripts/oasis_lms.script
cp -p pkg/mapscripts/battery.script build.linux64-release/xmod-2.0.2/mapscripts/battery.script
m4 -I ./build.linux64-release/m4 pkg/README.txt.m4 > build.linux64-release/xmod-2.0.2/README.txt
m4 -I ./build.linux64-release/m4 pkg/server.cfg.m4 > build.linux64-release/xmod-2.0.2/server.cfg
chmod --reference=pkg/README.txt.m4 build.linux64-release/xmod-2.0.2/README.txt
chmod --reference=pkg/server.cfg.m4 build.linux64-release/xmod-2.0.2/server.cfg
m4 -I ./build.linux64-release/m4 pkg/linux/serverctl.m4 > build.linux64-release/xmod-2.0.2/linux/serverctl
m4 -I ./build.linux64-release/m4 pkg/linux/convert_shrub.m4 > build.linux64-release/xmod-2.0.2/linux/convert_shrub
chmod --reference=pkg/linux/serverctl.m4 build.linux64-release/xmod-2.0.2/linux/serverctl
chmod --reference=pkg/linux/convert_shrub.m4 build.linux64-release/xmod-2.0.2/linux/convert_shrub
m4 -I ./build.linux64-release/m4 pkg/xmod.cfg.m4 > build.linux64-release/xmod-2.0.2/xmod.cfg
chmod --reference=pkg/xmod.cfg.m4 build.linux64-release/xmod-2.0.2/xmod.cfg
=== CREATING: build.linux64-release/xmod-2.0.2/xmod-2.0.2.pk3
(cd ./build.linux64-release/pak/ && zip -qr - *) > build.linux64-release/xmod-2.0.2/xmod-2.0.2.pk3
=== CREATING: build.linux64-release/xmod-2.0.2.tar.gz
cp -p ./build.linux64-release/game/qagame.mp.x86_64.so ./build.linux64-release/xmod-2.0.2/
tar czf build.linux64-release/xmod-2.0.2.tar.gz -C build.linux64-release/ xmod-2.0.2
